Archive member included to satisfy reference by file (symbol)

c:/program files (x86)/atmel/studio/7.0/toolchain/arm/arm-gnu-toolchain/bin/../lib/gcc/arm-none-eabi/6.3.1/../../../../arm-none-eabi/lib/thumb/v7e-m\libc.a(lib_a-exit.o)
                              c:/program files (x86)/atmel/studio/7.0/toolchain/arm/arm-gnu-toolchain/bin/../lib/gcc/arm-none-eabi/6.3.1/../../../../arm-none-eabi/lib/thumb/v7e-m/crt0.o (exit)
c:/program files (x86)/atmel/studio/7.0/toolchain/arm/arm-gnu-toolchain/bin/../lib/gcc/arm-none-eabi/6.3.1/../../../../arm-none-eabi/lib/thumb/v7e-m\libc.a(lib_a-impure.o)
                              c:/program files (x86)/atmel/studio/7.0/toolchain/arm/arm-gnu-toolchain/bin/../lib/gcc/arm-none-eabi/6.3.1/../../../../arm-none-eabi/lib/thumb/v7e-m\libc.a(lib_a-exit.o) (_global_impure_ptr)
c:/program files (x86)/atmel/studio/7.0/toolchain/arm/arm-gnu-toolchain/bin/../lib/gcc/arm-none-eabi/6.3.1/../../../../arm-none-eabi/lib/thumb/v7e-m\libc.a(lib_a-init.o)
                              c:/program files (x86)/atmel/studio/7.0/toolchain/arm/arm-gnu-toolchain/bin/../lib/gcc/arm-none-eabi/6.3.1/../../../../arm-none-eabi/lib/thumb/v7e-m/crt0.o (__libc_init_array)
c:/program files (x86)/atmel/studio/7.0/toolchain/arm/arm-gnu-toolchain/bin/../lib/gcc/arm-none-eabi/6.3.1/../../../../arm-none-eabi/lib/thumb/v7e-m\libc.a(lib_a-memset.o)
                              c:/program files (x86)/atmel/studio/7.0/toolchain/arm/arm-gnu-toolchain/bin/../lib/gcc/arm-none-eabi/6.3.1/../../../../arm-none-eabi/lib/thumb/v7e-m/crt0.o (memset)
c:/program files (x86)/atmel/studio/7.0/toolchain/arm/arm-gnu-toolchain/bin/../lib/gcc/arm-none-eabi/6.3.1/../../../../arm-none-eabi/lib/thumb/v7e-m\libc.a(lib_a-sprintf.o)
                              src/wifi.o (sprintf)
c:/program files (x86)/atmel/studio/7.0/toolchain/arm/arm-gnu-toolchain/bin/../lib/gcc/arm-none-eabi/6.3.1/../../../../arm-none-eabi/lib/thumb/v7e-m\libc.a(lib_a-strstr.o)
                              src/wifi.o (strstr)
c:/program files (x86)/atmel/studio/7.0/toolchain/arm/arm-gnu-toolchain/bin/../lib/gcc/arm-none-eabi/6.3.1/../../../../arm-none-eabi/lib/thumb/v7e-m\libc.a(lib_a-svfprintf.o)
                              c:/program files (x86)/atmel/studio/7.0/toolchain/arm/arm-gnu-toolchain/bin/../lib/gcc/arm-none-eabi/6.3.1/../../../../arm-none-eabi/lib/thumb/v7e-m\libc.a(lib_a-sprintf.o) (_svfprintf_r)
c:/program files (x86)/atmel/studio/7.0/toolchain/arm/arm-gnu-toolchain/bin/../lib/gcc/arm-none-eabi/6.3.1/../../../../arm-none-eabi/lib/thumb/v7e-m\libc.a(lib_a-__call_atexit.o)
                              c:/program files (x86)/atmel/studio/7.0/toolchain/arm/arm-gnu-toolchain/bin/../lib/gcc/arm-none-eabi/6.3.1/../../../../arm-none-eabi/lib/thumb/v7e-m\libc.a(lib_a-exit.o) (__call_exitprocs)
c:/program files (x86)/atmel/studio/7.0/toolchain/arm/arm-gnu-toolchain/bin/../lib/gcc/arm-none-eabi/6.3.1/../../../../arm-none-eabi/lib/thumb/v7e-m\libc.a(lib_a-atexit.o)
                              c:/program files (x86)/atmel/studio/7.0/toolchain/arm/arm-gnu-toolchain/bin/../lib/gcc/arm-none-eabi/6.3.1/../../../../arm-none-eabi/lib/thumb/v7e-m\libc.a(lib_a-__call_atexit.o) (atexit)
c:/program files (x86)/atmel/studio/7.0/toolchain/arm/arm-gnu-toolchain/bin/../lib/gcc/arm-none-eabi/6.3.1/../../../../arm-none-eabi/lib/thumb/v7e-m\libc.a(lib_a-dtoa.o)
                              c:/program files (x86)/atmel/studio/7.0/toolchain/arm/arm-gnu-toolchain/bin/../lib/gcc/arm-none-eabi/6.3.1/../../../../arm-none-eabi/lib/thumb/v7e-m\libc.a(lib_a-svfprintf.o) (_dtoa_r)
c:/program files (x86)/atmel/studio/7.0/toolchain/arm/arm-gnu-toolchain/bin/../lib/gcc/arm-none-eabi/6.3.1/../../../../arm-none-eabi/lib/thumb/v7e-m\libc.a(lib_a-fini.o)
                              c:/program files (x86)/atmel/studio/7.0/toolchain/arm/arm-gnu-toolchain/bin/../lib/gcc/arm-none-eabi/6.3.1/../../../../arm-none-eabi/lib/thumb/v7e-m\libc.a(lib_a-__call_atexit.o) (__libc_fini_array)
c:/program files (x86)/atmel/studio/7.0/toolchain/arm/arm-gnu-toolchain/bin/../lib/gcc/arm-none-eabi/6.3.1/../../../../arm-none-eabi/lib/thumb/v7e-m\libc.a(lib_a-localeconv.o)
                              c:/program files (x86)/atmel/studio/7.0/toolchain/arm/arm-gnu-toolchain/bin/../lib/gcc/arm-none-eabi/6.3.1/../../../../arm-none-eabi/lib/thumb/v7e-m\libc.a(lib_a-svfprintf.o) (_localeconv_r)
c:/program files (x86)/atmel/studio/7.0/toolchain/arm/arm-gnu-toolchain/bin/../lib/gcc/arm-none-eabi/6.3.1/../../../../arm-none-eabi/lib/thumb/v7e-m\libc.a(lib_a-lock.o)
                              c:/program files (x86)/atmel/studio/7.0/toolchain/arm/arm-gnu-toolchain/bin/../lib/gcc/arm-none-eabi/6.3.1/../../../../arm-none-eabi/lib/thumb/v7e-m\libc.a(lib_a-__call_atexit.o) (__retarget_lock_acquire_recursive)
c:/program files (x86)/atmel/studio/7.0/toolchain/arm/arm-gnu-toolchain/bin/../lib/gcc/arm-none-eabi/6.3.1/../../../../arm-none-eabi/lib/thumb/v7e-m\libc.a(lib_a-mallocr.o)
[...]
Memory Configuration

Name             Origin             Length             Attributes
rom              0x00400000         0x00080000         xr
ram              0x20000000         0x00020000         xrw
*default*        0x00000000         0xffffffff

Linker script and memory map

LOAD c:/program files (x86)/atmel/studio/7.0/toolchain/arm/arm-gnu-toolchain/bin/../lib/gcc/arm-none-eabi/6.3.1/thumb/v7e-m/crti.o
LOAD c:/program files (x86)/atmel/studio/7.0/toolchain/arm/arm-gnu-toolchain/bin/../lib/gcc/arm-none-eabi/6.3.1/thumb/v7e-m/crtbegin.o
LOAD c:/program files (x86)/atmel/studio/7.0/toolchain/arm/arm-gnu-toolchain/bin/../lib/gcc/arm-none-eabi/6.3.1/../../../../arm-none-eabi/lib/thumb/v7e-m/crt0.o
LOAD src/ASF/common/services/serial/usart_serial.o
LOAD src/ASF/common/utils/stdio/read.o
LOAD src/ASF/common/utils/stdio/write.o
LOAD src/ASF/sam/drivers/pdc/pdc.o
LOAD src/ASF/sam/drivers/spi/spi.o
LOAD src/ASF/sam/drivers/uart/uart.o
LOAD src/ASF/sam/drivers/usart/usart.o
LOAD src/ASF/sam/drivers/wdt/wdt.o
LOAD src/camera.o
LOAD src/wifi.o
LOAD src/ASF/common/services/delay/sam/cycle_counter.o
LOAD src/ASF/sam/drivers/pio/pio.o
LOAD src/ASF/sam/drivers/pio/pio_handler.o
LOAD src/ASF/sam/drivers/tc/tc.o
LOAD src/ASF/sam/drivers/twi/twi.o
LOAD src/ov2640.o
LOAD src/ov2640_table_registers.o
LOAD src/timer_interface.o
LOAD src/ASF/common/services/clock/sam4s/sysclk.o
LOAD src/ASF/sam/drivers/pmc/pmc.o
LOAD src/ASF/sam/drivers/pmc/sleep.o
LOAD src/ASF/common/boards/user_board/init.o
LOAD src/ASF/common/utils/interrupt/interrupt_sam_nvic.o
LOAD src/ASF/sam/utils/cmsis/sam4s/source/templates/gcc/startup_sam4s.o
LOAD src/ASF/sam/utils/cmsis/sam4s/source/templates/system_sam4s.o
LOAD src/ASF/sam/utils/syscalls/gcc/syscalls.o
LOAD src/main.o
START GROUP
LOAD ../src/ASF/thirdparty/CMSIS/Lib/GCC\libarm_cortexM4l_math.a
LOAD c:/program files (x86)/atmel/studio/7.0/toolchain/arm/arm-gnu-toolchain/bin/../lib/gcc/arm-none-eabi/6.3.1/../../../../arm-none-eabi/lib/thumb/v7e-m\libm.a
END GROUP
START GROUP
LOAD c:/program files (x86)/atmel/studio/7.0/toolchain/arm/arm-gnu-toolchain/bin/../lib/gcc/arm-none-eabi/6.3.1/thumb/v7e-m\libgcc.a
LOAD c:/program files (x86)/atmel/studio/7.0/toolchain/arm/arm-gnu-toolchain/bin/../lib/gcc/arm-none-eabi/6.3.1/../../../../arm-none-eabi/lib/thumb/v7e-m\libc.a
END GROUP
LOAD c:/program files (x86)/atmel/studio/7.0/toolchain/arm/arm-gnu-toolchain/bin/../lib/gcc/arm-none-eabi/6.3.1/thumb/v7e-m/crtend.o
LOAD c:/program files (x86)/atmel/studio/7.0/toolchain/arm/arm-gnu-toolchain/bin/../lib/gcc/arm-none-eabi/6.3.1/thumb/v7e-m/crtn.o
                0x00003000                __stack_size__ = DEFINED (__stack_size__)?__stack_size__:0x3000
                0x2001fffc                __ram_end__ = ((ORIGIN (ram) + LENGTH (ram)) - 0x4)

.text           0x00400000     0x78a4
                0x00400000                . = ALIGN (0x4)
                0x00400000                _sfixed = .
 *(.vectors .vectors.*)
 .vectors       0x00400000       0xcc src/ASF/sam/utils/cmsis/sam4s/source/templates/gcc/startup_sam4s.o
                0x00400000                exception_table
 *(.text .text.* .gnu.linkonce.t.*)
 .text          0x004000cc       0x6c c:/program files (x86)/atmel/studio/7.0/toolchain/arm/arm-gnu-toolchain/bin/../lib/gcc/arm-none-eabi/6.3.1/thumb/v7e-m/crtbegin.o
 .text.spi_enable_clock
                0x00400138       0x10 src/ASF/sam/drivers/spi/spi.o
                0x00400138                spi_enable_clock
 .text.spi_set_peripheral_chip_select_value
                0x00400148       0x16 src/ASF/sam/drivers/spi/spi.o
                0x00400148                spi_set_peripheral_chip_select_value
 .text.spi_read
                0x0040015e       0x2e src/ASF/sam/drivers/spi/spi.o
                0x0040015e                spi_read
 .text.spi_write
                0x0040018c       0x34 src/ASF/sam/drivers/spi/spi.o
                0x0040018c                spi_write
 .text.spi_set_clock_polarity
                0x004001c0       0x1e src/ASF/sam/drivers/spi/spi.o
                0x004001c0                spi_set_clock_polarity
 .text.spi_set_clock_phase
                0x004001de       0x1e src/ASF/sam/drivers/spi/spi.o
                0x004001de                spi_set_clock_phase
 .text.spi_set_bits_per_transfer
                0x004001fc       0x14 src/ASF/sam/drivers/spi/spi.o
                0x004001fc                spi_set_bits_per_transfer
 .text.usart_set_async_baudrate
                0x00400210       0x58 src/ASF/sam/drivers/usart/usart.o
                0x00400210                usart_set_async_baudrate
 .text.usart_reset
                0x00400268       0x30 src/ASF/sam/drivers/usart/usart.o
                0x00400268                usart_reset
 .text.usart_init_rs232
                0x00400298       0x54 src/ASF/sam/drivers/usart/usart.o
                0x00400298                usart_init_rs232
 .text.usart_enable_tx
                0x004002ec        0x6 src/ASF/sam/drivers/usart/usart.o
                0x004002ec                usart_enable_tx
 .text.usart_enable_rx
                0x004002f2        0x6 src/ASF/sam/drivers/usart/usart.o
                0x004002f2                usart_enable_rx
 .text.usart_enable_interrupt
                0x004002f8        0x4 src/ASF/sam/drivers/usart/usart.o
                0x004002f8                usart_enable_interrupt
 .text.usart_disable_interrupt
                0x004002fc        0x4 src/ASF/sam/drivers/usart/usart.o
                0x004002fc                usart_disable_interrupt
 .text.usart_get_status
                0x00400300        0x4 src/ASF/sam/drivers/usart/usart.o
                0x00400300                usart_get_status
 .text.usart_putchar
                0x00400304       0x12 src/ASF/sam/drivers/usart/usart.o
                0x00400304                usart_putchar
 *fill*         0x00400316        0x2 
 .text.usart_write_line
                0x00400318       0x20 src/ASF/sam/drivers/usart/usart.o
                0x00400318                usart_write_line
 .text.usart_read
                0x00400338       0x18 src/ASF/sam/drivers/usart/usart.o
                0x00400338                usart_read
 .text.wdt_disable
                0x00400350        0x8 src/ASF/sam/drivers/wdt/wdt.o
                0x00400350                wdt_disable
 .text.vsync_handler
                0x00400358        0xc src/camera.o
 .text.configure_twi
                0x00400364       0x6c src/camera.o
                0x00400364                configure_twi
 .text.configure_camera
                0x004003d0       0x28 src/camera.o
                0x004003d0                configure_camera
 .text.init_camera
                0x004003f8      0x138 src/camera.o
                0x004003f8                init_camera
 .text.find_image_len
                0x00400530       0x8c src/camera.o
                0x00400530                find_image_len
 .text.start_capture
                0x004005bc       0xa8 src/camera.o
                0x004005bc                start_capture
 .text.wifi_provision_handler
                0x00400664        0xc src/wifi.o
                0x00400664                wifi_provision_handler
 .text.process_incoming_byte_wifi
                0x00400670       0x18 src/wifi.o
                0x00400670                process_incoming_byte_wifi
 .text.USART0_Handler
                0x00400688       0x44 src/wifi.o
                0x00400688                USART0_Handler
 .text.process_data_wifi
                0x004006cc       0x24 src/wifi.o
                0x004006cc                process_data_wifi
 .text.wifi_command_response_handler
                0x004006f0       0x34 src/wifi.o
                0x004006f0                wifi_command_response_handler
 .text.configure_wifi_provision_pin
                0x00400724       0x5c src/wifi.o
                0x00400724                configure_wifi_provision_pin
 .text.configure_wifi_comm_pin
                0x00400780       0x4c src/wifi.o
                0x00400780                configure_wifi_comm_pin
 .text.SPI_Handler
                0x004007cc       0x6c src/wifi.o
                0x004007cc                SPI_Handler
 .text.configure_usart_wifi
                0x00400838       0x9c src/wifi.o
                0x00400838                configure_usart_wifi
 .text.configure_spi
                0x004008d4       0x4c src/wifi.o
                0x004008d4                configure_spi
 .text.spi_peripheral_initialize
                0x00400920       0x68 src/wifi.o
                0x00400920                spi_peripheral_initialize
 .text.prepare_spi_transfer
                0x00400988       0x24 src/wifi.o
                0x00400988                prepare_spi_transfer
 .text.write_wifi_command
                0x004009ac       0x3c src/wifi.o
                0x004009ac                write_wifi_command
 .text.write_image_to_web
                0x004009e8       0x40 src/wifi.o
                0x004009e8                write_image_to_web
 .text.pio_set_debounce_filter
                0x00400a28       0x1a src/ASF/sam/drivers/pio/pio.o
                0x00400a28                pio_set_debounce_filter
 .text.pio_set_peripheral
                0x00400a42       0x90 src/ASF/sam/drivers/pio/pio.o
                0x00400a42                pio_set_peripheral
 .text.pio_set_input
                0x00400ad2       0x32 src/ASF/sam/drivers/pio/pio.o
                0x00400ad2                pio_set_input
 .text.pio_set_output
                0x00400b04       0x26 src/ASF/sam/drivers/pio/pio.o
                0x00400b04                pio_set_output
 .text.pio_configure_interrupt
                0x00400b2a       0x2e src/ASF/sam/drivers/pio/pio.o
                0x00400b2a                pio_configure_interrupt
 .text.pio_enable_interrupt
                0x00400b58        0x4 src/ASF/sam/drivers/pio/pio.o
                0x00400b58                pio_enable_interrupt
 .text.pio_disable_interrupt
                0x00400b5c        0x4 src/ASF/sam/drivers/pio/pio.o
                0x00400b5c                pio_disable_interrupt
 .text.pio_get_interrupt_status
                0x00400b60        0x4 src/ASF/sam/drivers/pio/pio.o
                0x00400b60                pio_get_interrupt_status
 .text.pio_get_interrupt_mask
                0x00400b64        0x4 src/ASF/sam/drivers/pio/pio.o
                0x00400b64                pio_get_interrupt_mask
 .text.pio_configure_pin
                0x00400b68      0x120 src/ASF/sam/drivers/pio/pio.o
                0x00400b68                pio_configure_pin
 .text.pio_capture_enable
                0x00400c88       0x18 src/ASF/sam/drivers/pio/pio.o
                0x00400c88                pio_capture_enable
 .text.pio_capture_disable
                0x00400ca0       0x18 src/ASF/sam/drivers/pio/pio.o
                0x00400ca0                pio_capture_disable
 .text.pio_handler_process
                0x00400cb8       0x68 src/ASF/sam/drivers/pio/pio_handler.o
                0x00400cb8                pio_handler_process
 .text.pio_handler_set
                0x00400d20       0x70 src/ASF/sam/drivers/pio/pio_handler.o
                0x00400d20                pio_handler_set
 .text.PIOA_Handler
                0x00400d90       0x14 src/ASF/sam/drivers/pio/pio_handler.o
                0x00400d90                PIOA_Handler
 .text.PIOB_Handler
                0x00400da4       0x14 src/ASF/sam/drivers/pio/pio_handler.o
                0x00400da4                PIOB_Handler
 .text.tc_init  0x00400db8       0x18 src/ASF/sam/drivers/tc/tc.o
                0x00400db8                tc_init
 .text.tc_start
                0x00400dd0        0x8 src/ASF/sam/drivers/tc/tc.o
                0x00400dd0                tc_start
 .text.tc_write_rc
                0x00400dd8        0x8 src/ASF/sam/drivers/tc/tc.o
                0x00400dd8                tc_write_rc
 .text.tc_enable_interrupt
                0x00400de0        0x8 src/ASF/sam/drivers/tc/tc.o
                0x00400de0                tc_enable_interrupt
 .text.tc_get_status
                0x00400de8        0x8 src/ASF/sam/drivers/tc/tc.o
                0x00400de8                tc_get_status
 .text.tc_find_mck_divisor
                0x00400df0       0x70 src/ASF/sam/drivers/tc/tc.o
                0x00400df0                tc_find_mck_divisor
 .text.twi_set_speed
                0x00400e60       0xb8 src/ASF/sam/drivers/twi/twi.o
                0x00400e60                twi_set_speed
 .text.twi_master_init
                0x00400f18       0x40 src/ASF/sam/drivers/twi/twi.o
                0x00400f18                twi_master_init
 .text.twi_mk_addr
                0x00400f58       0x22 src/ASF/sam/drivers/twi/twi.o
                0x00400f58                twi_mk_addr
 *fill*         0x00400f7a        0x2 
 .text.twi_master_read
                0x00400f7c       0xc0 src/ASF/sam/drivers/twi/twi.o
                0x00400f7c                twi_master_read
 .text.twi_master_write
                0x0040103c       0x88 src/ASF/sam/drivers/twi/twi.o
                0x0040103c                twi_master_write
 .text.ov_read_reg
                0x004010c4        0xc src/ov2640.o
                0x004010c4                ov_read_reg
 .text.ov_write_reg
                0x004010d0        0xc src/ov2640.o
                0x004010d0                ov_write_reg
 .text.ov_write_regs
                0x004010dc       0x5c src/ov2640.o
                0x004010dc                ov_write_regs
 .text.ov_init  0x00401138      0x13c src/ov2640.o
                0x00401138                ov_init
 .text.ov_configure
                0x00401274       0xbc src/ov2640.o
                0x00401274                ov_configure
 .text.TC0_Handler
                0x00401330       0x28 src/timer_interface.o
                0x00401330                TC0_Handler
 .text.configure_tc
                0x00401358       0x7c src/timer_interface.o
                0x00401358                configure_tc
 .text.sysclk_init
                0x004013d4       0x64 src/ASF/common/services/clock/sam4s/sysclk.o
                0x004013d4                sysclk_init
 .text.pmc_switch_mck_to_pllack
                0x00401438       0x64 src/ASF/sam/drivers/pmc/pmc.o
                0x00401438                pmc_switch_mck_to_pllack
 .text.pmc_switch_mainck_to_xtal
                0x0040149c       0x54 src/ASF/sam/drivers/pmc/pmc.o
                0x0040149c                pmc_switch_mainck_to_xtal
 .text.pmc_osc_is_ready_mainck
                0x004014f0       0x10 src/ASF/sam/drivers/pmc/pmc.o
                0x004014f0                pmc_osc_is_ready_mainck
 .text.pmc_disable_pllack
                0x00401500       0x10 src/ASF/sam/drivers/pmc/pmc.o
                0x00401500                pmc_disable_pllack
 .text.pmc_is_locked_pllack
                0x00401510       0x10 src/ASF/sam/drivers/pmc/pmc.o
                0x00401510                pmc_is_locked_pllack
 .text.pmc_enable_pllbck
                0x00401520       0x34 src/ASF/sam/drivers/pmc/pmc.o
                0x00401520                pmc_enable_pllbck
 .text.pmc_enable_periph_clk
                0x00401554       0x54 src/ASF/sam/drivers/pmc/pmc.o
                0x00401554                pmc_enable_periph_clk
 .text.board_init
                0x004015a8       0x30 src/ASF/common/boards/user_board/init.o
                0x004015a8                board_init
 .text.Dummy_Handler
                0x004015d8        0x2 src/ASF/sam/utils/cmsis/sam4s/source/templates/gcc/startup_sam4s.o
                0x004015d8                DACC_Handler
                0x004015d8                DebugMon_Handler
                0x004015d8                HardFault_Handler
                0x004015d8                TC2_Handler
                0x004015d8                SysTick_Handler
                0x004015d8                TWI1_Handler
                0x004015d8                PendSV_Handler
                0x004015d8                NMI_Handler
                0x004015d8                ADC_Handler
                0x004015d8                CRCCU_Handler
                0x004015d8                RTT_Handler
                0x004015d8                RTC_Handler
                0x004015d8                UsageFault_Handler
                0x004015d8                WDT_Handler
                0x004015d8                TC1_Handler
                0x004015d8                HSMCI_Handler
                0x004015d8                UART1_Handler
                0x004015d8                Dummy_Handler
                0x004015d8                TWI0_Handler
                0x004015d8                USART1_Handler
                0x004015d8                SSC_Handler
                0x004015d8                EFC0_Handler
                0x004015d8                ACC_Handler
                0x004015d8                PMC_Handler
                0x004015d8                PWM_Handler
                0x004015d8                MemManage_Handler
                0x004015d8                SUPC_Handler
                0x004015d8                SVC_Handler
                0x004015d8                UART0_Handler
                0x004015d8                UDP_Handler
                0x004015d8                BusFault_Handler
                0x004015d8                RSTC_Handler
 *fill*         0x004015da        0x2 
 .text.Reset_Handler
                0x004015dc       0xac src/ASF/sam/utils/cmsis/sam4s/source/templates/gcc/startup_sam4s.o
                0x004015dc                Reset_Handler
 .text.SystemCoreClockUpdate
                0x00401688      0x110 src/ASF/sam/utils/cmsis/sam4s/source/templates/system_sam4s.o
                0x00401688                SystemCoreClockUpdate
 .text.system_init_flash
                0x00401798       0x74 src/ASF/sam/utils/cmsis/sam4s/source/templates/system_sam4s.o
                0x00401798                system_init_flash
 .text._sbrk    0x0040180c       0x38 src/ASF/sam/utils/syscalls/gcc/syscalls.o
                0x0040180c                _sbrk
 .text.main     0x00401844      0x188 src/main.o
                0x00401844                main
 .text.__libc_init_array
                0x004019cc       0x50 c:/program files (x86)/atmel/studio/7.0/toolchain/arm/arm-gnu-toolchain/bin/../lib/gcc/arm-none-eabi/6.3.1/../../../../arm-none-eabi/lib/thumb/v7e-m\libc.a(lib_a-init.o)
                0x004019cc                __libc_init_array
 .text.memset   0x00401a1c       0x9c c:/program files (x86)/atmel/studio/7.0/toolchain/arm/arm-gnu-toolchain/bin/../lib/gcc/arm-none-eabi/6.3.1/../../../../arm-none-eabi/lib/thumb/v7e-m\libc.a(lib_a-memset.o)
                0x00401a1c                memset
 .text.sprintf  0x00401ab8       0x4c c:/program files (x86)/atmel/studio/7.0/toolchain/arm/arm-gnu-toolchain/bin/../lib/gcc/arm-none-eabi/6.3.1/../../../../arm-none-eabi/lib/thumb/v7e-m\libc.a(lib_a-sprintf.o)
                0x00401ab8                sprintf
 .text.critical_factorization
                0x00401b04       0xb4 c:/program files (x86)/atmel/studio/7.0/toolchain/arm/arm-gnu-toolchain/bin/../lib/gcc/arm-none-eabi/6.3.1/../../../../arm-none-eabi/lib/thumb/v7e-m\libc.a(lib_a-strstr.o)
 .text.two_way_long_needle
                0x00401bb8      0x1fc c:/program files (x86)/atmel/studio/7.0/toolchain/arm/arm-gnu-toolchain/bin/../lib/gcc/arm-none-eabi/6.3.1/../../../../arm-none-eabi/lib/thumb/v7e-m\libc.a(lib_a-strstr.o)
 .text.strstr   0x00401db4      0x218 c:/program files (x86)/atmel/studio/7.0/toolchain/arm/arm-gnu-toolchain/bin/../lib/gcc/arm-none-eabi/6.3.1/../../../../arm-none-eabi/lib/thumb/v7e-m\libc.a(lib_a-strstr.o)
                0x00401db4                strstr
 .text._svfprintf_r
                0x00401fcc     0x145c c:/program files (x86)/atmel/studio/7.0/toolchain/arm/arm-gnu-toolchain/bin/../lib/gcc/arm-none-eabi/6.3.1/../../../../arm-none-eabi/lib/thumb/v7e-m\libc.a(lib_a-svfprintf.o)
                0x00401fcc                _svfprintf_r
 .text.startup.register_fini
                0x00403428       0x14 c:/program files (x86)/atmel/studio/7.0/toolchain/arm/arm-gnu-toolchain/bin/../lib/gcc/arm-none-eabi/6.3.1/../../../../arm-none-eabi/lib/thumb/v7e-m\libc.a(lib_a-__call_atexit.o)
 .text.atexit   0x0040343c        0xc c:/program files (x86)/atmel/studio/7.0/toolchain/arm/arm-gnu-toolchain/bin/../lib/gcc/arm-none-eabi/6.3.1/../../../../arm-none-eabi/lib/thumb/v7e-m\libc.a(lib_a-atexit.o)
                0x0040343c                atexit
 .text.quorem   0x00403448      0x128 c:/program files (x86)/atmel/studio/7.0/toolchain/arm/arm-gnu-toolchain/bin/../lib/gcc/arm-none-eabi/6.3.1/../../../../arm-none-eabi/lib/thumb/v7e-m\libc.a(lib_a-dtoa.o)
 .text._dtoa_r  0x00403570      0xe54 c:/program files (x86)/atmel/studio/7.0/toolchain/arm/arm-gnu-toolchain/bin/../lib/gcc/arm-none-eabi/6.3.1/../../../../arm-none-eabi/lib/thumb/v7e-m\libc.a(lib_a-dtoa.o)
                0x00403570                _dtoa_r
 .text.__libc_fini_array
                0x004043c4       0x34 c:/program files (x86)/atmel/studio/7.0/toolchain/arm/arm-gnu-toolchain/bin/../lib/gcc/arm-none-eabi/6.3.1/../../../../arm-none-eabi/lib/thumb/v7e-m\libc.a(lib_a-fini.o)
                0x004043c4                __libc_fini_array
 .text._localeconv_r
                0x004043f8       0x1c c:/program files (x86)/atmel/studio/7.0/toolchain/arm/arm-gnu-toolchain/bin/../lib/gcc/arm-none-eabi/6.3.1/../../../../arm-none-eabi/lib/thumb/v7e-m\libc.a(lib_a-localeconv.o)
                0x004043f8                _localeconv_r
 .text.__retarget_lock_acquire_recursive
                0x00404414        0x4 c:/program files (x86)/atmel/studio/7.0/toolchain/arm/arm-gnu-toolchain/bin/../lib/gcc/arm-none-eabi/6.3.1/../../../../arm-none-eabi/lib/thumb/v7e-m\libc.a(lib_a-lock.o)
                0x00404414                __retarget_lock_acquire_recursive
 .text.__retarget_lock_release_recursive
                0x00404418        0x4 c:/program files (x86)/atmel/studio/7.0/toolchain/arm/arm-gnu-toolchain/bin/../lib/gcc/arm-none-eabi/6.3.1/../../../../arm-none-eabi/lib/thumb/v7e-m\libc.a(lib_a-lock.o)
                0x00404418                __retarget_lock_release_recursive
 .text._malloc_r
                0x0040441c      0x560 c:/program files (x86)/atmel/studio/7.0/toolchain/arm/arm-gnu-toolchain/bin/../lib/gcc/arm-none-eabi/6.3.1/../../../../arm-none-eabi/lib/thumb/v7e-m\libc.a(lib_a-mallocr.o)
                0x0040441c                _malloc_r
 *fill*         0x0040497c        0x4 
 .text          0x00404980       0xa0 c:/program files (x86)/atmel/studio/7.0/toolchain/arm/arm-gnu-toolchain/bin/../lib/gcc/arm-none-eabi/6.3.1/../../../../arm-none-eabi/lib/thumb/v7e-m\libc.a(lib_a-memchr.o)
                0x00404980                memchr
 .text.memcmp   0x00404a20       0x60 c:/program files (x86)/atmel/studio/7.0/toolchain/arm/arm-gnu-toolchain/bin/../lib/gcc/arm-none-eabi/6.3.1/../../../../arm-none-eabi/lib/thumb/v7e-m\libc.a(lib_a-memcmp.o)
                0x00404a20                memcmp
 .text          0x00404a80      0x134 c:/program files (x86)/atmel/studio/7.0/toolchain/arm/arm-gnu-toolchain/bin/../lib/gcc/arm-none-eabi/6.3.1/../../../../arm-none-eabi/lib/thumb/v7e-m\libc.a(lib_a-memcpy.o)
                0x00404a80                memcpy
 .text.__malloc_lock
                0x00404bb4        0xc c:/program files (x86)/atmel/studio/7.0/toolchain/arm/arm-gnu-toolchain/bin/../lib/gcc/arm-none-eabi/6.3.1/../../../../arm-none-eabi/lib/thumb/v7e-m\libc.a(lib_a-mlock.o)
                0x00404bb4                __malloc_lock
 .text.__malloc_unlock
                0x00404bc0        0xc c:/program files (x86)/atmel/studio/7.0/toolchain/arm/arm-gnu-toolchain/bin/../lib/gcc/arm-none-eabi/6.3.1/../../../../arm-none-eabi/lib/thumb/v7e-m\libc.a(lib_a-mlock.o)
                0x00404bc0                __malloc_unlock
 .text._Balloc  0x00404bcc       0x4c c:/program files (x86)/atmel/studio/7.0/toolchain/arm/arm-gnu-toolchain/bin/../lib/gcc/arm-none-eabi/6.3.1/../../../../arm-none-eabi/lib/thumb/v7e-m\libc.a(lib_a-mprec.o)
                0x00404bcc                _Balloc
 .text._Bfree   0x00404c18       0x14 c:/program files (x86)/atmel/studio/7.0/toolchain/arm/arm-gnu-toolchain/bin/../lib/gcc/arm-none-eabi/6.3.1/../../../../arm-none-eabi/lib/thumb/v7e-m\libc.a(lib_a-mprec.o)
                0x00404c18                _Bfree
 .text.__multadd
                0x00404c2c       0x80 c:/program files (x86)/atmel/studio/7.0/toolchain/arm/arm-gnu-toolchain/bin/../lib/gcc/arm-none-eabi/6.3.1/../../../../arm-none-eabi/lib/thumb/v7e-m\libc.a(lib_a-mprec.o)
                0x00404c2c                __multadd
 .text.__hi0bits
                0x00404cac       0x40 c:/program files (x86)/atmel/studio/7.0/toolchain/arm/arm-gnu-toolchain/bin/../lib/gcc/arm-none-eabi/6.3.1/../../../../arm-none-eabi/lib/thumb/v7e-m\libc.a(lib_a-mprec.o)
                0x00404cac                __hi0bits
 .text.__lo0bits
                0x00404cec       0x60 c:/program files (x86)/atmel/studio/7.0/toolchain/arm/arm-gnu-toolchain/bin/../lib/gcc/arm-none-eabi/6.3.1/../../../../arm-none-eabi/lib/thumb/v7e-m\libc.a(lib_a-mprec.o)
                0x00404cec                __lo0bits
 .text.__i2b    0x00404d4c       0x14 c:/program files (x86)/atmel/studio/7.0/toolchain/arm/arm-gnu-toolchain/bin/../lib/gcc/arm-none-eabi/6.3.1/../../../../arm-none-eabi/lib/thumb/v7e-m\libc.a(lib_a-mprec.o)
                0x00404d4c                __i2b
 .text.__multiply
                0x00404d60      0x124 c:/program files (x86)/atmel/studio/7.0/toolchain/arm/arm-gnu-toolchain/bin/../lib/gcc/arm-none-eabi/6.3.1/../../../../arm-none-eabi/lib/thumb/v7e-m\libc.a(lib_a-mprec.o)
                0x00404d60                __multiply
 .text.__pow5mult
                0x00404e84       0xa0 c:/program files (x86)/atmel/studio/7.0/toolchain/arm/arm-gnu-toolchain/bin/../lib/gcc/arm-none-eabi/6.3.1/../../../../arm-none-eabi/lib/thumb/v7e-m\libc.a(lib_a-mprec.o)
                0x00404e84                __pow5mult
 .text.__lshift
                0x00404f24       0xa4 c:/program files (x86)/atmel/studio/7.0/toolchain/arm/arm-gnu-toolchain/bin/../lib/gcc/arm-none-eabi/6.3.1/../../../../arm-none-eabi/lib/thumb/v7e-m\libc.a(lib_a-mprec.o)
                0x00404f24                __lshift
 .text.__mcmp   0x00404fc8       0x38 c:/program files (x86)/atmel/studio/7.0/toolchain/arm/arm-gnu-toolchain/bin/../lib/gcc/arm-none-eabi/6.3.1/../../../../arm-none-eabi/lib/thumb/v7e-m\libc.a(lib_a-mprec.o)
                0x00404fc8                __mcmp
 .text.__mdiff  0x00405000      0x108 c:/program files (x86)/atmel/studio/7.0/toolchain/arm/arm-gnu-toolchain/bin/../lib/gcc/arm-none-eabi/6.3.1/../../../../arm-none-eabi/lib/thumb/v7e-m\libc.a(lib_a-mprec.o)
                0x00405000                __mdiff
 .text.__d2b    0x00405108       0xb8 c:/program files (x86)/atmel/studio/7.0/toolchain/arm/arm-gnu-toolchain/bin/../lib/gcc/arm-none-eabi/6.3.1/../../../../arm-none-eabi/lib/thumb/v7e-m\libc.a(lib_a-mprec.o)
                0x00405108                __d2b
 .text._sbrk_r  0x004051c0       0x24 c:/program files (x86)/atmel/studio/7.0/toolchain/arm/arm-gnu-toolchain/bin/../lib/gcc/arm-none-eabi/6.3.1/../../../../arm-none-eabi/lib/thumb/v7e-m\libc.a(lib_a-sbrkr.o)
                0x004051c0                _sbrk_r
 .text.strchr   0x004051e4       0xe8 c:/program files (x86)/atmel/studio/7.0/toolchain/arm/arm-gnu-toolchain/bin/../lib/gcc/arm-none-eabi/6.3.1/../../../../arm-none-eabi/lib/thumb/v7e-m\libc.a(lib_a-strchr.o)
                0x004051e4                strchr
 *fill*         0x004052cc       0x34 
 .text          0x00405300       0xdc c:/program files (x86)/atmel/studio/7.0/toolchain/arm/arm-gnu-toolchain/bin/../lib/gcc/arm-none-eabi/6.3.1/../../../../arm-none-eabi/lib/thumb/v7e-m\libc.a(lib_a-strlen.o)
                0x00405300                strlen
 .text.__ssprint_r
                0x004053dc       0xfc c:/program files (x86)/atmel/studio/7.0/toolchain/arm/arm-gnu-toolchain/bin/../lib/gcc/arm-none-eabi/6.3.1/../../../../arm-none-eabi/lib/thumb/v7e-m\libc.a(lib_a-svfiprintf.o)
                0x004053dc                __ssprint_r
 .text.__register_exitproc
                0x004054d8       0xc4 c:/program files (x86)/atmel/studio/7.0/toolchain/arm/arm-gnu-toolchain/bin/../lib/gcc/arm-none-eabi/6.3.1/../../../../arm-none-eabi/lib/thumb/v7e-m\libc.a(lib_a-__atexit.o)
                0x004054d8                __register_exitproc
 .text._calloc_r
                0x0040559c       0x60 c:/program files (x86)/atmel/studio/7.0/toolchain/arm/arm-gnu-toolchain/bin/../lib/gcc/arm-none-eabi/6.3.1/../../../../arm-none-eabi/lib/thumb/v7e-m\libc.a(lib_a-callocr.o)
                0x0040559c                _calloc_r
 .text._malloc_trim_r
                0x004055fc       0xa0 c:/program files (x86)/atmel/studio/7.0/toolchain/arm/arm-gnu-toolchain/bin/../lib/gcc/arm-none-eabi/6.3.1/../../../../arm-none-eabi/lib/thumb/v7e-m\libc.a(lib_a-freer.o)
                0x004055fc                _malloc_trim_r
 .text._free_r  0x0040569c      0x1cc c:/program files (x86)/atmel/studio/7.0/toolchain/arm/arm-gnu-toolchain/bin/../lib/gcc/arm-none-eabi/6.3.1/../../../../arm-none-eabi/lib/thumb/v7e-m\libc.a(lib_a-freer.o)
                0x0040569c                _free_r
 .text.__ascii_mbtowc
                0x00405868       0x2c c:/program files (x86)/atmel/studio/7.0/toolchain/arm/arm-gnu-toolchain/bin/../lib/gcc/arm-none-eabi/6.3.1/../../../../arm-none-eabi/lib/thumb/v7e-m\libc.a(lib_a-mbtowc_r.o)
                0x00405868                __ascii_mbtowc
 .text.memmove  0x00405894       0xc8 c:/program files (x86)/atmel/studio/7.0/toolchain/arm/arm-gnu-toolchain/bin/../lib/gcc/arm-none-eabi/6.3.1/../../../../arm-none-eabi/lib/thumb/v7e-m\libc.a(lib_a-memmove.o)
                0x00405894                memmove
 .text._realloc_r
                0x0040595c      0x34c c:/program files (x86)/atmel/studio/7.0/toolchain/arm/arm-gnu-toolchain/bin/../lib/gcc/arm-none-eabi/6.3.1/../../../../arm-none-eabi/lib/thumb/v7e-m\libc.a(lib_a-reallocr.o)
                0x0040595c                _realloc_r
 .text.__ascii_wctomb
                0x00405ca8       0x1c c:/program files (x86)/atmel/studio/7.0/toolchain/arm/arm-gnu-toolchain/bin/../lib/gcc/arm-none-eabi/6.3.1/../../../../arm-none-eabi/lib/thumb/v7e-m\libc.a(lib_a-wctomb_r.o)
                0x00405ca8                __ascii_wctomb
 .text          0x00405cc4      0x370 c:/program files (x86)/atmel/studio/7.0/toolchain/arm/arm-gnu-toolchain/bin/../lib/gcc/arm-none-eabi/6.3.1/thumb/v7e-m\libgcc.a(_arm_addsubdf3.o)
                0x00405cc4                __aeabi_drsub
                0x00405ccc                __aeabi_dsub
                0x00405ccc                __subdf3
                0x00405cd0                __aeabi_dadd
                0x00405cd0                __adddf3
                0x00405f48                __floatunsidf
                0x00405f48                __aeabi_ui2d
                0x00405f68                __floatsidf
                0x00405f68                __aeabi_i2d
                0x00405f8c                __aeabi_f2d
                0x00405f8c                __extendsfdf2
                0x00405fc8                __floatundidf
                0x00405fc8                __aeabi_ul2d
                0x00405fd8                __floatdidf
                0x00405fd8                __aeabi_l2d
 .text          0x00406034      0x424 c:/program files (x86)/atmel/studio/7.0/toolchain/arm/arm-gnu-toolchain/bin/../lib/gcc/arm-none-eabi/6.3.1/thumb/v7e-m\libgcc.a(_arm_muldivdf3.o)
                0x00406034                __aeabi_dmul
                0x00406034                __muldf3
                0x00406288                __divdf3
                0x00406288                __aeabi_ddiv
 .text          0x00406458      0x110 c:/program files (x86)/atmel/studio/7.0/toolchain/arm/arm-gnu-toolchain/bin/../lib/gcc/arm-none-eabi/6.3.1/thumb/v7e-m\libgcc.a(_arm_cmpdf2.o)
                0x00406458                __gtdf2
                0x00406458                __gedf2
                0x00406460                __ltdf2
                0x00406460                __ledf2
                0x00406468                __nedf2
                0x00406468                __eqdf2
                0x00406468                __cmpdf2
                0x004064e4                __aeabi_cdrcmple
                0x004064f4                __aeabi_cdcmpeq
                0x004064f4                __aeabi_cdcmple
                0x00406504                __aeabi_dcmpeq
                0x00406518                __aeabi_dcmplt
                0x0040652c                __aeabi_dcmple
                0x00406540                __aeabi_dcmpge
                0x00406554                __aeabi_dcmpgt
 .text          0x00406568       0x2c c:/program files (x86)/atmel/studio/7.0/toolchain/arm/arm-gnu-toolchain/bin/../lib/gcc/arm-none-eabi/6.3.1/thumb/v7e-m\libgcc.a(_arm_unorddf2.o)
                0x00406568                __unorddf2
                0x00406568                __aeabi_dcmpun
 .text          0x00406594       0x50 c:/program files (x86)/atmel/studio/7.0/toolchain/arm/arm-gnu-toolchain/bin/../lib/gcc/arm-none-eabi/6.3.1/thumb/v7e-m\libgcc.a(_arm_fixdfsi.o)
                0x00406594                __aeabi_d2iz
                0x00406594                __fixdfsi
 .text          0x004065e4       0x30 c:/program files (x86)/atmel/studio/7.0/toolchain/arm/arm-gnu-toolchain/bin/../lib/gcc/arm-none-eabi/6.3.1/thumb/v7e-m\libgcc.a(_aeabi_uldivmod.o)
                0x004065e4                __aeabi_uldivmod
 .text          0x00406614      0x2dc c:/program files (x86)/atmel/studio/7.0/toolchain/arm/arm-gnu-toolchain/bin/../lib/gcc/arm-none-eabi/6.3.1/thumb/v7e-m\libgcc.a(_udivmoddi4.o)
                0x00406614                __udivmoddi4
 .text          0x004068f0        0x4 c:/program files (x86)/atmel/studio/7.0/toolchain/arm/arm-gnu-toolchain/bin/../lib/gcc/arm-none-eabi/6.3.1/thumb/v7e-m\libgcc.a(_dvmd_tls.o)
                0x004068f0                __aeabi_idiv0
                0x004068f0                __aeabi_ldiv0
 *(.glue_7t)
 .glue_7t       0x004068f4        0x0 linker stubs
 *(.glue_7)
 .glue_7        0x004068f4        0x0 linker stubs
 *(.rodata .rodata* .gnu.linkonce.r.*)
 .rodata        0x004068f4       0x18 src/wifi.o
 .rodata.process_data_wifi.str1.4
                0x0040690c        0xa src/wifi.o
 *fill*         0x00406916        0x2 
 .rodata.write_image_to_web.str1.4
                0x00406918       0x10 src/wifi.o
 .rodata.OV2640_JPEG
                0x00406928       0x12 src/ov2640_table_registers.o
                0x00406928                OV2640_JPEG
 *fill*         0x0040693a        0x2 
 .rodata.OV2640_JPEG_1024x768
                0x0040693c       0x4e src/ov2640_table_registers.o
                0x0040693c                OV2640_JPEG_1024x768
 *fill*         0x0040698a        0x2 
 .rodata.OV2640_JPEG_1280x1024
                0x0040698c       0x52 src/ov2640_table_registers.o
                0x0040698c                OV2640_JPEG_1280x1024
 *fill*         0x004069de        0x2 
 .rodata.OV2640_JPEG_1600x1200
                0x004069e0       0x52 src/ov2640_table_registers.o
                0x004069e0                OV2640_JPEG_1600x1200
 *fill*         0x00406a32        0x2 
 .rodata.OV2640_JPEG_320x240
                0x00406a34       0x50 src/ov2640_table_registers.o
                0x00406a34                OV2640_JPEG_320x240
 .rodata.OV2640_JPEG_640x480
                0x00406a84       0x52 src/ov2640_table_registers.o
                0x00406a84                OV2640_JPEG_640x480
 *fill*         0x00406ad6        0x2 
 .rodata.OV2640_JPEG_800x600
                0x00406ad8       0x52 src/ov2640_table_registers.o
                0x00406ad8                OV2640_JPEG_800x600
 *fill*         0x00406b2a        0x2 
 .rodata.OV2640_JPEG_INIT
                0x00406b2c      0x17e src/ov2640_table_registers.o
                0x00406b2c                OV2640_JPEG_INIT
 *fill*         0x00406caa        0x2 
 .rodata.OV2640_QQVGA_RGB888
                0x00406cac       0xf4 src/ov2640_table_registers.o
                0x00406cac                OV2640_QQVGA_RGB888
 .rodata.OV2640_QQVGA_YUV422
                0x00406da0       0xf4 src/ov2640_table_registers.o
                0x00406da0                OV2640_QQVGA_YUV422
 .rodata.OV2640_QVGA_RGB888
                0x00406e94       0xf4 src/ov2640_table_registers.o
                0x00406e94                OV2640_QVGA_RGB888
 .rodata.OV2640_QVGA_YUV422_10FPS
                0x00406f88       0xf0 src/ov2640_table_registers.o
                0x00406f88                OV2640_QVGA_YUV422_10FPS
 .rodata.OV2640_QVGA_YUV422_15FPS
                0x00407078       0xf0 src/ov2640_table_registers.o
                0x00407078                OV2640_QVGA_YUV422_15FPS
 .rodata.OV2640_QVGA_YUV422_20FPS
                0x00407168       0xf0 src/ov2640_table_registers.o
                0x00407168                OV2640_QVGA_YUV422_20FPS
 .rodata.OV2640_QVGA_YUV422_30FPS
                0x00407258       0xf0 src/ov2640_table_registers.o
                0x00407258                OV2640_QVGA_YUV422_30FPS
 .rodata.OV2640_TEST_PATTERN
                0x00407348       0xf4 src/ov2640_table_registers.o
                0x00407348                OV2640_TEST_PATTERN
 .rodata.OV2640_VGA_YUV422_20FPS
                0x0040743c       0xf0 src/ov2640_table_registers.o
                0x0040743c                OV2640_VGA_YUV422_20FPS
 .rodata.OV2640_YUV422
                0x0040752c       0x14 src/ov2640_table_registers.o
                0x0040752c                OV2640_YUV422
 .rodata.main.str1.4
                0x00407540       0xb3 src/main.o
 *fill*         0x004075f3        0x1 
 .rodata._global_impure_ptr
                0x004075f4        0x4 c:/program files (x86)/atmel/studio/7.0/toolchain/arm/arm-gnu-toolchain/bin/../lib/gcc/arm-none-eabi/6.3.1/../../../../arm-none-eabi/lib/thumb/v7e-m\libc.a(lib_a-impure.o)
                0x004075f4                _global_impure_ptr
 .rodata._svfprintf_r.str1.4
                0x004075f8       0x42 c:/program files (x86)/atmel/studio/7.0/toolchain/arm/arm-gnu-toolchain/bin/../lib/gcc/arm-none-eabi/6.3.1/../../../../arm-none-eabi/lib/thumb/v7e-m\libc.a(lib_a-svfprintf.o)
 *fill*         0x0040763a        0x2 
 .rodata.blanks.7223
                0x0040763c       0x10 c:/program files (x86)/atmel/studio/7.0/toolchain/arm/arm-gnu-toolchain/bin/../lib/gcc/arm-none-eabi/6.3.1/../../../../arm-none-eabi/lib/thumb/v7e-m\libc.a(lib_a-svfprintf.o)
 .rodata.zeroes.7224
                0x0040764c       0x10 c:/program files (x86)/atmel/studio/7.0/toolchain/arm/arm-gnu-toolchain/bin/../lib/gcc/arm-none-eabi/6.3.1/../../../../arm-none-eabi/lib/thumb/v7e-m\libc.a(lib_a-svfprintf.o)
 .rodata._dtoa_r.str1.4
                0x0040765c       0x10 c:/program files (x86)/atmel/studio/7.0/toolchain/arm/arm-gnu-toolchain/bin/../lib/gcc/arm-none-eabi/6.3.1/../../../../arm-none-eabi/lib/thumb/v7e-m\libc.a(lib_a-dtoa.o)
                                 0x12 (size before relaxing)
 *fill*         0x0040766c        0x4 
 .rodata.__mprec_bigtens
                0x00407670       0x28 c:/program files (x86)/atmel/studio/7.0/toolchain/arm/arm-gnu-toolchain/bin/../lib/gcc/arm-none-eabi/6.3.1/../../../../arm-none-eabi/lib/thumb/v7e-m\libc.a(lib_a-mprec.o)
                0x00407670                __mprec_bigtens
 .rodata.__mprec_tens
                0x00407698       0xc8 c:/program files (x86)/atmel/studio/7.0/toolchain/arm/arm-gnu-toolchain/bin/../lib/gcc/arm-none-eabi/6.3.1/../../../../arm-none-eabi/lib/thumb/v7e-m\libc.a(lib_a-mprec.o)
                0x00407698                __mprec_tens
 .rodata.p05.6055
                0x00407760        0xc c:/program files (x86)/atmel/studio/7.0/toolchain/arm/arm-gnu-toolchain/bin/../lib/gcc/arm-none-eabi/6.3.1/../../../../arm-none-eabi/lib/thumb/v7e-m\libc.a(lib_a-mprec.o)
 .rodata._setlocale_r.str1.4
                0x0040776c        0xa c:/program files (x86)/atmel/studio/7.0/toolchain/arm/arm-gnu-toolchain/bin/../lib/gcc/arm-none-eabi/6.3.1/../../../../arm-none-eabi/lib/thumb/v7e-m\libc.a(lib_a-locale.o)
                                  0xd (size before relaxing)
 *fill*         0x00407776        0x2 
 .rodata.str1.4
                0x00407778        0x4 c:/program files (x86)/atmel/studio/7.0/toolchain/arm/arm-gnu-toolchain/bin/../lib/gcc/arm-none-eabi/6.3.1/../../../../arm-none-eabi/lib/thumb/v7e-m\libc.a(lib_a-locale.o)
                                  0x2 (size before relaxing)
 .rodata._ctype_
                0x0040777c      0x101 c:/program files (x86)/atmel/studio/7.0/toolchain/arm/arm-gnu-toolchain/bin/../lib/gcc/arm-none-eabi/6.3.1/../../../../arm-none-eabi/lib/thumb/v7e-m\libc.a(lib_a-ctype_.o)
                0x0040777c                _ctype_
 *(.ARM.extab* .gnu.linkonce.armextab.*)
                0x00407880                . = ALIGN (0x4)
 *fill*         0x0040787d        0x3 
 *(.init)
 .init          0x00407880        0x4 c:/program files (x86)/atmel/studio/7.0/toolchain/arm/arm-gnu-toolchain/bin/../lib/gcc/arm-none-eabi/6.3.1/thumb/v7e-m/crti.o
                0x00407880                _init
 .init          0x00407884        0x8 c:/program files (x86)/atmel/studio/7.0/toolchain/arm/arm-gnu-toolchain/bin/../lib/gcc/arm-none-eabi/6.3.1/thumb/v7e-m/crtn.o
                0x0040788c                . = ALIGN (0x4)
                0x0040788c                __preinit_array_start = .
 *(.preinit_array)
                0x0040788c                __preinit_array_end = .
                0x0040788c                . = ALIGN (0x4)
                0x0040788c                __init_array_start = .
 *(SORT(.init_array.*))
 .init_array.00000
                0x0040788c        0x4 c:/program files (x86)/atmel/studio/7.0/toolchain/arm/arm-gnu-toolchain/bin/../lib/gcc/arm-none-eabi/6.3.1/../../../../arm-none-eabi/lib/thumb/v7e-m\libc.a(lib_a-__call_atexit.o)
 *(.init_array)
 .init_array    0x00407890        0x4 c:/program files (x86)/atmel/studio/7.0/toolchain/arm/arm-gnu-toolchain/bin/../lib/gcc/arm-none-eabi/6.3.1/thumb/v7e-m/crtbegin.o
                0x00407894                __init_array_end = .
                0x00407894                . = ALIGN (0x4)
 *crtbegin.o(.ctors)
 *(EXCLUDE_FILE(*crtend.o) .ctors)
 *(SORT(.ctors.*))
 *crtend.o(.ctors)
                0x00407894                . = ALIGN (0x4)
 *(.fini)
 .fini          0x00407894        0x4 c:/program files (x86)/atmel/studio/7.0/toolchain/arm/arm-gnu-toolchain/bin/../lib/gcc/arm-none-eabi/6.3.1/thumb/v7e-m/crti.o
                0x00407894                _fini
 .fini          0x00407898        0x8 c:/program files (x86)/atmel/studio/7.0/toolchain/arm/arm-gnu-toolchain/bin/../lib/gcc/arm-none-eabi/6.3.1/thumb/v7e-m/crtn.o
                0x004078a0                . = ALIGN (0x4)
                0x004078a0                __fini_array_start = .
 *(.fini_array)
 .fini_array    0x004078a0        0x4 c:/program files (x86)/atmel/studio/7.0/toolchain/arm/arm-gnu-toolchain/bin/../lib/gcc/arm-none-eabi/6.3.1/thumb/v7e-m/crtbegin.o
 *(SORT(.fini_array.*))
                0x004078a4                __fini_array_end = .
 *crtbegin.o(.dtors)
 *(EXCLUDE_FILE(*crtend.o) .dtors)
 *(SORT(.dtors.*))
 *crtend.o(.dtors)
                0x004078a4                . = ALIGN (0x4)
                0x004078a4                _efixed = .
                [!provide]                PROVIDE (__exidx_start, .)

.vfp11_veneer   0x004078a4        0x0
 .vfp11_veneer  0x004078a4        0x0 linker stubs

.v4_bx          0x004078a4        0x0
 .v4_bx         0x004078a4        0x0 linker stubs

.iplt           0x004078a4        0x0
 .iplt          0x004078a4        0x0 c:/program files (x86)/atmel/studio/7.0/toolchain/arm/arm-gnu-toolchain/bin/../lib/gcc/arm-none-eabi/6.3.1/thumb/v7e-m/crtbegin.o

.ARM.exidx      0x004078a4        0x8
 *(.ARM.exidx* .gnu.linkonce.armexidx.*)
 .ARM.exidx     0x004078a4        0x8 c:/program files (x86)/atmel/studio/7.0/toolchain/arm/arm-gnu-toolchain/bin/../lib/gcc/arm-none-eabi/6.3.1/thumb/v7e-m\libgcc.a(_udivmoddi4.o)
                [!provide]                PROVIDE (__exidx_end, .)

.eh_frame       0x004078ac        0x0
 .eh_frame      0x004078ac        0x0 c:/program files (x86)/atmel/studio/7.0/toolchain/arm/arm-gnu-toolchain/bin/../lib/gcc/arm-none-eabi/6.3.1/thumb/v7e-m/crtbegin.o

.rel.dyn        0x004078ac        0x0
 .rel.iplt      0x004078ac        0x0 c:/program files (x86)/atmel/studio/7.0/toolchain/arm/arm-gnu-toolchain/bin/../lib/gcc/arm-none-eabi/6.3.1/thumb/v7e-m/crtbegin.o

.jcr            0x004078ac        0x0
 .jcr           0x004078ac        0x0 c:/program files (x86)/atmel/studio/7.0/toolchain/arm/arm-gnu-toolchain/bin/../lib/gcc/arm-none-eabi/6.3.1/thumb/v7e-m/crtbegin.o

.igot.plt       0x004078ac        0x0
 .igot.plt      0x004078ac        0x0 c:/program files (x86)/atmel/studio/7.0/toolchain/arm/arm-gnu-toolchain/bin/../lib/gcc/arm-none-eabi/6.3.1/thumb/v7e-m/crtbegin.o
                0x004078ac                . = ALIGN (0x4)
                0x004078ac                _etext = .

.relocate       0x20000000      0x9c0 load address 0x004078ac
                0x20000000                . = ALIGN (0x4)
                0x20000000                _srelocate = .
 *(.ramfunc .ramfunc.*)
 .ramfunc       0x20000000        0xa src/ASF/common/services/delay/sam/cycle_counter.o
                0x20000000                portable_delay_cycles
 *(.data .data.*)
 *fill*         0x2000000a        0x2 
 .data.image_buffer_length
                0x2000000c        0x4 src/camera.o
                0x2000000c                image_buffer_length
 .data.SystemCoreClock
                0x20000010        0x4 src/ASF/sam/utils/cmsis/sam4s/source/templates/system_sam4s.o
                0x20000010                SystemCoreClock
 .data._impure_ptr
                0x20000014        0x4 c:/program files (x86)/atmel/studio/7.0/toolchain/arm/arm-gnu-toolchain/bin/../lib/gcc/arm-none-eabi/6.3.1/../../../../arm-none-eabi/lib/thumb/v7e-m\libc.a(lib_a-impure.o)
                0x20000014                _impure_ptr
 .data.impure_data
                0x20000018      0x428 c:/program files (x86)/atmel/studio/7.0/toolchain/arm/arm-gnu-toolchain/bin/../lib/gcc/arm-none-eabi/6.3.1/../../../../arm-none-eabi/lib/thumb/v7e-m\libc.a(lib_a-impure.o)
 .data.__atexit_recursive_mutex
                0x20000440        0x4 c:/program files (x86)/atmel/studio/7.0/toolchain/arm/arm-gnu-toolchain/bin/../lib/gcc/arm-none-eabi/6.3.1/../../../../arm-none-eabi/lib/thumb/v7e-m\libc.a(lib_a-__call_atexit.o)
                0x20000440                __atexit_recursive_mutex
 .data.__malloc_av_
                0x20000444      0x408 c:/program files (x86)/atmel/studio/7.0/toolchain/arm/arm-gnu-toolchain/bin/../lib/gcc/arm-none-eabi/6.3.1/../../../../arm-none-eabi/lib/thumb/v7e-m\libc.a(lib_a-mallocr.o)
                0x20000444                __malloc_av_
 .data.__malloc_sbrk_base
                0x2000084c        0x4 c:/program files (x86)/atmel/studio/7.0/toolchain/arm/arm-gnu-toolchain/bin/../lib/gcc/arm-none-eabi/6.3.1/../../../../arm-none-eabi/lib/thumb/v7e-m\libc.a(lib_a-mallocr.o)
                0x2000084c                __malloc_sbrk_base
 .data.__malloc_trim_threshold
                0x20000850        0x4 c:/program files (x86)/atmel/studio/7.0/toolchain/arm/arm-gnu-toolchain/bin/../lib/gcc/arm-none-eabi/6.3.1/../../../../arm-none-eabi/lib/thumb/v7e-m\libc.a(lib_a-mallocr.o)
                0x20000850                __malloc_trim_threshold
 .data.__global_locale
                0x20000854      0x16c c:/program files (x86)/atmel/studio/7.0/toolchain/arm/arm-gnu-toolchain/bin/../lib/gcc/arm-none-eabi/6.3.1/../../../../arm-none-eabi/lib/thumb/v7e-m\libc.a(lib_a-locale.o)
                0x20000854                __global_locale
                0x200009c0                . = ALIGN (0x4)
                0x200009c0                _erelocate = .

.bss            0x200009c0    0x18bd8 load address 0x0040826c
                0x200009c0                . = ALIGN (0x4)
                0x200009c0                _sbss = .
                0x200009c0                _szero = .
 *(.bss .bss.*)
 .bss           0x200009c0       0x1c c:/program files (x86)/atmel/studio/7.0/toolchain/arm/arm-gnu-toolchain/bin/../lib/gcc/arm-none-eabi/6.3.1/thumb/v7e-m/crtbegin.o
 .bss.ul_reg_val.7523
                0x200009dc        0x4 src/ASF/sam/drivers/usart/usart.o
 .bss.eoi_offset_index
                0x200009e0        0x4 src/camera.o
                0x200009e0                eoi_offset_index
 .bss.g_ul_vsync_flag
                0x200009e4        0x4 src/camera.o
                0x200009e4                g_ul_vsync_flag
 .bss.image_length
                0x200009e8        0x4 src/camera.o
                0x200009e8                image_length
 .bss.soi_offset_index
                0x200009ec        0x4 src/camera.o
                0x200009ec                soi_offset_index
 .bss.counter   0x200009f0        0x4 src/wifi.o
                0x200009f0                counter
 .bss.data.9054
                0x200009f4        0x2 src/wifi.o
 .bss.data_received_flag
                0x200009f6        0x1 src/wifi.o
                0x200009f6                data_received_flag
 *fill*         0x200009f7        0x1 
 .bss.input_pos_wifi
                0x200009f8        0x4 src/wifi.o
                0x200009f8                input_pos_wifi
 .bss.new_rx_wifi
                0x200009fc        0x1 src/wifi.o
                0x200009fc                new_rx_wifi
 *fill*         0x200009fd        0x3 
 .bss.received_byte_wifi
                0x20000a00        0x4 src/wifi.o
                0x20000a00                received_byte_wifi
 .bss.success_received_flag
                0x20000a04        0x1 src/wifi.o
                0x20000a04                success_received_flag
 *fill*         0x20000a05        0x3 
 .bss.transfer_index
                0x20000a08        0x4 src/wifi.o
                0x20000a08                transfer_index
 .bss.transfer_len
                0x20000a0c        0x4 src/wifi.o
                0x20000a0c                transfer_len
 .bss.ul_sysclk.9059
                0x20000a10        0x4 src/wifi.o
 .bss.wifi_provision_flag
                0x20000a14        0x1 src/wifi.o
                0x20000a14                wifi_provision_flag
 *fill*         0x20000a15        0x3 
 .bss.gs_interrupt_sources
                0x20000a18       0x70 src/ASF/sam/drivers/pio/pio_handler.o
 .bss.gs_ul_nb_sources
                0x20000a88        0x4 src/ASF/sam/drivers/pio/pio_handler.o
 .bss.pio_capture_handler
                0x20000a8c        0x4 src/ASF/sam/drivers/pio/pio_handler.o
 .bss.heap.5297
                0x20000a90        0x4 src/ASF/sam/utils/syscalls/gcc/syscalls.o
 .bss.__malloc_current_mallinfo
                0x20000a94       0x28 c:/program files (x86)/atmel/studio/7.0/toolchain/arm/arm-gnu-toolchain/bin/../lib/gcc/arm-none-eabi/6.3.1/../../../../arm-none-eabi/lib/thumb/v7e-m\libc.a(lib_a-mallocr.o)
                0x20000a94                __malloc_current_mallinfo
 .bss.__malloc_max_sbrked_mem
                0x20000abc        0x4 c:/program files (x86)/atmel/studio/7.0/toolchain/arm/arm-gnu-toolchain/bin/../lib/gcc/arm-none-eabi/6.3.1/../../../../arm-none-eabi/lib/thumb/v7e-m\libc.a(lib_a-mallocr.o)
                0x20000abc                __malloc_max_sbrked_mem
 .bss.__malloc_max_total_mem
                0x20000ac0        0x4 c:/program files (x86)/atmel/studio/7.0/toolchain/arm/arm-gnu-toolchain/bin/../lib/gcc/arm-none-eabi/6.3.1/../../../../arm-none-eabi/lib/thumb/v7e-m\libc.a(lib_a-mallocr.o)
                0x20000ac0                __malloc_max_total_mem
 .bss.__malloc_top_pad
                0x20000ac4        0x4 c:/program files (x86)/atmel/studio/7.0/toolchain/arm/arm-gnu-toolchain/bin/../lib/gcc/arm-none-eabi/6.3.1/../../../../arm-none-eabi/lib/thumb/v7e-m\libc.a(lib_a-mallocr.o)
                0x20000ac4                __malloc_top_pad
 *(COMMON)
 COMMON         0x20000ac8    0x186a0 src/camera.o
                0x20000ac8                g_p_uc_cap_dest_buf
 COMMON         0x20019168      0x401 src/wifi.o
                0x20019168                g_st_nextpacket
                0x20019170                input_line_wifi
                0x20019558                button_flag
                0x2001955c                g_p_pdc
                0x20019560                g_st_packet
                0x20019568                counts
 *fill*         0x20019569        0x3 
 COMMON         0x2001956c        0x4 src/ASF/sam/drivers/pio/pio.o
                0x2001956c                pio_capture_enable_flag
 COMMON         0x20019570       0x21 c:/program files (x86)/atmel/studio/7.0/toolchain/arm/arm-gnu-toolchain/bin/../lib/gcc/arm-none-eabi/6.3.1/../../../../arm-none-eabi/lib/thumb/v7e-m\libc.a(lib_a-lock.o)
                0x20019570                __lock___atexit_recursive_mutex
                0x20019574                __lock___arc4random_mutex
                0x20019578                __lock___env_recursive_mutex
                0x2001957c                __lock___sinit_recursive_mutex
                0x20019580                __lock___malloc_recursive_mutex
                0x20019584                __lock___at_quick_exit_mutex
                0x20019588                __lock___dd_hash_mutex
                0x2001958c                __lock___tz_mutex
                0x20019590                __lock___sfp_recursive_mutex
 *fill*         0x20019591        0x3 
 COMMON         0x20019594        0x4 c:/program files (x86)/atmel/studio/7.0/toolchain/arm/arm-gnu-toolchain/bin/../lib/gcc/arm-none-eabi/6.3.1/../../../../arm-none-eabi/lib/thumb/v7e-m\libc.a(lib_a-reent.o)
                0x20019594                errno
                0x20019598                . = ALIGN (0x4)
                0x20019598                _ebss = .
                0x20019598                _ezero = .

.stack          0x20019598     0x3000 load address 0x00420e44
                0x20019598                . = ALIGN (0x8)
                0x20019598                _sstack = .
                0x2001c598                . = (. + __stack_size__)
 *fill*         0x20019598     0x3000 
                0x2001c598                . = ALIGN (0x8)
                0x2001c598                _estack = .
                0x2001c598                . = ALIGN (0x4)
                0x2001c598                _end = .
OUTPUT(ee326_firmware_v3_1.elf elf32-littlearm)

.ARM.attributes
                0x00000000       0x2a
 .ARM.attributes
                0x00000000       0x1e c:/program files (x86)/atmel/studio/7.0/toolchain/arm/arm-gnu-toolchain/bin/../lib/gcc/arm-none-eabi/6.3.1/thumb/v7e-m/crti.o
 .ARM.attributes
                0x0000001e       0x2e c:/program files (x86)/atmel/studio/7.0/toolchain/arm/arm-gnu-toolchain/bin/../lib/gcc/arm-none-eabi/6.3.1/thumb/v7e-m/crtbegin.o
 .ARM.attributes
                0x0000004c       0x33 src/ASF/sam/drivers/spi/spi.o
 .ARM.attributes
                0x0000007f       0x33 src/ASF/sam/drivers/usart/usart.o
 .ARM.attributes
                0x000000b2       0x33 src/ASF/sam/drivers/wdt/wdt.o
 .ARM.attributes
                0x000000e5       0x33 src/camera.o
 .ARM.attributes
                0x00000118       0x33 src/wifi.o
 .ARM.attributes
                0x0000014b       0x33 src/ASF/common/services/delay/sam/cycle_counter.o
 .ARM.attributes
                0x0000017e       0x33 src/ASF/sam/drivers/pio/pio.o
 .ARM.attributes
                0x000001b1       0x33 src/ASF/sam/drivers/pio/pio_handler.o
 .ARM.attributes
                0x000001e4       0x33 src/ASF/sam/drivers/tc/tc.o
 .ARM.attributes
                0x00000217       0x33 src/ASF/sam/drivers/twi/twi.o
 .ARM.attributes
                0x0000024a       0x33 src/ov2640.o
 .ARM.attributes
                0x0000027d       0x33 src/ov2640_table_registers.o
 .ARM.attributes
                0x000002b0       0x33 src/timer_interface.o
 .ARM.attributes
                0x000002e3       0x33 src/ASF/common/services/clock/sam4s/sysclk.o
 .ARM.attributes
                0x00000316       0x33 src/ASF/sam/drivers/pmc/pmc.o
 .ARM.attributes
                0x00000349       0x33 src/ASF/common/boards/user_board/init.o
 .ARM.attributes
                0x0000037c       0x33 src/ASF/sam/utils/cmsis/sam4s/source/templates/gcc/startup_sam4s.o
 .ARM.attributes
                0x000003af       0x33 src/ASF/sam/utils/cmsis/sam4s/source/templates/system_sam4s.o
 .ARM.attributes
                0x000003e2       0x33 src/ASF/sam/utils/syscalls/gcc/syscalls.o
 .ARM.attributes
                0x00000415       0x33 src/main.o
 .ARM.attributes
                0x00000448       0x2e c:/program files (x86)/atmel/studio/7.0/toolchain/arm/arm-gnu-toolchain/bin/../lib/gcc/arm-none-eabi/6.3.1/../../../../arm-none-eabi/lib/thumb/v7e-m\libc.a(lib_a-impure.o)
 .ARM.attributes
                0x00000476       0x2e c:/program files (x86)/atmel/studio/7.0/toolchain/arm/arm-gnu-toolchain/bin/../lib/gcc/arm-none-eabi/6.3.1/../../../../arm-none-eabi/lib/thumb/v7e-m\libc.a(lib_a-init.o)
 .ARM.attributes
                0x000004a4       0x2e c:/program files (x86)/atmel/studio/7.0/toolchain/arm/arm-gnu-toolchain/bin/../lib/gcc/arm-none-eabi/6.3.1/../../../../arm-none-eabi/lib/thumb/v7e-m\libc.a(lib_a-memset.o)
 .ARM.attributes
                0x000004d2       0x2e c:/program files (x86)/atmel/studio/7.0/toolchain/arm/arm-gnu-toolchain/bin/../lib/gcc/arm-none-eabi/6.3.1/../../../../arm-none-eabi/lib/thumb/v7e-m\libc.a(lib_a-sprintf.o)
 .ARM.attributes
                0x00000500       0x2e c:/program files (x86)/atmel/studio/7.0/toolchain/arm/arm-gnu-toolchain/bin/../lib/gcc/arm-none-eabi/6.3.1/../../../../arm-none-eabi/lib/thumb/v7e-m\libc.a(lib_a-strstr.o)
 .ARM.attributes
                0x0000052e       0x2e c:/program files (x86)/atmel/studio/7.0/toolchain/arm/arm-gnu-toolchain/bin/../lib/gcc/arm-none-eabi/6.3.1/../../../../arm-none-eabi/lib/thumb/v7e-m\libc.a(lib_a-svfprintf.o)
 .ARM.attributes
                0x0000055c       0x2e c:/program files (x86)/atmel/studio/7.0/toolchain/arm/arm-gnu-toolchain/bin/../lib/gcc/arm-none-eabi/6.3.1/../../../../arm-none-eabi/lib/thumb/v7e-m\libc.a(lib_a-__call_atexit.o)
 .ARM.attributes
                0x0000058a       0x2e c:/program files (x86)/atmel/studio/7.0/toolchain/arm/arm-gnu-toolchain/bin/../lib/gcc/arm-none-eabi/6.3.1/../../../../arm-none-eabi/lib/thumb/v7e-m\libc.a(lib_a-atexit.o)
 .ARM.attributes
                0x000005b8       0x2e c:/program files (x86)/atmel/studio/7.0/toolchain/arm/arm-gnu-toolchain/bin/../lib/gcc/arm-none-eabi/6.3.1/../../../../arm-none-eabi/lib/thumb/v7e-m\libc.a(lib_a-dtoa.o)
 .ARM.attributes
                0x000005e6       0x2e c:/program files (x86)/atmel/studio/7.0/toolchain/arm/arm-gnu-toolchain/bin/../lib/gcc/arm-none-eabi/6.3.1/../../../../arm-none-eabi/lib/thumb/v7e-m\libc.a(lib_a-fini.o)
 .ARM.attributes
                0x00000614       0x2e c:/program files (x86)/atmel/studio/7.0/toolchain/arm/arm-gnu-toolchain/bin/../lib/gcc/arm-none-eabi/6.3.1/../../../../arm-none-eabi/lib/thumb/v7e-m\libc.a(lib_a-localeconv.o)
 .ARM.attributes
                0x00000642       0x2e c:/program files (x86)/atmel/studio/7.0/toolchain/arm/arm-gnu-toolchain/bin/../lib/gcc/arm-none-eabi/6.3.1/../../../../arm-none-eabi/lib/thumb/v7e-m\libc.a(lib_a-lock.o)
 .ARM.attributes
                0x00000670       0x2e c:/program files (x86)/atmel/studio/7.0/toolchain/arm/arm-gnu-toolchain/bin/../lib/gcc/arm-none-eabi/6.3.1/../../../../arm-none-eabi/lib/thumb/v7e-m\libc.a(lib_a-mallocr.o)
 .ARM.attributes
                0x0000069e       0x1c c:/program files (x86)/atmel/studio/7.0/toolchain/arm/arm-gnu-toolchain/bin/../lib/gcc/arm-none-eabi/6.3.1/../../../../arm-none-eabi/lib/thumb/v7e-m\libc.a(lib_a-memchr.o)
 .ARM.attributes
                0x000006ba       0x2e c:/program files (x86)/atmel/studio/7.0/toolchain/arm/arm-gnu-toolchain/bin/../lib/gcc/arm-none-eabi/6.3.1/../../../../arm-none-eabi/lib/thumb/v7e-m\libc.a(lib_a-memcmp.o)
 .ARM.attributes
                0x000006e8       0x1c c:/program files (x86)/atmel/studio/7.0/toolchain/arm/arm-gnu-toolchain/bin/../lib/gcc/arm-none-eabi/6.3.1/../../../../arm-none-eabi/lib/thumb/v7e-m\libc.a(lib_a-memcpy.o)
 .ARM.attributes
                0x00000704       0x2e c:/program files (x86)/atmel/studio/7.0/toolchain/arm/arm-gnu-toolchain/bin/../lib/gcc/arm-none-eabi/6.3.1/../../../../arm-none-eabi/lib/thumb/v7e-m\libc.a(lib_a-mlock.o)
 .ARM.attributes
                0x00000732       0x2e c:/program files (x86)/atmel/studio/7.0/toolchain/arm/arm-gnu-toolchain/bin/../lib/gcc/arm-none-eabi/6.3.1/../../../../arm-none-eabi/lib/thumb/v7e-m\libc.a(lib_a-mprec.o)
 .ARM.attributes
                0x00000760       0x2e c:/program files (x86)/atmel/studio/7.0/toolchain/arm/arm-gnu-toolchain/bin/../lib/gcc/arm-none-eabi/6.3.1/../../../../arm-none-eabi/lib/thumb/v7e-m\libc.a(lib_a-sbrkr.o)
 .ARM.attributes
                0x0000078e       0x2e c:/program files (x86)/atmel/studio/7.0/toolchain/arm/arm-gnu-toolchain/bin/../lib/gcc/arm-none-eabi/6.3.1/../../../../arm-none-eabi/lib/thumb/v7e-m\libc.a(lib_a-strchr.o)
 .ARM.attributes
                0x000007bc       0x1c c:/program files (x86)/atmel/studio/7.0/toolchain/arm/arm-gnu-toolchain/bin/../lib/gcc/arm-none-eabi/6.3.1/../../../../arm-none-eabi/lib/thumb/v7e-m\libc.a(lib_a-strlen.o)
 .ARM.attributes
                0x000007d8       0x2e c:/program files (x86)/atmel/studio/7.0/toolchain/arm/arm-gnu-toolchain/bin/../lib/gcc/arm-none-eabi/6.3.1/../../../../arm-none-eabi/lib/thumb/v7e-m\libc.a(lib_a-svfiprintf.o)
 .ARM.attributes
                0x00000806       0x2e c:/program files (x86)/atmel/studio/7.0/toolchain/arm/arm-gnu-toolchain/bin/../lib/gcc/arm-none-eabi/6.3.1/../../../../arm-none-eabi/lib/thumb/v7e-m\libc.a(lib_a-__atexit.o)
 .ARM.attributes
                0x00000834       0x2e c:/program files (x86)/atmel/studio/7.0/toolchain/arm/arm-gnu-toolchain/bin/../lib/gcc/arm-none-eabi/6.3.1/../../../../arm-none-eabi/lib/thumb/v7e-m\libc.a(lib_a-callocr.o)
 .ARM.attributes
                0x00000862       0x2e c:/program files (x86)/atmel/studio/7.0/toolchain/arm/arm-gnu-toolchain/bin/../lib/gcc/arm-none-eabi/6.3.1/../../../../arm-none-eabi/lib/thumb/v7e-m\libc.a(lib_a-freer.o)
 .ARM.attributes
                0x00000890       0x2e c:/program files (x86)/atmel/studio/7.0/toolchain/arm/arm-gnu-toolchain/bin/../lib/gcc/arm-none-eabi/6.3.1/../../../../arm-none-eabi/lib/thumb/v7e-m\libc.a(lib_a-locale.o)
 .ARM.attributes
                0x000008be       0x2e c:/program files (x86)/atmel/studio/7.0/toolchain/arm/arm-gnu-toolchain/bin/../lib/gcc/arm-none-eabi/6.3.1/../../../../arm-none-eabi/lib/thumb/v7e-m\libc.a(lib_a-mbtowc_r.o)
 .ARM.attributes
                0x000008ec       0x2e c:/program files (x86)/atmel/studio/7.0/toolchain/arm/arm-gnu-toolchain/bin/../lib/gcc/arm-none-eabi/6.3.1/../../../../arm-none-eabi/lib/thumb/v7e-m\libc.a(lib_a-memmove.o)
 .ARM.attributes
                0x0000091a       0x2e c:/program files (x86)/atmel/studio/7.0/toolchain/arm/arm-gnu-toolchain/bin/../lib/gcc/arm-none-eabi/6.3.1/../../../../arm-none-eabi/lib/thumb/v7e-m\libc.a(lib_a-reallocr.o)
 .ARM.attributes
                0x00000948       0x2e c:/program files (x86)/atmel/studio/7.0/toolchain/arm/arm-gnu-toolchain/bin/../lib/gcc/arm-none-eabi/6.3.1/../../../../arm-none-eabi/lib/thumb/v7e-m\libc.a(lib_a-reent.o)
 .ARM.attributes
                0x00000976       0x2e c:/program files (x86)/atmel/studio/7.0/toolchain/arm/arm-gnu-toolchain/bin/../lib/gcc/arm-none-eabi/6.3.1/../../../../arm-none-eabi/lib/thumb/v7e-m\libc.a(lib_a-wctomb_r.o)
 .ARM.attributes
                0x000009a4       0x2e c:/program files (x86)/atmel/studio/7.0/toolchain/arm/arm-gnu-toolchain/bin/../lib/gcc/arm-none-eabi/6.3.1/../../../../arm-none-eabi/lib/thumb/v7e-m\libc.a(lib_a-ctype_.o)
 .ARM.attributes
                0x000009d2       0x1e c:/program files (x86)/atmel/studio/7.0/toolchain/arm/arm-gnu-toolchain/bin/../lib/gcc/arm-none-eabi/6.3.1/thumb/v7e-m\libgcc.a(_arm_addsubdf3.o)
 .ARM.attributes
                0x000009f0       0x1e c:/program files (x86)/atmel/studio/7.0/toolchain/arm/arm-gnu-toolchain/bin/../lib/gcc/arm-none-eabi/6.3.1/thumb/v7e-m\libgcc.a(_arm_muldivdf3.o)
 .ARM.attributes
                0x00000a0e       0x1e c:/program files (x86)/atmel/studio/7.0/toolchain/arm/arm-gnu-toolchain/bin/../lib/gcc/arm-none-eabi/6.3.1/thumb/v7e-m\libgcc.a(_arm_cmpdf2.o)
 .ARM.attributes
                0x00000a2c       0x1e c:/program files (x86)/atmel/studio/7.0/toolchain/arm/arm-gnu-toolchain/bin/../lib/gcc/arm-none-eabi/6.3.1/thumb/v7e-m\libgcc.a(_arm_unorddf2.o)
 .ARM.attributes
                0x00000a4a       0x1e c:/program files (x86)/atmel/studio/7.0/toolchain/arm/arm-gnu-toolchain/bin/../lib/gcc/arm-none-eabi/6.3.1/thumb/v7e-m\libgcc.a(_arm_fixdfsi.o)
 .ARM.attributes
                0x00000a68       0x1e c:/program files (x86)/atmel/studio/7.0/toolchain/arm/arm-gnu-toolchain/bin/../lib/gcc/arm-none-eabi/6.3.1/thumb/v7e-m\libgcc.a(_aeabi_uldivmod.o)
 .ARM.attributes
                0x00000a86       0x2e c:/program files (x86)/atmel/studio/7.0/toolchain/arm/arm-gnu-toolchain/bin/../lib/gcc/arm-none-eabi/6.3.1/thumb/v7e-m\libgcc.a(_udivmoddi4.o)
 .ARM.attributes
                0x00000ab4       0x1e c:/program files (x86)/atmel/studio/7.0/toolchain/arm/arm-gnu-toolchain/bin/../lib/gcc/arm-none-eabi/6.3.1/thumb/v7e-m\libgcc.a(_dvmd_tls.o)
 .ARM.attributes
                0x00000ad2       0x1e c:/program files (x86)/atmel/studio/7.0/toolchain/arm/arm-gnu-toolchain/bin/../lib/gcc/arm-none-eabi/6.3.1/thumb/v7e-m/crtn.o

.comment        0x00000000       0x59
 .comment       0x00000000       0x59 src/ASF/sam/drivers/spi/spi.o
                                 0x5a (size before relaxing)
 .comment       0x00000059       0x5a src/ASF/sam/drivers/usart/usart.o
 .comment       0x00000059       0x5a src/ASF/sam/drivers/wdt/wdt.o
 .comment       0x00000059       0x5a src/camera.o
 .comment       0x00000059       0x5a src/wifi.o
 .comment       0x00000059       0x5a src/ASF/common/services/delay/sam/cycle_counter.o
 .comment       0x00000059       0x5a src/ASF/sam/drivers/pio/pio.o
 .comment       0x00000059       0x5a src/ASF/sam/drivers/pio/pio_handler.o
 .comment       0x00000059       0x5a src/ASF/sam/drivers/tc/tc.o
 .comment       0x00000059       0x5a src/ASF/sam/drivers/twi/twi.o
 .comment       0x00000059       0x5a src/ov2640.o
 .comment       0x00000059       0x5a src/ov2640_table_registers.o
 .comment       0x00000059       0x5a src/timer_interface.o
 .comment       0x00000059       0x5a src/ASF/common/services/clock/sam4s/sysclk.o
 .comment       0x00000059       0x5a src/ASF/sam/drivers/pmc/pmc.o
 .comment       0x00000059       0x5a src/ASF/common/boards/user_board/init.o
 .comment       0x00000059       0x5a src/ASF/sam/utils/cmsis/sam4s/source/templates/gcc/startup_sam4s.o
 .comment       0x00000059       0x5a src/ASF/sam/utils/cmsis/sam4s/source/templates/system_sam4s.o
 .comment       0x00000059       0x5a src/ASF/sam/utils/syscalls/gcc/syscalls.o
 .comment       0x00000059       0x5a src/main.o

.debug_info     0x00000000    0x19da2
 .debug_info    0x00000000     0x11c9 src/ASF/sam/drivers/spi/spi.o
 .debug_info    0x000011c9     0x205d src/ASF/sam/drivers/usart/usart.o
 .debug_info    0x00003226      0xbe5 src/ASF/sam/drivers/wdt/wdt.o
 .debug_info    0x00003e0b     0x2150 src/camera.o
 .debug_info    0x00005f5b     0x26c8 src/wifi.o
 .debug_info    0x00008623      0xa45 src/ASF/common/services/delay/sam/cycle_counter.o
 .debug_info    0x00009068     0x221d src/ASF/sam/drivers/pio/pio.o
 .debug_info    0x0000b285     0x18c9 src/ASF/sam/drivers/pio/pio_handler.o
 .debug_info    0x0000cb4e     0x123c src/ASF/sam/drivers/tc/tc.o
 .debug_info    0x0000dd8a     0x1428 src/ASF/sam/drivers/twi/twi.o
 .debug_info    0x0000f1b2     0x1d0b src/ov2640.o
 .debug_info    0x00010ebd      0xcd7 src/ov2640_table_registers.o
 .debug_info    0x00011b94     0x10e5 src/timer_interface.o
 .debug_info    0x00012c79     0x12c2 src/ASF/common/services/clock/sam4s/sysclk.o
 .debug_info    0x00013f3b     0x19bc src/ASF/sam/drivers/pmc/pmc.o
 .debug_info    0x000158f7     0x1229 src/ASF/common/boards/user_board/init.o
 .debug_info    0x00016b20      0x6d2 src/ASF/sam/utils/cmsis/sam4s/source/templates/gcc/startup_sam4s.o
 .debug_info    0x000171f2      0x458 src/ASF/sam/utils/cmsis/sam4s/source/templates/system_sam4s.o
 .debug_info    0x0001764a      0xdb0 src/ASF/sam/utils/syscalls/gcc/syscalls.o
 .debug_info    0x000183fa     0x19a8 src/main.o

.debug_abbrev   0x00000000     0x3a67
 .debug_abbrev  0x00000000      0x398 src/ASF/sam/drivers/spi/spi.o
 .debug_abbrev  0x00000398      0x406 src/ASF/sam/drivers/usart/usart.o
 .debug_abbrev  0x0000079e      0x230 src/ASF/sam/drivers/wdt/wdt.o
 .debug_abbrev  0x000009ce      0x3e0 src/camera.o
 .debug_abbrev  0x00000dae      0x420 src/wifi.o
 .debug_abbrev  0x000011ce      0x1b3 src/ASF/common/services/delay/sam/cycle_counter.o
 .debug_abbrev  0x00001381      0x3ff src/ASF/sam/drivers/pio/pio.o
 .debug_abbrev  0x00001780      0x37f src/ASF/sam/drivers/pio/pio_handler.o
 .debug_abbrev  0x00001aff      0x293 src/ASF/sam/drivers/tc/tc.o
 .debug_abbrev  0x00001d92      0x39c src/ASF/sam/drivers/twi/twi.o
 .debug_abbrev  0x0000212e      0x3b5 src/ov2640.o
 .debug_abbrev  0x000024e3      0x1b9 src/ov2640_table_registers.o
 .debug_abbrev  0x0000269c      0x2bd src/timer_interface.o
 .debug_abbrev  0x00002959      0x333 src/ASF/common/services/clock/sam4s/sysclk.o
 .debug_abbrev  0x00002c8c      0x315 src/ASF/sam/drivers/pmc/pmc.o
 .debug_abbrev  0x00002fa1      0x290 src/ASF/common/boards/user_board/init.o
 .debug_abbrev  0x00003231      0x15e src/ASF/sam/utils/cmsis/sam4s/source/templates/gcc/startup_sam4s.o
 .debug_abbrev  0x0000338f      0x102 src/ASF/sam/utils/cmsis/sam4s/source/templates/system_sam4s.o
 .debug_abbrev  0x00003491      0x264 src/ASF/sam/utils/syscalls/gcc/syscalls.o
 .debug_abbrev  0x000036f5      0x372 src/main.o

.debug_loc      0x00000000     0x589e
 .debug_loc     0x00000000      0x5ac src/ASF/sam/drivers/spi/spi.o
 .debug_loc     0x000005ac      0xe59 src/ASF/sam/drivers/usart/usart.o
 .debug_loc     0x00001405      0x145 src/ASF/sam/drivers/wdt/wdt.o
 .debug_loc     0x0000154a      0x1a9 src/camera.o
 .debug_loc     0x000016f3      0x40d src/wifi.o
 .debug_loc     0x00001b00      0xdef src/ASF/sam/drivers/pio/pio.o
 .debug_loc     0x000028ef      0x531 src/ASF/sam/drivers/pio/pio_handler.o
 .debug_loc     0x00002e20      0x5a4 src/ASF/sam/drivers/tc/tc.o
 .debug_loc     0x000033c4      0xa21 src/ASF/sam/drivers/twi/twi.o
 .debug_loc     0x00003de5      0x9a9 src/ov2640.o
 .debug_loc     0x0000478e       0x6c src/timer_interface.o
 .debug_loc     0x000047fa      0x1d9 src/ASF/common/services/clock/sam4s/sysclk.o
 .debug_loc     0x000049d3      0xb91 src/ASF/sam/drivers/pmc/pmc.o
 .debug_loc     0x00005564       0xa0 src/ASF/common/boards/user_board/init.o
 .debug_loc     0x00005604       0xa1 src/ASF/sam/utils/cmsis/sam4s/source/templates/gcc/startup_sam4s.o
 .debug_loc     0x000056a5       0xfd src/ASF/sam/utils/syscalls/gcc/syscalls.o
 .debug_loc     0x000057a2       0xfc src/main.o

.debug_aranges  0x00000000      0xb60
 .debug_aranges
                0x00000000       0x90 src/ASF/sam/drivers/spi/spi.o
 .debug_aranges
                0x00000090      0x210 src/ASF/sam/drivers/usart/usart.o
 .debug_aranges
                0x000002a0       0x48 src/ASF/sam/drivers/wdt/wdt.o
 .debug_aranges
                0x000002e8       0x48 src/camera.o
 .debug_aranges
                0x00000330       0x88 src/wifi.o
 .debug_aranges
                0x000003b8       0x20 src/ASF/common/services/delay/sam/cycle_counter.o
 .debug_aranges
                0x000003d8      0x1a8 src/ASF/sam/drivers/pio/pio.o
 .debug_aranges
                0x00000580       0x50 src/ASF/sam/drivers/pio/pio_handler.o
 .debug_aranges
                0x000005d0       0xd0 src/ASF/sam/drivers/tc/tc.o
 .debug_aranges
                0x000006a0       0xc8 src/ASF/sam/drivers/twi/twi.o
 .debug_aranges
                0x00000768       0x78 src/ov2640.o
 .debug_aranges
                0x000007e0       0x18 src/ov2640_table_registers.o
 .debug_aranges
                0x000007f8       0x28 src/timer_interface.o
 .debug_aranges
                0x00000820       0x40 src/ASF/common/services/clock/sam4s/sysclk.o
 .debug_aranges
                0x00000860      0x208 src/ASF/sam/drivers/pmc/pmc.o
 .debug_aranges
                0x00000a68       0x20 src/ASF/common/boards/user_board/init.o
 .debug_aranges
                0x00000a88       0x28 src/ASF/sam/utils/cmsis/sam4s/source/templates/gcc/startup_sam4s.o
 .debug_aranges
                0x00000ab0       0x30 src/ASF/sam/utils/cmsis/sam4s/source/templates/system_sam4s.o
 .debug_aranges
                0x00000ae0       0x60 src/ASF/sam/utils/syscalls/gcc/syscalls.o
 .debug_aranges
                0x00000b40       0x20 src/main.o

.debug_ranges   0x00000000      0xaa8
 .debug_ranges  0x00000000       0x80 src/ASF/sam/drivers/spi/spi.o
 .debug_ranges  0x00000080      0x200 src/ASF/sam/drivers/usart/usart.o
 .debug_ranges  0x00000280       0x38 src/ASF/sam/drivers/wdt/wdt.o
 .debug_ranges  0x000002b8       0x50 src/camera.o
 .debug_ranges  0x00000308       0x78 src/wifi.o
 .debug_ranges  0x00000380       0x10 src/ASF/common/services/delay/sam/cycle_counter.o
 .debug_ranges  0x00000390      0x1b0 src/ASF/sam/drivers/pio/pio.o
 .debug_ranges  0x00000540       0x58 src/ASF/sam/drivers/pio/pio_handler.o
 .debug_ranges  0x00000598       0xc0 src/ASF/sam/drivers/tc/tc.o
 .debug_ranges  0x00000658       0xb8 src/ASF/sam/drivers/twi/twi.o
 .debug_ranges  0x00000710       0x80 src/ov2640.o
 .debug_ranges  0x00000790       0x18 src/timer_interface.o
 .debug_ranges  0x000007a8       0x30 src/ASF/common/services/clock/sam4s/sysclk.o
 .debug_ranges  0x000007d8      0x1f8 src/ASF/sam/drivers/pmc/pmc.o
 .debug_ranges  0x000009d0       0x10 src/ASF/common/boards/user_board/init.o
 .debug_ranges  0x000009e0       0x18 src/ASF/sam/utils/cmsis/sam4s/source/templates/gcc/startup_sam4s.o
 .debug_ranges  0x000009f8       0x20 src/ASF/sam/utils/cmsis/sam4s/source/templates/system_sam4s.o
 .debug_ranges  0x00000a18       0x50 src/ASF/sam/utils/syscalls/gcc/syscalls.o
 .debug_ranges  0x00000a68       0x40 src/main.o

.debug_macro    0x00000000     0x8488
 .debug_macro   0x00000000      0x576 src/ASF/sam/drivers/spi/spi.o
 .debug_macro   0x00000576       0x10 src/ASF/sam/drivers/spi/spi.o
 .debug_macro   0x00000586      0x538 src/ASF/sam/drivers/usart/usart.o
 .debug_macro   0x00000abe       0x28 src/ASF/sam/drivers/usart/usart.o
 .debug_macro   0x00000ae6      0x515 src/ASF/sam/drivers/wdt/wdt.o
 .debug_macro   0x00000ffb      0x6aa src/camera.o
 .debug_macro   0x000016a5       0x28 src/camera.o
 .debug_macro   0x000016cd       0x22 src/camera.o
 .debug_macro   0x000016ef       0x94 src/camera.o
 .debug_macro   0x00001783       0x40 src/camera.o
 .debug_macro   0x000017c3       0x88 src/camera.o
 .debug_macro   0x0000184b       0x34 src/camera.o
 .debug_macro   0x0000187f       0x16 src/camera.o
 .debug_macro   0x00001895       0x4c src/camera.o
 .debug_macro   0x000018e1       0x10 src/camera.o
 .debug_macro   0x000018f1       0x16 src/camera.o
 .debug_macro   0x00001907       0x10 src/camera.o
 .debug_macro   0x00001917      0x402 src/camera.o
 .debug_macro   0x00001d19      0x142 src/camera.o
 .debug_macro   0x00001e5b      0x717 src/wifi.o
 .debug_macro   0x00002572       0x16 src/wifi.o
 .debug_macro   0x00002588       0x10 src/wifi.o
 .debug_macro   0x00002598      0x143 src/wifi.o
 .debug_macro   0x000026db      0x502 src/ASF/common/services/delay/sam/cycle_counter.o
 .debug_macro   0x00002bdd       0x22 src/ASF/common/services/delay/sam/cycle_counter.o
 .debug_macro   0x00002bff      0x508 src/ASF/sam/drivers/pio/pio.o
 .debug_macro   0x00003107       0x8e src/ASF/sam/drivers/pio/pio.o
 .debug_macro   0x00003195      0x512 src/ASF/sam/drivers/pio/pio_handler.o
 .debug_macro   0x000036a7      0x508 src/ASF/sam/drivers/tc/tc.o
 .debug_macro   0x00003baf       0x52 src/ASF/sam/drivers/tc/tc.o
 .debug_macro   0x00003c01       0x8d src/ASF/sam/drivers/tc/tc.o
 .debug_macro   0x00003c8e       0x16 src/ASF/sam/drivers/tc/tc.o
 .debug_macro   0x00003ca4       0x57 src/ASF/sam/drivers/tc/tc.o
 .debug_macro   0x00003cfb       0x1c src/ASF/sam/drivers/tc/tc.o
 .debug_macro   0x00003d17      0x52c src/ASF/sam/drivers/twi/twi.o
 .debug_macro   0x00004243       0x46 src/ASF/sam/drivers/twi/twi.o
 .debug_macro   0x00004289      0x6bd src/ov2640.o
 .debug_macro   0x00004946       0x46 src/ov2640.o
 .debug_macro   0x0000498c       0x16 src/ov2640.o
 .debug_macro   0x000049a2      0x3fc src/ov2640.o
 .debug_macro   0x00004d9e      0x695 src/ov2640_table_registers.o
 .debug_macro   0x00005433      0x2d9 src/ov2640_table_registers.o
 .debug_macro   0x0000570c      0x6bf src/timer_interface.o
 .debug_macro   0x00005dcb      0x56d src/ASF/common/services/clock/sam4s/sysclk.o
 .debug_macro   0x00006338      0x508 src/ASF/sam/drivers/pmc/pmc.o
 .debug_macro   0x00006840       0x52 src/ASF/sam/drivers/pmc/pmc.o
 .debug_macro   0x00006892      0x68a src/ASF/common/boards/user_board/init.o
 .debug_macro   0x00006f1c      0x2f4 src/ASF/sam/utils/cmsis/sam4s/source/templates/gcc/startup_sam4s.o
 .debug_macro   0x00007210      0x2fc src/ASF/sam/utils/cmsis/sam4s/source/templates/system_sam4s.o
 .debug_macro   0x0000750c      0x1d6 src/ASF/sam/utils/syscalls/gcc/syscalls.o
 .debug_macro   0x000076e2       0x97 src/ASF/sam/utils/syscalls/gcc/syscalls.o
 .debug_macro   0x00007779      0x353 src/ASF/sam/utils/syscalls/gcc/syscalls.o
 .debug_macro   0x00007acc       0xf6 src/ASF/sam/utils/syscalls/gcc/syscalls.o
 .debug_macro   0x00007bc2       0x4c src/ASF/sam/utils/syscalls/gcc/syscalls.o
 .debug_macro   0x00007c0e       0x16 src/ASF/sam/utils/syscalls/gcc/syscalls.o
 .debug_macro   0x00007c24       0x10 src/ASF/sam/utils/syscalls/gcc/syscalls.o
 .debug_macro   0x00007c34       0x10 src/ASF/sam/utils/syscalls/gcc/syscalls.o
 .debug_macro   0x00007c44       0x35 src/ASF/sam/utils/syscalls/gcc/syscalls.o
 .debug_macro   0x00007c79      0x122 src/ASF/sam/utils/syscalls/gcc/syscalls.o
 .debug_macro   0x00007d9b      0x6ed src/main.o

.debug_line     0x00000000    0x102b2
 .debug_line    0x00000000      0xc8a src/ASF/sam/drivers/spi/spi.o
 .debug_line    0x00000c8a      0xfb5 src/ASF/sam/drivers/usart/usart.o
 .debug_line    0x00001c3f      0xa8b src/ASF/sam/drivers/wdt/wdt.o
 .debug_line    0x000026ca     0x1012 src/camera.o
 .debug_line    0x000036dc     0x10f3 src/wifi.o
 .debug_line    0x000047cf      0xa3f src/ASF/common/services/delay/sam/cycle_counter.o
 .debug_line    0x0000520e      0xee8 src/ASF/sam/drivers/pio/pio.o
 .debug_line    0x000060f6      0xafe src/ASF/sam/drivers/pio/pio_handler.o
 .debug_line    0x00006bf4      0xbd7 src/ASF/sam/drivers/tc/tc.o
 .debug_line    0x000077cb      0xc9d src/ASF/sam/drivers/twi/twi.o
 .debug_line    0x00008468     0x10f7 src/ov2640.o
 .debug_line    0x0000955f      0xf06 src/ov2640_table_registers.o
 .debug_line    0x0000a465      0xf62 src/timer_interface.o
 .debug_line    0x0000b3c7      0xbc8 src/ASF/common/services/clock/sam4s/sysclk.o
 .debug_line    0x0000bf8f      0xfcf src/ASF/sam/drivers/pmc/pmc.o
 .debug_line    0x0000cf5e      0xf04 src/ASF/common/boards/user_board/init.o
 .debug_line    0x0000de62      0x80c src/ASF/sam/utils/cmsis/sam4s/source/templates/gcc/startup_sam4s.o
 .debug_line    0x0000e66e      0x83d src/ASF/sam/utils/cmsis/sam4s/source/templates/system_sam4s.o
 .debug_line    0x0000eeab      0x40b src/ASF/sam/utils/syscalls/gcc/syscalls.o
 .debug_line    0x0000f2b6      0xffc src/main.o

.debug_str      0x00000000    0x5290f
 .debug_str     0x00000000    0x4ba63 src/ASF/sam/drivers/spi/spi.o
                              0x4be77 (size before relaxing)
 .debug_str     0x0004ba63      0x9e9 src/ASF/sam/drivers/usart/usart.o
                              0x4b02b (size before relaxing)
 .debug_str     0x0004c44c      0x132 src/ASF/sam/drivers/wdt/wdt.o
                              0x4a72d (size before relaxing)
 .debug_str     0x0004c57e     0x346b src/camera.o
                              0x4f15d (size before relaxing)
 .debug_str     0x0004f9e9      0xb27 src/wifi.o
                              0x4fc34 (size before relaxing)
 .debug_str     0x00050510       0x35 src/ASF/common/services/delay/sam/cycle_counter.o
                              0x4a7a6 (size before relaxing)
 .debug_str     0x00050545      0x4c2 src/ASF/sam/drivers/pio/pio.o
                              0x4b246 (size before relaxing)
 .debug_str     0x00050a07      0x11d src/ASF/sam/drivers/pio/pio_handler.o
                              0x4b14a (size before relaxing)
 .debug_str     0x00050b24      0x340 src/ASF/sam/drivers/tc/tc.o
                              0x4a991 (size before relaxing)
 .debug_str     0x00050e64      0x2d4 src/ASF/sam/drivers/twi/twi.o
                              0x4ab71 (size before relaxing)
 .debug_str     0x00051138      0x1b1 src/ov2640.o
                              0x4e893 (size before relaxing)
 .debug_str     0x000512e9       0x20 src/ov2640_table_registers.o
                              0x4e050 (size before relaxing)
 .debug_str     0x00051309       0x37 src/timer_interface.o
                              0x4ce0b (size before relaxing)
 .debug_str     0x00051340      0x271 src/ASF/common/services/clock/sam4s/sysclk.o
                              0x4be0f (size before relaxing)
 .debug_str     0x000515b1      0x58a src/ASF/sam/drivers/pmc/pmc.o
                              0x4b092 (size before relaxing)
 .debug_str     0x00051b3b      0x125 src/ASF/common/boards/user_board/init.o
                              0x4cd7a (size before relaxing)
 .debug_str     0x00051c60      0x428 src/ASF/sam/utils/cmsis/sam4s/source/templates/gcc/startup_sam4s.o
                              0x3a248 (size before relaxing)
 .debug_str     0x00052088       0xb9 src/ASF/sam/utils/cmsis/sam4s/source/templates/system_sam4s.o
                              0x39fed (size before relaxing)
 .debug_str     0x00052141      0x77b src/ASF/sam/utils/syscalls/gcc/syscalls.o
                               0x744d (size before relaxing)
 .debug_str     0x000528bc       0x53 src/main.o
                              0x4f3da (size before relaxing)

.debug_frame    0x00000000     0x256c
 .debug_frame   0x00000000      0x140 src/ASF/sam/drivers/spi/spi.o
 .debug_frame   0x00000140      0x48c src/ASF/sam/drivers/usart/usart.o
 .debug_frame   0x000005cc       0x7c src/ASF/sam/drivers/wdt/wdt.o
 .debug_frame   0x00000648       0xa4 src/camera.o
 .debug_frame   0x000006ec      0x16c src/wifi.o
 .debug_frame   0x00000858       0x20 src/ASF/common/services/delay/sam/cycle_counter.o
 .debug_frame   0x00000878      0x384 src/ASF/sam/drivers/pio/pio.o
 .debug_frame   0x00000bfc       0xdc src/ASF/sam/drivers/pio/pio_handler.o
 .debug_frame   0x00000cd8      0x1a8 src/ASF/sam/drivers/tc/tc.o
 .debug_frame   0x00000e80      0x1d4 src/ASF/sam/drivers/twi/twi.o
 .debug_frame   0x00001054      0x190 src/ov2640.o
 .debug_frame   0x000011e4       0x48 src/timer_interface.o
 .debug_frame   0x0000122c       0x88 src/ASF/common/services/clock/sam4s/sysclk.o
 .debug_frame   0x000012b4      0x408 src/ASF/sam/drivers/pmc/pmc.o
 .debug_frame   0x000016bc       0x20 src/ASF/common/boards/user_board/init.o
 .debug_frame   0x000016dc       0x38 src/ASF/sam/utils/cmsis/sam4s/source/templates/gcc/startup_sam4s.o
 .debug_frame   0x00001714       0x40 src/ASF/sam/utils/cmsis/sam4s/source/templates/system_sam4s.o
 .debug_frame   0x00001754       0xa0 src/ASF/sam/utils/syscalls/gcc/syscalls.o
 .debug_frame   0x000017f4       0x28 src/main.o
 .debug_frame   0x0000181c       0x2c c:/program files (x86)/atmel/studio/7.0/toolchain/arm/arm-gnu-toolchain/bin/../lib/gcc/arm-none-eabi/6.3.1/../../../../arm-none-eabi/lib/thumb/v7e-m\libc.a(lib_a-init.o)
 .debug_frame   0x00001848       0x34 c:/program files (x86)/atmel/studio/7.0/toolchain/arm/arm-gnu-toolchain/bin/../lib/gcc/arm-none-eabi/6.3.1/../../../../arm-none-eabi/lib/thumb/v7e-m\libc.a(lib_a-memset.o)
 .debug_frame   0x0000187c       0x84 c:/program files (x86)/atmel/studio/7.0/toolchain/arm/arm-gnu-toolchain/bin/../lib/gcc/arm-none-eabi/6.3.1/../../../../arm-none-eabi/lib/thumb/v7e-m\libc.a(lib_a-sprintf.o)
 .debug_frame   0x00001900       0xd8 c:/program files (x86)/atmel/studio/7.0/toolchain/arm/arm-gnu-toolchain/bin/../lib/gcc/arm-none-eabi/6.3.1/../../../../arm-none-eabi/lib/thumb/v7e-m\libc.a(lib_a-strstr.o)
 .debug_frame   0x000019d8       0x40 c:/program files (x86)/atmel/studio/7.0/toolchain/arm/arm-gnu-toolchain/bin/../lib/gcc/arm-none-eabi/6.3.1/../../../../arm-none-eabi/lib/thumb/v7e-m\libc.a(lib_a-svfprintf.o)
 .debug_frame   0x00001a18       0x5c c:/program files (x86)/atmel/studio/7.0/toolchain/arm/arm-gnu-toolchain/bin/../lib/gcc/arm-none-eabi/6.3.1/../../../../arm-none-eabi/lib/thumb/v7e-m\libc.a(lib_a-__call_atexit.o)
 .debug_frame   0x00001a74       0x20 c:/program files (x86)/atmel/studio/7.0/toolchain/arm/arm-gnu-toolchain/bin/../lib/gcc/arm-none-eabi/6.3.1/../../../../arm-none-eabi/lib/thumb/v7e-m\libc.a(lib_a-atexit.o)
 .debug_frame   0x00001a94       0x88 c:/program files (x86)/atmel/studio/7.0/toolchain/arm/arm-gnu-toolchain/bin/../lib/gcc/arm-none-eabi/6.3.1/../../../../arm-none-eabi/lib/thumb/v7e-m\libc.a(lib_a-dtoa.o)
 .debug_frame   0x00001b1c       0x34 c:/program files (x86)/atmel/studio/7.0/toolchain/arm/arm-gnu-toolchain/bin/../lib/gcc/arm-none-eabi/6.3.1/../../../../arm-none-eabi/lib/thumb/v7e-m\libc.a(lib_a-fini.o)
 .debug_frame   0x00001b50       0x40 c:/program files (x86)/atmel/studio/7.0/toolchain/arm/arm-gnu-toolchain/bin/../lib/gcc/arm-none-eabi/6.3.1/../../../../arm-none-eabi/lib/thumb/v7e-m\libc.a(lib_a-localeconv.o)
 .debug_frame   0x00001b90       0xb0 c:/program files (x86)/atmel/studio/7.0/toolchain/arm/arm-gnu-toolchain/bin/../lib/gcc/arm-none-eabi/6.3.1/../../../../arm-none-eabi/lib/thumb/v7e-m\libc.a(lib_a-lock.o)
 .debug_frame   0x00001c40       0x58 c:/program files (x86)/atmel/studio/7.0/toolchain/arm/arm-gnu-toolchain/bin/../lib/gcc/arm-none-eabi/6.3.1/../../../../arm-none-eabi/lib/thumb/v7e-m\libc.a(lib_a-mallocr.o)
 .debug_frame   0x00001c98       0x3c c:/program files (x86)/atmel/studio/7.0/toolchain/arm/arm-gnu-toolchain/bin/../lib/gcc/arm-none-eabi/6.3.1/../../../../arm-none-eabi/lib/thumb/v7e-m\libc.a(lib_a-memcmp.o)
 .debug_frame   0x00001cd4       0x30 c:/program files (x86)/atmel/studio/7.0/toolchain/arm/arm-gnu-toolchain/bin/../lib/gcc/arm-none-eabi/6.3.1/../../../../arm-none-eabi/lib/thumb/v7e-m\libc.a(lib_a-mlock.o)
 .debug_frame   0x00001d04      0x25c c:/program files (x86)/atmel/studio/7.0/toolchain/arm/arm-gnu-toolchain/bin/../lib/gcc/arm-none-eabi/6.3.1/../../../../arm-none-eabi/lib/thumb/v7e-m\libc.a(lib_a-mprec.o)
 .debug_frame   0x00001f60       0x2c c:/program files (x86)/atmel/studio/7.0/toolchain/arm/arm-gnu-toolchain/bin/../lib/gcc/arm-none-eabi/6.3.1/../../../../arm-none-eabi/lib/thumb/v7e-m\libc.a(lib_a-sbrkr.o)
 .debug_frame   0x00001f8c       0x50 c:/program files (x86)/atmel/studio/7.0/toolchain/arm/arm-gnu-toolchain/bin/../lib/gcc/arm-none-eabi/6.3.1/../../../../arm-none-eabi/lib/thumb/v7e-m\libc.a(lib_a-strchr.o)
 .debug_frame   0x00001fdc       0x78 c:/program files (x86)/atmel/studio/7.0/toolchain/arm/arm-gnu-toolchain/bin/../lib/gcc/arm-none-eabi/6.3.1/../../../../arm-none-eabi/lib/thumb/v7e-m\libc.a(lib_a-svfiprintf.o)
 .debug_frame   0x00002054       0x34 c:/program files (x86)/atmel/studio/7.0/toolchain/arm/arm-gnu-toolchain/bin/../lib/gcc/arm-none-eabi/6.3.1/../../../../arm-none-eabi/lib/thumb/v7e-m\libc.a(lib_a-__atexit.o)
 .debug_frame   0x00002088       0x28 c:/program files (x86)/atmel/studio/7.0/toolchain/arm/arm-gnu-toolchain/bin/../lib/gcc/arm-none-eabi/6.3.1/../../../../arm-none-eabi/lib/thumb/v7e-m\libc.a(lib_a-callocr.o)
 .debug_frame   0x000020b0       0x74 c:/program files (x86)/atmel/studio/7.0/toolchain/arm/arm-gnu-toolchain/bin/../lib/gcc/arm-none-eabi/6.3.1/../../../../arm-none-eabi/lib/thumb/v7e-m\libc.a(lib_a-freer.o)
 .debug_frame   0x00002124       0x6c c:/program files (x86)/atmel/studio/7.0/toolchain/arm/arm-gnu-toolchain/bin/../lib/gcc/arm-none-eabi/6.3.1/../../../../arm-none-eabi/lib/thumb/v7e-m\libc.a(lib_a-locale.o)
 .debug_frame   0x00002190       0x4c c:/program files (x86)/atmel/studio/7.0/toolchain/arm/arm-gnu-toolchain/bin/../lib/gcc/arm-none-eabi/6.3.1/../../../../arm-none-eabi/lib/thumb/v7e-m\libc.a(lib_a-mbtowc_r.o)
 .debug_frame   0x000021dc       0x30 c:/program files (x86)/atmel/studio/7.0/toolchain/arm/arm-gnu-toolchain/bin/../lib/gcc/arm-none-eabi/6.3.1/../../../../arm-none-eabi/lib/thumb/v7e-m\libc.a(lib_a-memmove.o)
 .debug_frame   0x0000220c       0x68 c:/program files (x86)/atmel/studio/7.0/toolchain/arm/arm-gnu-toolchain/bin/../lib/gcc/arm-none-eabi/6.3.1/../../../../arm-none-eabi/lib/thumb/v7e-m\libc.a(lib_a-reallocr.o)
 .debug_frame   0x00002274       0x58 c:/program files (x86)/atmel/studio/7.0/toolchain/arm/arm-gnu-toolchain/bin/../lib/gcc/arm-none-eabi/6.3.1/../../../../arm-none-eabi/lib/thumb/v7e-m\libc.a(lib_a-reent.o)
 .debug_frame   0x000022cc       0x3c c:/program files (x86)/atmel/studio/7.0/toolchain/arm/arm-gnu-toolchain/bin/../lib/gcc/arm-none-eabi/6.3.1/../../../../arm-none-eabi/lib/thumb/v7e-m\libc.a(lib_a-wctomb_r.o)
 .debug_frame   0x00002308       0xac c:/program files (x86)/atmel/studio/7.0/toolchain/arm/arm-gnu-toolchain/bin/../lib/gcc/arm-none-eabi/6.3.1/thumb/v7e-m\libgcc.a(_arm_addsubdf3.o)
 .debug_frame   0x000023b4       0x50 c:/program files (x86)/atmel/studio/7.0/toolchain/arm/arm-gnu-toolchain/bin/../lib/gcc/arm-none-eabi/6.3.1/thumb/v7e-m\libgcc.a(_arm_muldivdf3.o)
 .debug_frame   0x00002404       0xc4 c:/program files (x86)/atmel/studio/7.0/toolchain/arm/arm-gnu-toolchain/bin/../lib/gcc/arm-none-eabi/6.3.1/thumb/v7e-m\libgcc.a(_arm_cmpdf2.o)
 .debug_frame   0x000024c8       0x20 c:/program files (x86)/atmel/studio/7.0/toolchain/arm/arm-gnu-toolchain/bin/../lib/gcc/arm-none-eabi/6.3.1/thumb/v7e-m\libgcc.a(_arm_unorddf2.o)
 .debug_frame   0x000024e8       0x24 c:/program files (x86)/atmel/studio/7.0/toolchain/arm/arm-gnu-toolchain/bin/../lib/gcc/arm-none-eabi/6.3.1/thumb/v7e-m\libgcc.a(_arm_fixdfsi.o)
 .debug_frame   0x0000250c       0x2c c:/program files (x86)/atmel/studio/7.0/toolchain/arm/arm-gnu-toolchain/bin/../lib/gcc/arm-none-eabi/6.3.1/thumb/v7e-m\libgcc.a(_aeabi_uldivmod.o)
 .debug_frame   0x00002538       0x34 c:/program files (x86)/atmel/studio/7.0/toolchain/arm/arm-gnu-toolchain/bin/../lib/gcc/arm-none-eabi/6.3.1/thumb/v7e-m\libgcc.a(_udivmoddi4.o)

Cross Reference Table

Symbol                                            File
ACC_Handler                                       src/ASF/sam/utils/cmsis/sam4s/source/templates/gcc/startup_sam4s.o
ADC_Handler                                       src/ASF/sam/utils/cmsis/sam4s/source/templates/gcc/startup_sam4s.o
BusFault_Handler                                  src/ASF/sam/utils/cmsis/sam4s/source/templates/gcc/startup_sam4s.o
CRCCU_Handler                                     src/ASF/sam/utils/cmsis/sam4s/source/templates/gcc/startup_sam4s.o
DACC_Handler                                      src/ASF/sam/utils/cmsis/sam4s/source/templates/gcc/startup_sam4s.o
DebugMon_Handler                                  src/ASF/sam/utils/cmsis/sam4s/source/templates/gcc/startup_sam4s.o
Dummy_Handler                                     src/ASF/sam/utils/cmsis/sam4s/source/templates/gcc/startup_sam4s.o
EFC0_Handler                                      src/ASF/sam/utils/cmsis/sam4s/source/templates/gcc/startup_sam4s.o
HSMCI_Handler                                     src/ASF/sam/utils/cmsis/sam4s/source/templates/gcc/startup_sam4s.o
HardFault_Handler                                 src/ASF/sam/utils/cmsis/sam4s/source/templates/gcc/startup_sam4s.o
MemManage_Handler                                 src/ASF/sam/utils/cmsis/sam4s/source/templates/gcc/startup_sam4s.o
NMI_Handler                                       src/ASF/sam/utils/cmsis/sam4s/source/templates/gcc/startup_sam4s.o
OV2640_JPEG                                       src/ov2640_table_registers.o
                                                  src/ov2640.o
OV2640_JPEG_1024x768                              src/ov2640_table_registers.o
                                                  src/ov2640.o
OV2640_JPEG_1280x1024                             src/ov2640_table_registers.o
                                                  src/ov2640.o
OV2640_JPEG_1600x1200                             src/ov2640_table_registers.o
                                                  src/ov2640.o
OV2640_JPEG_320x240                               src/ov2640_table_registers.o
                                                  src/ov2640.o
OV2640_JPEG_640x480                               src/ov2640_table_registers.o
                                                  src/ov2640.o
OV2640_JPEG_800x600                               src/ov2640_table_registers.o
                                                  src/ov2640.o
OV2640_JPEG_INIT                                  src/ov2640_table_registers.o
                                                  src/ov2640.o
OV2640_QQVGA_RGB888                               src/ov2640_table_registers.o
                                                  src/ov2640.o
OV2640_QQVGA_YUV422                               src/ov2640_table_registers.o
                                                  src/ov2640.o
OV2640_QVGA_RGB888                                src/ov2640_table_registers.o
                                                  src/ov2640.o
OV2640_QVGA_YUV422_10FPS                          src/ov2640_table_registers.o
                                                  src/ov2640.o
OV2640_QVGA_YUV422_15FPS                          src/ov2640_table_registers.o
                                                  src/ov2640.o
OV2640_QVGA_YUV422_20FPS                          src/ov2640_table_registers.o
                                                  src/ov2640.o
OV2640_QVGA_YUV422_30FPS                          src/ov2640_table_registers.o
                                                  src/ov2640.o
OV2640_TEST_PATTERN                               src/ov2640_table_registers.o
                                                  src/ov2640.o