Archive member included to satisfy reference by file (symbol)

c:/program files (x86)/atmel/studio/7.0/toolchain/arm/arm-gnu-toolchain/bin/../lib/gcc/arm-none-eabi/6.3.1/thumb/v7e-m\libgcc.a(_aeabi_uldivmod.o)
                              src/wifi.o (__aeabi_uldivmod)
c:/program files (x86)/atmel/studio/7.0/toolchain/arm/arm-gnu-toolchain/bin/../lib/gcc/arm-none-eabi/6.3.1/thumb/v7e-m\libgcc.a(_udivmoddi4.o)
                              c:/program files (x86)/atmel/studio/7.0/toolchain/arm/arm-gnu-toolchain/bin/../lib/gcc/arm-none-eabi/6.3.1/thumb/v7e-m\libgcc.a(_aeabi_uldivmod.o) (__udivmoddi4)
c:/program files (x86)/atmel/studio/7.0/toolchain/arm/arm-gnu-toolchain/bin/../lib/gcc/arm-none-eabi/6.3.1/thumb/v7e-m\libgcc.a(_dvmd_tls.o)
                              c:/program files (x86)/atmel/studio/7.0/toolchain/arm/arm-gnu-toolchain/bin/../lib/gcc/arm-none-eabi/6.3.1/thumb/v7e-m\libgcc.a(_aeabi_uldivmod.o) (__aeabi_ldiv0)
c:/program files (x86)/atmel/studio/7.0/toolchain/arm/arm-gnu-toolchain/bin/../lib/gcc/arm-none-eabi/6.3.1/../../../../arm-none-eabi/lib/thumb/v7e-m\libc.a(lib_a-exit.o)
                              c:/program files (x86)/atmel/studio/7.0/toolchain/arm/arm-gnu-toolchain/bin/../lib/gcc/arm-none-eabi/6.3.1/../../../../arm-none-eabi/lib/thumb/v7e-m/crt0.o (exit)
c:/program files (x86)/atmel/studio/7.0/toolchain/arm/arm-gnu-toolchain/bin/../lib/gcc/arm-none-eabi/6.3.1/../../../../arm-none-eabi/lib/thumb/v7e-m\libc.a(lib_a-impure.o)
                              c:/program files (x86)/atmel/studio/7.0/toolchain/arm/arm-gnu-toolchain/bin/../lib/gcc/arm-none-eabi/6.3.1/../../../../arm-none-eabi/lib/thumb/v7e-m\libc.a(lib_a-exit.o) (_global_impure_ptr)
c:/program files (x86)/atmel/studio/7.0/toolchain/arm/arm-gnu-toolchain/bin/../lib/gcc/arm-none-eabi/6.3.1/../../../../arm-none-eabi/lib/thumb/v7e-m\libc.a(lib_a-init.o)
                              c:/program files (x86)/atmel/studio/7.0/toolchain/arm/arm-gnu-toolchain/bin/../lib/gcc/arm-none-eabi/6.3.1/../../../../arm-none-eabi/lib/thumb/v7e-m/crt0.o (__libc_init_array)
c:/program files (x86)/atmel/studio/7.0/toolchain/arm/arm-gnu-toolchain/bin/../lib/gcc/arm-none-eabi/6.3.1/../../../../arm-none-eabi/lib/thumb/v7e-m\libc.a(lib_a-memset.o)
                              c:/program files (x86)/atmel/studio/7.0/toolchain/arm/arm-gnu-toolchain/bin/../lib/gcc/arm-none-eabi/6.3.1/../../../../arm-none-eabi/lib/thumb/v7e-m/crt0.o (memset)
c:/program files (x86)/atmel/studio/7.0/toolchain/arm/arm-gnu-toolchain/bin/../lib/gcc/arm-none-eabi/6.3.1/../../../../arm-none-eabi/lib/thumb/v7e-m\libc.a(lib_a-strstr.o)
                              src/wifi.o (strstr)
c:/program files (x86)/atmel/studio/7.0/toolchain/arm/arm-gnu-toolchain/bin/../lib/gcc/arm-none-eabi/6.3.1/../../../../arm-none-eabi/lib/thumb/v7e-m\libc.a(lib_a-__call_atexit.o)
                              c:/program files (x86)/atmel/studio/7.0/toolchain/arm/arm-gnu-toolchain/bin/../lib/gcc/arm-none-eabi/6.3.1/../../../../arm-none-eabi/lib/thumb/v7e-m\libc.a(lib_a-exit.o) (__call_exitprocs)
c:/program files (x86)/atmel/studio/7.0/toolchain/arm/arm-gnu-toolchain/bin/../lib/gcc/arm-none-eabi/6.3.1/../../../../arm-none-eabi/lib/thumb/v7e-m\libc.a(lib_a-atexit.o)
                              c:/program files (x86)/atmel/studio/7.0/toolchain/arm/arm-gnu-toolchain/bin/../lib/gcc/arm-none-eabi/6.3.1/../../../../arm-none-eabi/lib/thumb/v7e-m\libc.a(lib_a-__call_atexit.o) (atexit)
c:/program files (x86)/atmel/studio/7.0/toolchain/arm/arm-gnu-toolchain/bin/../lib/gcc/arm-none-eabi/6.3.1/../../../../arm-none-eabi/lib/thumb/v7e-m\libc.a(lib_a-fini.o)
                              c:/program files (x86)/atmel/studio/7.0/toolchain/arm/arm-gnu-toolchain/bin/../lib/gcc/arm-none-eabi/6.3.1/../../../../arm-none-eabi/lib/thumb/v7e-m\libc.a(lib_a-__call_atexit.o) (__libc_fini_array)
c:/program files (x86)/atmel/studio/7.0/toolchain/arm/arm-gnu-toolchain/bin/../lib/gcc/arm-none-eabi/6.3.1/../../../../arm-none-eabi/lib/thumb/v7e-m\libc.a(lib_a-lock.o)
                              c:/program files (x86)/atmel/studio/7.0/toolchain/arm/arm-gnu-toolchain/bin/../lib/gcc/arm-none-eabi/6.3.1/../../../../arm-none-eabi/lib/thumb/v7e-m\libc.a(lib_a-__call_atexit.o) (__retarget_lock_acquire_recursive)
c:/program files (x86)/atmel/studio/7.0/toolchain/arm/arm-gnu-toolchain/bin/../lib/gcc/arm-none-eabi/6.3.1/../../../../arm-none-eabi/lib/thumb/v7e-m\libc.a(lib_a-memchr.o)
                              c:/program files (x86)/atmel/studio/7.0/toolchain/arm/arm-gnu-toolchain/bin/../lib/gcc/arm-none-eabi/6.3.1/../../../../arm-none-eabi/lib/thumb/v7e-m\libc.a(lib_a-strstr.o) (memchr)
c:/program files (x86)/atmel/studio/7.0/toolchain/arm/arm-gnu-toolchain/bin/../lib/gcc/arm-none-eabi/6.3.1/../../../../arm-none-eabi/lib/thumb/v7e-m\libc.a(lib_a-memcmp.o)
[...]
Memory Configuration

Name             Origin             Length             Attributes
rom              0x00400000         0x00080000         xr
ram              0x20000000         0x00020000         xrw
*default*        0x00000000         0xffffffff

Linker script and memory map

LOAD c:/program files (x86)/atmel/studio/7.0/toolchain/arm/arm-gnu-toolchain/bin/../lib/gcc/arm-none-eabi/6.3.1/thumb/v7e-m/crti.o
LOAD c:/program files (x86)/atmel/studio/7.0/toolchain/arm/arm-gnu-toolchain/bin/../lib/gcc/arm-none-eabi/6.3.1/thumb/v7e-m/crtbegin.o
LOAD c:/program files (x86)/atmel/studio/7.0/toolchain/arm/arm-gnu-toolchain/bin/../lib/gcc/arm-none-eabi/6.3.1/../../../../arm-none-eabi/lib/thumb/v7e-m/crt0.o
LOAD src/ASF/common/services/serial/usart_serial.o
LOAD src/ASF/common/utils/stdio/read.o
LOAD src/ASF/common/utils/stdio/write.o
LOAD src/ASF/sam/drivers/pdc/pdc.o
LOAD src/ASF/sam/drivers/spi/spi.o
LOAD src/ASF/sam/drivers/uart/uart.o
LOAD src/ASF/sam/drivers/usart/usart.o
LOAD src/ASF/sam/drivers/wdt/wdt.o
LOAD src/camera.o
LOAD src/wifi.o
LOAD src/ASF/common/services/delay/sam/cycle_counter.o
LOAD src/ASF/sam/drivers/pio/pio.o
LOAD src/ASF/sam/drivers/pio/pio_handler.o
LOAD src/ASF/sam/drivers/tc/tc.o
LOAD src/ASF/sam/drivers/twi/twi.o
LOAD src/ov2640.o
LOAD src/ov2640_table_registers.o
LOAD src/timer_interface.o
LOAD src/ASF/common/services/clock/sam4s/sysclk.o
LOAD src/ASF/sam/drivers/pmc/pmc.o
LOAD src/ASF/sam/drivers/pmc/sleep.o
LOAD src/ASF/common/boards/user_board/init.o
LOAD src/ASF/common/utils/interrupt/interrupt_sam_nvic.o
LOAD src/ASF/sam/utils/cmsis/sam4s/source/templates/gcc/startup_sam4s.o
LOAD src/ASF/sam/utils/cmsis/sam4s/source/templates/system_sam4s.o
LOAD src/ASF/sam/utils/syscalls/gcc/syscalls.o
LOAD src/main.o
START GROUP
LOAD ../src/ASF/thirdparty/CMSIS/Lib/GCC\libarm_cortexM4l_math.a
LOAD c:/program files (x86)/atmel/studio/7.0/toolchain/arm/arm-gnu-toolchain/bin/../lib/gcc/arm-none-eabi/6.3.1/../../../../arm-none-eabi/lib/thumb/v7e-m\libm.a
END GROUP
START GROUP
LOAD c:/program files (x86)/atmel/studio/7.0/toolchain/arm/arm-gnu-toolchain/bin/../lib/gcc/arm-none-eabi/6.3.1/thumb/v7e-m\libgcc.a
LOAD c:/program files (x86)/atmel/studio/7.0/toolchain/arm/arm-gnu-toolchain/bin/../lib/gcc/arm-none-eabi/6.3.1/../../../../arm-none-eabi/lib/thumb/v7e-m\libc.a
END GROUP
LOAD c:/program files (x86)/atmel/studio/7.0/toolchain/arm/arm-gnu-toolchain/bin/../lib/gcc/arm-none-eabi/6.3.1/thumb/v7e-m/crtend.o
LOAD c:/program files (x86)/atmel/studio/7.0/toolchain/arm/arm-gnu-toolchain/bin/../lib/gcc/arm-none-eabi/6.3.1/thumb/v7e-m/crtn.o
                0x00003000                __stack_size__ = DEFINED (__stack_size__)?__stack_size__:0x3000
                0x2001fffc                __ram_end__ = ((ORIGIN (ram) + LENGTH (ram)) - 0x4)

.text           0x00400000     0x2b90
                0x00400000                . = ALIGN (0x4)
                0x00400000                _sfixed = .
 *(.vectors .vectors.*)
 .vectors       0x00400000       0xcc src/ASF/sam/utils/cmsis/sam4s/source/templates/gcc/startup_sam4s.o
                0x00400000                exception_table
 *(.text .text.* .gnu.linkonce.t.*)
 .text          0x004000cc       0x6c c:/program files (x86)/atmel/studio/7.0/toolchain/arm/arm-gnu-toolchain/bin/../lib/gcc/arm-none-eabi/6.3.1/thumb/v7e-m/crtbegin.o
 .text.sysclk_enable_peripheral_clock
                0x00400138       0x1c src/ASF/sam/drivers/spi/spi.o
 .text.spi_enable_clock
                0x00400154       0x1c src/ASF/sam/drivers/spi/spi.o
                0x00400154                spi_enable_clock
 .text.spi_set_peripheral_chip_select_value
                0x00400170       0x32 src/ASF/sam/drivers/spi/spi.o
                0x00400170                spi_set_peripheral_chip_select_value
 .text.spi_set_clock_polarity
                0x004001a2       0x4e src/ASF/sam/drivers/spi/spi.o
                0x004001a2                spi_set_clock_polarity
 .text.spi_set_clock_phase
                0x004001f0       0x4e src/ASF/sam/drivers/spi/spi.o
                0x004001f0                spi_set_clock_phase
 .text.spi_set_bits_per_transfer
                0x0040023e       0x48 src/ASF/sam/drivers/spi/spi.o
                0x0040023e                spi_set_bits_per_transfer
 .text.usart_set_async_baudrate
                0x00400286       0x88 src/ASF/sam/drivers/usart/usart.o
                0x00400286                usart_set_async_baudrate
 *fill*         0x0040030e        0x2 
 .text.usart_reset
                0x00400310       0x60 src/ASF/sam/drivers/usart/usart.o
                0x00400310                usart_reset
 .text.usart_init_rs232
                0x00400370       0x84 src/ASF/sam/drivers/usart/usart.o
                0x00400370                usart_init_rs232
 .text.usart_enable_tx
                0x004003f4       0x18 src/ASF/sam/drivers/usart/usart.o
                0x004003f4                usart_enable_tx
 .text.usart_reset_tx
                0x0040040c       0x18 src/ASF/sam/drivers/usart/usart.o
                0x0040040c                usart_reset_tx
 .text.usart_enable_rx
                0x00400424       0x18 src/ASF/sam/drivers/usart/usart.o
                0x00400424                usart_enable_rx
 .text.usart_reset_rx
                0x0040043c       0x18 src/ASF/sam/drivers/usart/usart.o
                0x0040043c                usart_reset_rx
 .text.usart_enable_interrupt
                0x00400454       0x1a src/ASF/sam/drivers/usart/usart.o
                0x00400454                usart_enable_interrupt
 .text.usart_disable_interrupt
                0x0040046e       0x1a src/ASF/sam/drivers/usart/usart.o
                0x0040046e                usart_disable_interrupt
 .text.usart_get_status
                0x00400488       0x16 src/ASF/sam/drivers/usart/usart.o
                0x00400488                usart_get_status
 .text.usart_reset_status
                0x0040049e       0x1a src/ASF/sam/drivers/usart/usart.o
                0x0040049e                usart_reset_status
 .text.usart_drive_DTR_pin_high
                0x004004b8       0x1a src/ASF/sam/drivers/usart/usart.o
                0x004004b8                usart_drive_DTR_pin_high
 .text.usart_drive_RTS_pin_high
                0x004004d2       0x1a src/ASF/sam/drivers/usart/usart.o
                0x004004d2                usart_drive_RTS_pin_high
 .text.usart_putchar
                0x004004ec       0x2e src/ASF/sam/drivers/usart/usart.o
                0x004004ec                usart_putchar
 *fill*         0x0040051a        0x2 
 .text.usart_write_line
                0x0040051c       0x30 src/ASF/sam/drivers/usart/usart.o
                0x0040051c                usart_write_line
 .text.usart_read
                0x0040054c       0x32 src/ASF/sam/drivers/usart/usart.o
                0x0040054c                usart_read
 *fill*         0x0040057e        0x2 
 .text.usart_disable_writeprotect
                0x00400580       0x20 src/ASF/sam/drivers/usart/usart.o
                0x00400580                usart_disable_writeprotect
 .text.wdt_disable
                0x004005a0       0x1a src/ASF/sam/drivers/wdt/wdt.o
                0x004005a0                wdt_disable
 *fill*         0x004005ba        0x2 
 .text.__NVIC_EnableIRQ
                0x004005bc       0x38 src/wifi.o
 .text.__NVIC_DisableIRQ
                0x004005f4       0x44 src/wifi.o
 .text.__NVIC_ClearPendingIRQ
                0x00400638       0x3c src/wifi.o
 .text.__NVIC_SetPriority
                0x00400674       0x54 src/wifi.o
 .text.osc_get_rate
                0x004006c8       0x74 src/wifi.o
 .text.sysclk_get_main_hz
                0x0040073c       0x1c src/wifi.o
 .text.sysclk_get_cpu_hz
                0x00400758       0x14 src/wifi.o
 .text.sysclk_get_peripheral_hz
                0x0040076c       0x14 src/wifi.o
 .text.sysclk_enable_peripheral_clock
                0x00400780       0x1c src/wifi.o
 .text.spi_reset
                0x0040079c       0x18 src/wifi.o
 .text.spi_enable
                0x004007b4       0x18 src/wifi.o
 .text.spi_disable
                0x004007cc       0x18 src/wifi.o
 .text.spi_set_slave_mode
                0x004007e4       0x1e src/wifi.o
 .text.spi_disable_mode_fault_detect
                0x00400802       0x1e src/wifi.o
 .text.spi_enable_interrupt
                0x00400820       0x1a src/wifi.o
 *fill*         0x0040083a        0x2 
 .text.USART0_Handler
                0x0040083c       0x54 src/wifi.o
                0x0040083c                USART0_Handler
 .text.process_incoming_byte_wifi
                0x00400890       0x2c src/wifi.o
                0x00400890                process_incoming_byte_wifi
 .text.wifi_command_response_handler
                0x004008bc       0x48 src/wifi.o
                0x004008bc                wifi_command_response_handler
 .text.process_data_wifi
                0x00400904       0x2c src/wifi.o
                0x00400904                process_data_wifi
 .text.configure_usart
                0x00400930       0x9c src/wifi.o
                0x00400930                configure_usart
 .text.configure_wifi_comm_pin
                0x004009cc       0x4c src/wifi.o
                0x004009cc                configure_wifi_comm_pin
 .text.configure_usart_wifi
                0x00400a18       0xa8 src/wifi.o
                0x00400a18                configure_usart_wifi
 .text.configure_spi
                0x00400ac0       0x60 src/wifi.o
                0x00400ac0                configure_spi
 .text.spi_peripheral_initialize
                0x00400b20       0x8c src/wifi.o
                0x00400b20                spi_peripheral_initialize
 .text.write_wifi_command
                0x00400bac       0xec src/wifi.o
                0x00400bac                write_wifi_command
 .text.pio_pull_up
                0x00400c98       0x2a src/ASF/sam/drivers/pio/pio.o
                0x00400c98                pio_pull_up
 .text.pio_set_peripheral
                0x00400cc2      0x10e src/ASF/sam/drivers/pio/pio.o
                0x00400cc2                pio_set_peripheral
 .text.pio_set_input
                0x00400dd0       0x80 src/ASF/sam/drivers/pio/pio.o
                0x00400dd0                pio_set_input
 .text.pio_set_output
                0x00400e50       0x64 src/ASF/sam/drivers/pio/pio.o
                0x00400e50                pio_set_output
 .text.pio_configure_interrupt
                0x00400eb4       0x6a src/ASF/sam/drivers/pio/pio.o
                0x00400eb4                pio_configure_interrupt
 .text.pio_enable_interrupt
                0x00400f1e       0x1a src/ASF/sam/drivers/pio/pio.o
                0x00400f1e                pio_enable_interrupt
 .text.pio_disable_interrupt
                0x00400f38       0x1a src/ASF/sam/drivers/pio/pio.o
                0x00400f38                pio_disable_interrupt
 .text.pio_get_interrupt_status
                0x00400f52       0x16 src/ASF/sam/drivers/pio/pio.o
                0x00400f52                pio_get_interrupt_status
 .text.pio_get_interrupt_mask
                0x00400f68       0x16 src/ASF/sam/drivers/pio/pio.o
                0x00400f68                pio_get_interrupt_mask
 *fill*         0x00400f7e        0x2 
 .text.pio_configure_pin
                0x00400f80      0x1b0 src/ASF/sam/drivers/pio/pio.o
                0x00400f80                pio_configure_pin
 .text.pio_get_pin_group
                0x00401130       0x24 src/ASF/sam/drivers/pio/pio.o
                0x00401130                pio_get_pin_group
 .text.pio_handler_process
                0x00401154       0xd4 src/ASF/sam/drivers/pio/pio_handler.o
                0x00401154                pio_handler_process
 .text.pio_handler_set
                0x00401228       0xa0 src/ASF/sam/drivers/pio/pio_handler.o
                0x00401228                pio_handler_set
 .text.PIOA_Handler
                0x004012c8       0x18 src/ASF/sam/drivers/pio/pio_handler.o
                0x004012c8                PIOA_Handler
 .text.PIOB_Handler
                0x004012e0       0x18 src/ASF/sam/drivers/pio/pio_handler.o
                0x004012e0                PIOB_Handler
 .text.tc_init  0x004012f8       0x38 src/ASF/sam/drivers/tc/tc.o
                0x004012f8                tc_init
 .text.tc_start
                0x00401330       0x20 src/ASF/sam/drivers/tc/tc.o
                0x00401330                tc_start
 .text.tc_write_rc
                0x00401350       0x24 src/ASF/sam/drivers/tc/tc.o
                0x00401350                tc_write_rc
 .text.tc_enable_interrupt
                0x00401374       0x26 src/ASF/sam/drivers/tc/tc.o
                0x00401374                tc_enable_interrupt
 .text.tc_get_status
                0x0040139a       0x22 src/ASF/sam/drivers/tc/tc.o
                0x0040139a                tc_get_status
 .text.tc_find_mck_divisor
                0x004013bc       0xa4 src/ASF/sam/drivers/tc/tc.o
                0x004013bc                tc_find_mck_divisor
 .text.__NVIC_EnableIRQ
                0x00401460       0x38 src/timer_interface.o
 .text.osc_get_rate
                0x00401498       0x74 src/timer_interface.o
 .text.sysclk_get_main_hz
                0x0040150c       0x1c src/timer_interface.o
 .text.sysclk_get_cpu_hz
                0x00401528       0x14 src/timer_interface.o
 .text.TC0_Handler
                0x0040153c       0x3c src/timer_interface.o
                0x0040153c                TC0_Handler
 .text.configure_tc
                0x00401578       0x8c src/timer_interface.o
                0x00401578                configure_tc
 .text.osc_enable
                0x00401604       0x88 src/ASF/common/services/clock/sam4s/sysclk.o
 .text.osc_is_ready
                0x0040168c       0x70 src/ASF/common/services/clock/sam4s/sysclk.o
 .text.osc_get_rate
                0x004016fc       0x74 src/ASF/common/services/clock/sam4s/sysclk.o
 .text.osc_wait_ready
                0x00401770       0x2c src/ASF/common/services/clock/sam4s/sysclk.o
 .text.pll_config_init
                0x0040179c       0x54 src/ASF/common/services/clock/sam4s/sysclk.o
 .text.pll_enable
                0x004017f0       0x44 src/ASF/common/services/clock/sam4s/sysclk.o
 .text.pll_is_locked
                0x00401834       0x2c src/ASF/common/services/clock/sam4s/sysclk.o
 .text.pll_enable_source
                0x00401860       0x38 src/ASF/common/services/clock/sam4s/sysclk.o
 .text.pll_wait_for_lock
                0x00401898       0x24 src/ASF/common/services/clock/sam4s/sysclk.o
 .text.sysclk_get_main_hz
                0x004018bc       0x1c src/ASF/common/services/clock/sam4s/sysclk.o
 .text.sysclk_get_cpu_hz
                0x004018d8       0x14 src/ASF/common/services/clock/sam4s/sysclk.o
 .text.sysclk_init
                0x004018ec       0x70 src/ASF/common/services/clock/sam4s/sysclk.o
                0x004018ec                sysclk_init
 .text.pmc_switch_mck_to_pllack
                0x0040195c       0x80 src/ASF/sam/drivers/pmc/pmc.o
                0x0040195c                pmc_switch_mck_to_pllack
 .text.pmc_switch_sclk_to_32kxtal
                0x004019dc       0x38 src/ASF/sam/drivers/pmc/pmc.o
                0x004019dc                pmc_switch_sclk_to_32kxtal
 .text.pmc_osc_is_ready_32kxtal
                0x00401a14       0x34 src/ASF/sam/drivers/pmc/pmc.o
                0x00401a14                pmc_osc_is_ready_32kxtal
 .text.pmc_switch_mainck_to_fastrc
                0x00401a48       0x70 src/ASF/sam/drivers/pmc/pmc.o
                0x00401a48                pmc_switch_mainck_to_fastrc
 .text.pmc_switch_mainck_to_xtal
                0x00401ab8       0x78 src/ASF/sam/drivers/pmc/pmc.o
                0x00401ab8                pmc_switch_mainck_to_xtal
 .text.pmc_osc_is_ready_mainck
                0x00401b30       0x18 src/ASF/sam/drivers/pmc/pmc.o
                0x00401b30                pmc_osc_is_ready_mainck
 .text.pmc_disable_pllack
                0x00401b48       0x18 src/ASF/sam/drivers/pmc/pmc.o
                0x00401b48                pmc_disable_pllack
 .text.pmc_is_locked_pllack
                0x00401b60       0x18 src/ASF/sam/drivers/pmc/pmc.o
                0x00401b60                pmc_is_locked_pllack
 .text.pmc_disable_pllbck
                0x00401b78       0x18 src/ASF/sam/drivers/pmc/pmc.o
                0x00401b78                pmc_disable_pllbck
 .text.pmc_is_locked_pllbck
                0x00401b90       0x18 src/ASF/sam/drivers/pmc/pmc.o
                0x00401b90                pmc_is_locked_pllbck
 .text.pmc_enable_periph_clk
                0x00401ba8       0x80 src/ASF/sam/drivers/pmc/pmc.o
                0x00401ba8                pmc_enable_periph_clk
 .text.board_init
                0x00401c28        0xc src/ASF/common/boards/user_board/init.o
                0x00401c28                board_init
 .text.Reset_Handler
                0x00401c34       0xc8 src/ASF/sam/utils/cmsis/sam4s/source/templates/gcc/startup_sam4s.o
                0x00401c34                Reset_Handler
 .text.Dummy_Handler
                0x00401cfc        0x6 src/ASF/sam/utils/cmsis/sam4s/source/templates/gcc/startup_sam4s.o
                0x00401cfc                DACC_Handler
                0x00401cfc                DebugMon_Handler
                0x00401cfc                HardFault_Handler
                0x00401cfc                TC2_Handler
                0x00401cfc                SPI_Handler
                0x00401cfc                SysTick_Handler
                0x00401cfc                TWI1_Handler
                0x00401cfc                PendSV_Handler
                0x00401cfc                NMI_Handler
                0x00401cfc                ADC_Handler
                0x00401cfc                CRCCU_Handler
                0x00401cfc                RTT_Handler
                0x00401cfc                RTC_Handler
                0x00401cfc                UsageFault_Handler
                0x00401cfc                WDT_Handler
                0x00401cfc                TC1_Handler
                0x00401cfc                HSMCI_Handler
                0x00401cfc                UART1_Handler
                0x00401cfc                Dummy_Handler
                0x00401cfc                TWI0_Handler
                0x00401cfc                USART1_Handler
                0x00401cfc                SSC_Handler
                0x00401cfc                EFC0_Handler
                0x00401cfc                ACC_Handler
                0x00401cfc                PMC_Handler
                0x00401cfc                PWM_Handler
                0x00401cfc                MemManage_Handler
                0x00401cfc                SUPC_Handler
                0x00401cfc                SVC_Handler
                0x00401cfc                UART0_Handler
                0x00401cfc                UDP_Handler
                0x00401cfc                BusFault_Handler
                0x00401cfc                RSTC_Handler
 *fill*         0x00401d02        0x2 
 .text.SystemCoreClockUpdate
                0x00401d04      0x198 src/ASF/sam/utils/cmsis/sam4s/source/templates/system_sam4s.o
                0x00401d04                SystemCoreClockUpdate
 .text.system_init_flash
                0x00401e9c       0x94 src/ASF/sam/utils/cmsis/sam4s/source/templates/system_sam4s.o
                0x00401e9c                system_init_flash
 .text.main     0x00401f30       0x94 src/main.o
                0x00401f30                main
 .text          0x00401fc4       0x30 c:/program files (x86)/atmel/studio/7.0/toolchain/arm/arm-gnu-toolchain/bin/../lib/gcc/arm-none-eabi/6.3.1/thumb/v7e-m\libgcc.a(_aeabi_uldivmod.o)
                0x00401fc4                __aeabi_uldivmod
 .text          0x00401ff4      0x2dc c:/program files (x86)/atmel/studio/7.0/toolchain/arm/arm-gnu-toolchain/bin/../lib/gcc/arm-none-eabi/6.3.1/thumb/v7e-m\libgcc.a(_udivmoddi4.o)
                0x00401ff4                __udivmoddi4
 .text          0x004022d0        0x4 c:/program files (x86)/atmel/studio/7.0/toolchain/arm/arm-gnu-toolchain/bin/../lib/gcc/arm-none-eabi/6.3.1/thumb/v7e-m\libgcc.a(_dvmd_tls.o)
                0x004022d0                __aeabi_idiv0
                0x004022d0                __aeabi_ldiv0
 .text.__libc_init_array
                0x004022d4       0x50 c:/program files (x86)/atmel/studio/7.0/toolchain/arm/arm-gnu-toolchain/bin/../lib/gcc/arm-none-eabi/6.3.1/../../../../arm-none-eabi/lib/thumb/v7e-m\libc.a(lib_a-init.o)
                0x004022d4                __libc_init_array
 .text.critical_factorization
                0x00402324       0xb4 c:/program files (x86)/atmel/studio/7.0/toolchain/arm/arm-gnu-toolchain/bin/../lib/gcc/arm-none-eabi/6.3.1/../../../../arm-none-eabi/lib/thumb/v7e-m\libc.a(lib_a-strstr.o)
 .text.two_way_long_needle
                0x004023d8      0x1fc c:/program files (x86)/atmel/studio/7.0/toolchain/arm/arm-gnu-toolchain/bin/../lib/gcc/arm-none-eabi/6.3.1/../../../../arm-none-eabi/lib/thumb/v7e-m\libc.a(lib_a-strstr.o)
 .text.strstr   0x004025d4      0x218 c:/program files (x86)/atmel/studio/7.0/toolchain/arm/arm-gnu-toolchain/bin/../lib/gcc/arm-none-eabi/6.3.1/../../../../arm-none-eabi/lib/thumb/v7e-m\libc.a(lib_a-strstr.o)
                0x004025d4                strstr
 .text.startup.register_fini
                0x004027ec       0x14 c:/program files (x86)/atmel/studio/7.0/toolchain/arm/arm-gnu-toolchain/bin/../lib/gcc/arm-none-eabi/6.3.1/../../../../arm-none-eabi/lib/thumb/v7e-m\libc.a(lib_a-__call_atexit.o)
 .text.atexit   0x00402800        0xc c:/program files (x86)/atmel/studio/7.0/toolchain/arm/arm-gnu-toolchain/bin/../lib/gcc/arm-none-eabi/6.3.1/../../../../arm-none-eabi/lib/thumb/v7e-m\libc.a(lib_a-atexit.o)
                0x00402800                atexit
 .text.__libc_fini_array
                0x0040280c       0x34 c:/program files (x86)/atmel/studio/7.0/toolchain/arm/arm-gnu-toolchain/bin/../lib/gcc/arm-none-eabi/6.3.1/../../../../arm-none-eabi/lib/thumb/v7e-m\libc.a(lib_a-fini.o)
                0x0040280c                __libc_fini_array
 .text.__retarget_lock_acquire_recursive
                0x00402840        0x4 c:/program files (x86)/atmel/studio/7.0/toolchain/arm/arm-gnu-toolchain/bin/../lib/gcc/arm-none-eabi/6.3.1/../../../../arm-none-eabi/lib/thumb/v7e-m\libc.a(lib_a-lock.o)
                0x00402840                __retarget_lock_acquire_recursive
 .text.__retarget_lock_release_recursive
                0x00402844        0x4 c:/program files (x86)/atmel/studio/7.0/toolchain/arm/arm-gnu-toolchain/bin/../lib/gcc/arm-none-eabi/6.3.1/../../../../arm-none-eabi/lib/thumb/v7e-m\libc.a(lib_a-lock.o)
                0x00402844                __retarget_lock_release_recursive
 *fill*         0x00402848        0x8 
 .text          0x00402850       0xa0 c:/program files (x86)/atmel/studio/7.0/toolchain/arm/arm-gnu-toolchain/bin/../lib/gcc/arm-none-eabi/6.3.1/../../../../arm-none-eabi/lib/thumb/v7e-m\libc.a(lib_a-memchr.o)
                0x00402850                memchr
 .text.memcmp   0x004028f0       0x60 c:/program files (x86)/atmel/studio/7.0/toolchain/arm/arm-gnu-toolchain/bin/../lib/gcc/arm-none-eabi/6.3.1/../../../../arm-none-eabi/lib/thumb/v7e-m\libc.a(lib_a-memcmp.o)
                0x004028f0                memcmp
 .text.strchr   0x00402950       0xe8 c:/program files (x86)/atmel/studio/7.0/toolchain/arm/arm-gnu-toolchain/bin/../lib/gcc/arm-none-eabi/6.3.1/../../../../arm-none-eabi/lib/thumb/v7e-m\libc.a(lib_a-strchr.o)
                0x00402950                strchr
 .text.__register_exitproc
                0x00402a38       0xc4 c:/program files (x86)/atmel/studio/7.0/toolchain/arm/arm-gnu-toolchain/bin/../lib/gcc/arm-none-eabi/6.3.1/../../../../arm-none-eabi/lib/thumb/v7e-m\libc.a(lib_a-__atexit.o)
                0x00402a38                __register_exitproc
 *(.glue_7t)
 .glue_7t       0x00402afc        0x0 linker stubs
 *(.glue_7)
 .glue_7        0x00402afc        0x0 linker stubs
 *(.rodata .rodata* .gnu.linkonce.r.*)
 .rodata        0x00402afc       0x24 src/wifi.o
 .rodata        0x00402b20       0x45 src/main.o
 *fill*         0x00402b65        0x3 
 .rodata._global_impure_ptr
                0x00402b68        0x4 c:/program files (x86)/atmel/studio/7.0/toolchain/arm/arm-gnu-toolchain/bin/../lib/gcc/arm-none-eabi/6.3.1/../../../../arm-none-eabi/lib/thumb/v7e-m\libc.a(lib_a-impure.o)
                0x00402b68                _global_impure_ptr
 *(.ARM.extab* .gnu.linkonce.armextab.*)
                0x00402b6c                . = ALIGN (0x4)
 *(.init)
 .init          0x00402b6c        0x4 c:/program files (x86)/atmel/studio/7.0/toolchain/arm/arm-gnu-toolchain/bin/../lib/gcc/arm-none-eabi/6.3.1/thumb/v7e-m/crti.o
                0x00402b6c                _init
 .init          0x00402b70        0x8 c:/program files (x86)/atmel/studio/7.0/toolchain/arm/arm-gnu-toolchain/bin/../lib/gcc/arm-none-eabi/6.3.1/thumb/v7e-m/crtn.o
                0x00402b78                . = ALIGN (0x4)
                0x00402b78                __preinit_array_start = .
 *(.preinit_array)
                0x00402b78                __preinit_array_end = .
                0x00402b78                . = ALIGN (0x4)
                0x00402b78                __init_array_start = .
 *(SORT(.init_array.*))
 .init_array.00000
                0x00402b78        0x4 c:/program files (x86)/atmel/studio/7.0/toolchain/arm/arm-gnu-toolchain/bin/../lib/gcc/arm-none-eabi/6.3.1/../../../../arm-none-eabi/lib/thumb/v7e-m\libc.a(lib_a-__call_atexit.o)
 *(.init_array)
 .init_array    0x00402b7c        0x4 c:/program files (x86)/atmel/studio/7.0/toolchain/arm/arm-gnu-toolchain/bin/../lib/gcc/arm-none-eabi/6.3.1/thumb/v7e-m/crtbegin.o
                0x00402b80                __init_array_end = .
                0x00402b80                . = ALIGN (0x4)
 *crtbegin.o(.ctors)
 *(EXCLUDE_FILE(*crtend.o) .ctors)
 *(SORT(.ctors.*))
 *crtend.o(.ctors)
                0x00402b80                . = ALIGN (0x4)
 *(.fini)
 .fini          0x00402b80        0x4 c:/program files (x86)/atmel/studio/7.0/toolchain/arm/arm-gnu-toolchain/bin/../lib/gcc/arm-none-eabi/6.3.1/thumb/v7e-m/crti.o
                0x00402b80                _fini
 .fini          0x00402b84        0x8 c:/program files (x86)/atmel/studio/7.0/toolchain/arm/arm-gnu-toolchain/bin/../lib/gcc/arm-none-eabi/6.3.1/thumb/v7e-m/crtn.o
                0x00402b8c                . = ALIGN (0x4)
                0x00402b8c                __fini_array_start = .
 *(.fini_array)
 .fini_array    0x00402b8c        0x4 c:/program files (x86)/atmel/studio/7.0/toolchain/arm/arm-gnu-toolchain/bin/../lib/gcc/arm-none-eabi/6.3.1/thumb/v7e-m/crtbegin.o
 *(SORT(.fini_array.*))
                0x00402b90                __fini_array_end = .
 *crtbegin.o(.dtors)
 *(EXCLUDE_FILE(*crtend.o) .dtors)
 *(SORT(.dtors.*))
 *crtend.o(.dtors)
                0x00402b90                . = ALIGN (0x4)
                0x00402b90                _efixed = .
                [!provide]                PROVIDE (__exidx_start, .)

.vfp11_veneer   0x00402b90        0x0
 .vfp11_veneer  0x00402b90        0x0 linker stubs

.v4_bx          0x00402b90        0x0
 .v4_bx         0x00402b90        0x0 linker stubs

.iplt           0x00402b90        0x0
 .iplt          0x00402b90        0x0 c:/program files (x86)/atmel/studio/7.0/toolchain/arm/arm-gnu-toolchain/bin/../lib/gcc/arm-none-eabi/6.3.1/thumb/v7e-m/crtbegin.o

.ARM.exidx      0x00402b90        0x8
 *(.ARM.exidx* .gnu.linkonce.armexidx.*)
 .ARM.exidx     0x00402b90        0x8 c:/program files (x86)/atmel/studio/7.0/toolchain/arm/arm-gnu-toolchain/bin/../lib/gcc/arm-none-eabi/6.3.1/thumb/v7e-m\libgcc.a(_udivmoddi4.o)
                [!provide]                PROVIDE (__exidx_end, .)

.eh_frame       0x00402b98        0x0
 .eh_frame      0x00402b98        0x0 c:/program files (x86)/atmel/studio/7.0/toolchain/arm/arm-gnu-toolchain/bin/../lib/gcc/arm-none-eabi/6.3.1/thumb/v7e-m/crtbegin.o

.rel.dyn        0x00402b98        0x0
 .rel.iplt      0x00402b98        0x0 c:/program files (x86)/atmel/studio/7.0/toolchain/arm/arm-gnu-toolchain/bin/../lib/gcc/arm-none-eabi/6.3.1/thumb/v7e-m/crtbegin.o

.jcr            0x00402b98        0x0
 .jcr           0x00402b98        0x0 c:/program files (x86)/atmel/studio/7.0/toolchain/arm/arm-gnu-toolchain/bin/../lib/gcc/arm-none-eabi/6.3.1/thumb/v7e-m/crtbegin.o

.igot.plt       0x00402b98        0x0
 .igot.plt      0x00402b98        0x0 c:/program files (x86)/atmel/studio/7.0/toolchain/arm/arm-gnu-toolchain/bin/../lib/gcc/arm-none-eabi/6.3.1/thumb/v7e-m/crtbegin.o
                0x00402b98                . = ALIGN (0x4)
                0x00402b98                _etext = .

.relocate       0x20000000      0x43c load address 0x00402b98
                0x20000000                . = ALIGN (0x4)
                0x20000000                _srelocate = .
 *(.ramfunc .ramfunc.*)
 .ramfunc       0x20000000        0xa src/ASF/common/services/delay/sam/cycle_counter.o
                0x20000000                portable_delay_cycles
 *(.data .data.*)
 *fill*         0x2000000a        0x2 
 .data.SystemCoreClock
                0x2000000c        0x4 src/ASF/sam/utils/cmsis/sam4s/source/templates/system_sam4s.o
                0x2000000c                SystemCoreClock
 .data.impure_data
                0x20000010      0x428 c:/program files (x86)/atmel/studio/7.0/toolchain/arm/arm-gnu-toolchain/bin/../lib/gcc/arm-none-eabi/6.3.1/../../../../arm-none-eabi/lib/thumb/v7e-m\libc.a(lib_a-impure.o)
 .data.__atexit_recursive_mutex
                0x20000438        0x4 c:/program files (x86)/atmel/studio/7.0/toolchain/arm/arm-gnu-toolchain/bin/../lib/gcc/arm-none-eabi/6.3.1/../../../../arm-none-eabi/lib/thumb/v7e-m\libc.a(lib_a-__call_atexit.o)
                0x20000438                __atexit_recursive_mutex
                0x2000043c                . = ALIGN (0x4)
                0x2000043c                _erelocate = .

.bss            0x2000043c      0x4d4 load address 0x00402fd4
                0x2000043c                . = ALIGN (0x4)
                0x2000043c                _sbss = .
                0x2000043c                _szero = .
 *(.bss .bss.*)
 .bss           0x2000043c       0x1c c:/program files (x86)/atmel/studio/7.0/toolchain/arm/arm-gnu-toolchain/bin/../lib/gcc/arm-none-eabi/6.3.1/thumb/v7e-m/crtbegin.o
 .bss.ul_reg_val.7523
                0x20000458        0x4 src/ASF/sam/drivers/usart/usart.o
 .bss.input_pos_wifi
                0x2000045c        0x4 src/wifi.o
                0x2000045c                input_pos_wifi
 .bss.received_byte_wifi
                0x20000460        0x4 src/wifi.o
                0x20000460                received_byte_wifi
 .bss.new_rx_wifi
                0x20000464        0x1 src/wifi.o
                0x20000464                new_rx_wifi
 .bss.data_received_flag
                0x20000465        0x1 src/wifi.o
                0x20000465                data_received_flag
 *fill*         0x20000466        0x2 
 .bss.ul_sysclk.9030
                0x20000468        0x4 src/wifi.o
 .bss.gs_interrupt_sources
                0x2000046c       0x70 src/ASF/sam/drivers/pio/pio_handler.o
 .bss.gs_ul_nb_sources
                0x200004dc        0x4 src/ASF/sam/drivers/pio/pio_handler.o
 .bss.pio_capture_handler
                0x200004e0        0x4 src/ASF/sam/drivers/pio/pio_handler.o
 *(COMMON)
 COMMON         0x200004e4      0x401 src/wifi.o
                0x200004e4                g_st_nextpacket
                0x200004ec                input_line_wifi
                0x200008d4                button_flag
                0x200008d8                g_p_pdc
                0x200008dc                g_st_packet
                0x200008e4                counts
 *fill*         0x200008e5        0x3 
 COMMON         0x200008e8        0x4 src/ASF/sam/drivers/pio/pio.o
                0x200008e8                pio_capture_enable_flag
 COMMON         0x200008ec       0x21 c:/program files (x86)/atmel/studio/7.0/toolchain/arm/arm-gnu-toolchain/bin/../lib/gcc/arm-none-eabi/6.3.1/../../../../arm-none-eabi/lib/thumb/v7e-m\libc.a(lib_a-lock.o)
                0x200008ec                __lock___atexit_recursive_mutex
                0x200008f0                __lock___arc4random_mutex
                0x200008f4                __lock___env_recursive_mutex
                0x200008f8                __lock___sinit_recursive_mutex
                0x200008fc                __lock___malloc_recursive_mutex
                0x20000900                __lock___at_quick_exit_mutex
                0x20000904                __lock___dd_hash_mutex
                0x20000908                __lock___tz_mutex
                0x2000090c                __lock___sfp_recursive_mutex
                0x20000910                . = ALIGN (0x4)
 *fill*         0x2000090d        0x3 
                0x20000910                _ebss = .
                0x20000910                _ezero = .

.stack          0x20000910     0x3000 load address 0x004034a8
                0x20000910                . = ALIGN (0x8)
                0x20000910                _sstack = .
                0x20003910                . = (. + __stack_size__)
 *fill*         0x20000910     0x3000 
                0x20003910                . = ALIGN (0x8)
                0x20003910                _estack = .
                0x20003910                . = ALIGN (0x4)
                0x20003910                _end = .
OUTPUT(ee326_firmware_v3.elf elf32-littlearm)

.ARM.attributes
                0x00000000       0x2a
 .ARM.attributes
                0x00000000       0x1e c:/program files (x86)/atmel/studio/7.0/toolchain/arm/arm-gnu-toolchain/bin/../lib/gcc/arm-none-eabi/6.3.1/thumb/v7e-m/crti.o
 .ARM.attributes
                0x0000001e       0x2e c:/program files (x86)/atmel/studio/7.0/toolchain/arm/arm-gnu-toolchain/bin/../lib/gcc/arm-none-eabi/6.3.1/thumb/v7e-m/crtbegin.o
 .ARM.attributes
                0x0000004c       0x33 src/ASF/sam/drivers/spi/spi.o
 .ARM.attributes
                0x0000007f       0x33 src/ASF/sam/drivers/usart/usart.o
 .ARM.attributes
                0x000000b2       0x33 src/ASF/sam/drivers/wdt/wdt.o
 .ARM.attributes
                0x000000e5       0x33 src/wifi.o
 .ARM.attributes
                0x00000118       0x33 src/ASF/common/services/delay/sam/cycle_counter.o
 .ARM.attributes
                0x0000014b       0x33 src/ASF/sam/drivers/pio/pio.o
 .ARM.attributes
                0x0000017e       0x33 src/ASF/sam/drivers/pio/pio_handler.o
 .ARM.attributes
                0x000001b1       0x33 src/ASF/sam/drivers/tc/tc.o
 .ARM.attributes
                0x000001e4       0x33 src/timer_interface.o
 .ARM.attributes
                0x00000217       0x33 src/ASF/common/services/clock/sam4s/sysclk.o
 .ARM.attributes
                0x0000024a       0x33 src/ASF/sam/drivers/pmc/pmc.o
 .ARM.attributes
                0x0000027d       0x33 src/ASF/common/boards/user_board/init.o
 .ARM.attributes
                0x000002b0       0x33 src/ASF/sam/utils/cmsis/sam4s/source/templates/gcc/startup_sam4s.o
 .ARM.attributes
                0x000002e3       0x33 src/ASF/sam/utils/cmsis/sam4s/source/templates/system_sam4s.o
 .ARM.attributes
                0x00000316       0x33 src/main.o
 .ARM.attributes
                0x00000349       0x1e c:/program files (x86)/atmel/studio/7.0/toolchain/arm/arm-gnu-toolchain/bin/../lib/gcc/arm-none-eabi/6.3.1/thumb/v7e-m\libgcc.a(_aeabi_uldivmod.o)
 .ARM.attributes
                0x00000367       0x2e c:/program files (x86)/atmel/studio/7.0/toolchain/arm/arm-gnu-toolchain/bin/../lib/gcc/arm-none-eabi/6.3.1/thumb/v7e-m\libgcc.a(_udivmoddi4.o)
 .ARM.attributes
                0x00000395       0x1e c:/program files (x86)/atmel/studio/7.0/toolchain/arm/arm-gnu-toolchain/bin/../lib/gcc/arm-none-eabi/6.3.1/thumb/v7e-m\libgcc.a(_dvmd_tls.o)
 .ARM.attributes
                0x000003b3       0x2e c:/program files (x86)/atmel/studio/7.0/toolchain/arm/arm-gnu-toolchain/bin/../lib/gcc/arm-none-eabi/6.3.1/../../../../arm-none-eabi/lib/thumb/v7e-m\libc.a(lib_a-impure.o)
 .ARM.attributes
                0x000003e1       0x2e c:/program files (x86)/atmel/studio/7.0/toolchain/arm/arm-gnu-toolchain/bin/../lib/gcc/arm-none-eabi/6.3.1/../../../../arm-none-eabi/lib/thumb/v7e-m\libc.a(lib_a-init.o)
 .ARM.attributes
                0x0000040f       0x2e c:/program files (x86)/atmel/studio/7.0/toolchain/arm/arm-gnu-toolchain/bin/../lib/gcc/arm-none-eabi/6.3.1/../../../../arm-none-eabi/lib/thumb/v7e-m\libc.a(lib_a-strstr.o)
 .ARM.attributes
                0x0000043d       0x2e c:/program files (x86)/atmel/studio/7.0/toolchain/arm/arm-gnu-toolchain/bin/../lib/gcc/arm-none-eabi/6.3.1/../../../../arm-none-eabi/lib/thumb/v7e-m\libc.a(lib_a-__call_atexit.o)
 .ARM.attributes
                0x0000046b       0x2e c:/program files (x86)/atmel/studio/7.0/toolchain/arm/arm-gnu-toolchain/bin/../lib/gcc/arm-none-eabi/6.3.1/../../../../arm-none-eabi/lib/thumb/v7e-m\libc.a(lib_a-atexit.o)
 .ARM.attributes
                0x00000499       0x2e c:/program files (x86)/atmel/studio/7.0/toolchain/arm/arm-gnu-toolchain/bin/../lib/gcc/arm-none-eabi/6.3.1/../../../../arm-none-eabi/lib/thumb/v7e-m\libc.a(lib_a-fini.o)
 .ARM.attributes
                0x000004c7       0x2e c:/program files (x86)/atmel/studio/7.0/toolchain/arm/arm-gnu-toolchain/bin/../lib/gcc/arm-none-eabi/6.3.1/../../../../arm-none-eabi/lib/thumb/v7e-m\libc.a(lib_a-lock.o)
 .ARM.attributes
                0x000004f5       0x1c c:/program files (x86)/atmel/studio/7.0/toolchain/arm/arm-gnu-toolchain/bin/../lib/gcc/arm-none-eabi/6.3.1/../../../../arm-none-eabi/lib/thumb/v7e-m\libc.a(lib_a-memchr.o)
 .ARM.attributes
                0x00000511       0x2e c:/program files (x86)/atmel/studio/7.0/toolchain/arm/arm-gnu-toolchain/bin/../lib/gcc/arm-none-eabi/6.3.1/../../../../arm-none-eabi/lib/thumb/v7e-m\libc.a(lib_a-memcmp.o)
 .ARM.attributes
                0x0000053f       0x2e c:/program files (x86)/atmel/studio/7.0/toolchain/arm/arm-gnu-toolchain/bin/../lib/gcc/arm-none-eabi/6.3.1/../../../../arm-none-eabi/lib/thumb/v7e-m\libc.a(lib_a-strchr.o)
 .ARM.attributes
                0x0000056d       0x2e c:/program files (x86)/atmel/studio/7.0/toolchain/arm/arm-gnu-toolchain/bin/../lib/gcc/arm-none-eabi/6.3.1/../../../../arm-none-eabi/lib/thumb/v7e-m\libc.a(lib_a-__atexit.o)
 .ARM.attributes
                0x0000059b       0x1e c:/program files (x86)/atmel/studio/7.0/toolchain/arm/arm-gnu-toolchain/bin/../lib/gcc/arm-none-eabi/6.3.1/thumb/v7e-m/crtn.o

.comment        0x00000000       0x59
 .comment       0x00000000       0x59 src/ASF/sam/drivers/spi/spi.o
                                 0x5a (size before relaxing)
 .comment       0x00000059       0x5a src/ASF/sam/drivers/usart/usart.o
 .comment       0x00000059       0x5a src/ASF/sam/drivers/wdt/wdt.o
 .comment       0x00000059       0x5a src/wifi.o
 .comment       0x00000059       0x5a src/ASF/common/services/delay/sam/cycle_counter.o
 .comment       0x00000059       0x5a src/ASF/sam/drivers/pio/pio.o
 .comment       0x00000059       0x5a src/ASF/sam/drivers/pio/pio_handler.o
 .comment       0x00000059       0x5a src/ASF/sam/drivers/tc/tc.o
 .comment       0x00000059       0x5a src/timer_interface.o
 .comment       0x00000059       0x5a src/ASF/common/services/clock/sam4s/sysclk.o
 .comment       0x00000059       0x5a src/ASF/sam/drivers/pmc/pmc.o
 .comment       0x00000059       0x5a src/ASF/common/boards/user_board/init.o
 .comment       0x00000059       0x5a src/ASF/sam/utils/cmsis/sam4s/source/templates/gcc/startup_sam4s.o
 .comment       0x00000059       0x5a src/ASF/sam/utils/cmsis/sam4s/source/templates/system_sam4s.o
 .comment       0x00000059       0x5a src/main.o

.debug_info     0x00000000    0x1137c
 .debug_info    0x00000000     0x11ad src/ASF/sam/drivers/spi/spi.o
 .debug_info    0x000011ad     0x1e90 src/ASF/sam/drivers/usart/usart.o
 .debug_info    0x0000303d      0xbe3 src/ASF/sam/drivers/wdt/wdt.o
 .debug_info    0x00003c20     0x24af src/wifi.o
 .debug_info    0x000060cf      0xa45 src/ASF/common/services/delay/sam/cycle_counter.o
 .debug_info    0x00006b14     0x1d8d src/ASF/sam/drivers/pio/pio.o
 .debug_info    0x000088a1     0x17de src/ASF/sam/drivers/pio/pio_handler.o
 .debug_info    0x0000a07f     0x1252 src/ASF/sam/drivers/tc/tc.o
 .debug_info    0x0000b2d1     0x10b3 src/timer_interface.o
 .debug_info    0x0000c384     0x126e src/ASF/common/services/clock/sam4s/sysclk.o
 .debug_info    0x0000d5f2     0x19b0 src/ASF/sam/drivers/pmc/pmc.o
 .debug_info    0x0000efa2      0xa9f src/ASF/common/boards/user_board/init.o
 .debug_info    0x0000fa41      0x6d0 src/ASF/sam/utils/cmsis/sam4s/source/templates/gcc/startup_sam4s.o
 .debug_info    0x00010111      0x45c src/ASF/sam/utils/cmsis/sam4s/source/templates/system_sam4s.o
 .debug_info    0x0001056d      0xe0f src/main.o

.debug_abbrev   0x00000000     0x22ae
 .debug_abbrev  0x00000000      0x2cf src/ASF/sam/drivers/spi/spi.o
 .debug_abbrev  0x000002cf      0x2c1 src/ASF/sam/drivers/usart/usart.o
 .debug_abbrev  0x00000590      0x207 src/ASF/sam/drivers/wdt/wdt.o
 .debug_abbrev  0x00000797      0x383 src/wifi.o
 .debug_abbrev  0x00000b1a      0x1b3 src/ASF/common/services/delay/sam/cycle_counter.o
 .debug_abbrev  0x00000ccd      0x296 src/ASF/sam/drivers/pio/pio.o
 .debug_abbrev  0x00000f63      0x2e7 src/ASF/sam/drivers/pio/pio_handler.o
 .debug_abbrev  0x0000124a      0x24a src/ASF/sam/drivers/tc/tc.o
 .debug_abbrev  0x00001494      0x298 src/timer_interface.o
 .debug_abbrev  0x0000172c      0x2aa src/ASF/common/services/clock/sam4s/sysclk.o
 .debug_abbrev  0x000019d6      0x2b8 src/ASF/sam/drivers/pmc/pmc.o
 .debug_abbrev  0x00001c8e      0x1a9 src/ASF/common/boards/user_board/init.o
 .debug_abbrev  0x00001e37      0x15e src/ASF/sam/utils/cmsis/sam4s/source/templates/gcc/startup_sam4s.o
 .debug_abbrev  0x00001f95      0x102 src/ASF/sam/utils/cmsis/sam4s/source/templates/system_sam4s.o
 .debug_abbrev  0x00002097      0x217 src/main.o

.debug_loc      0x00000000     0x62dc
 .debug_loc     0x00000000      0x630 src/ASF/sam/drivers/spi/spi.o
 .debug_loc     0x00000630     0x17d4 src/ASF/sam/drivers/usart/usart.o
 .debug_loc     0x00001e04      0x228 src/ASF/sam/drivers/wdt/wdt.o
 .debug_loc     0x0000202c      0x924 src/wifi.o
 .debug_loc     0x00002950     0x1174 src/ASF/sam/drivers/pio/pio.o
 .debug_loc     0x00003ac4      0x364 src/ASF/sam/drivers/pio/pio_handler.o
 .debug_loc     0x00003e28      0x844 src/ASF/sam/drivers/tc/tc.o
 .debug_loc     0x0000466c      0x1b0 src/timer_interface.o
 .debug_loc     0x0000481c      0x4a0 src/ASF/common/services/clock/sam4s/sysclk.o
 .debug_loc     0x00004cbc     0x1468 src/ASF/sam/drivers/pmc/pmc.o
 .debug_loc     0x00006124       0x44 src/ASF/common/boards/user_board/init.o
 .debug_loc     0x00006168       0x64 src/ASF/sam/utils/cmsis/sam4s/source/templates/gcc/startup_sam4s.o
 .debug_loc     0x000061cc       0xe4 src/ASF/sam/utils/cmsis/sam4s/source/templates/system_sam4s.o
 .debug_loc     0x000062b0       0x2c src/main.o

.debug_aranges  0x00000000      0xab8
 .debug_aranges
                0x00000000       0xa8 src/ASF/sam/drivers/spi/spi.o
 .debug_aranges
                0x000000a8      0x238 src/ASF/sam/drivers/usart/usart.o
 .debug_aranges
                0x000002e0       0x48 src/ASF/sam/drivers/wdt/wdt.o
 .debug_aranges
                0x00000328      0x108 src/wifi.o
 .debug_aranges
                0x00000430       0x20 src/ASF/common/services/delay/sam/cycle_counter.o
 .debug_aranges
                0x00000450      0x1a8 src/ASF/sam/drivers/pio/pio.o
 .debug_aranges
                0x000005f8       0x70 src/ASF/sam/drivers/pio/pio_handler.o
 .debug_aranges
                0x00000668       0xd0 src/ASF/sam/drivers/tc/tc.o
 .debug_aranges
                0x00000738       0x48 src/timer_interface.o
 .debug_aranges
                0x00000780       0x98 src/ASF/common/services/clock/sam4s/sysclk.o
 .debug_aranges
                0x00000818      0x208 src/ASF/sam/drivers/pmc/pmc.o
 .debug_aranges
                0x00000a20       0x20 src/ASF/common/boards/user_board/init.o
 .debug_aranges
                0x00000a40       0x28 src/ASF/sam/utils/cmsis/sam4s/source/templates/gcc/startup_sam4s.o
 .debug_aranges
                0x00000a68       0x30 src/ASF/sam/utils/cmsis/sam4s/source/templates/system_sam4s.o
 .debug_aranges
                0x00000a98       0x20 src/main.o

.debug_ranges   0x00000000      0x9c8
 .debug_ranges  0x00000000       0x98 src/ASF/sam/drivers/spi/spi.o
 .debug_ranges  0x00000098      0x228 src/ASF/sam/drivers/usart/usart.o
 .debug_ranges  0x000002c0       0x38 src/ASF/sam/drivers/wdt/wdt.o
 .debug_ranges  0x000002f8       0xf8 src/wifi.o
 .debug_ranges  0x000003f0       0x10 src/ASF/common/services/delay/sam/cycle_counter.o
 .debug_ranges  0x00000400      0x198 src/ASF/sam/drivers/pio/pio.o
 .debug_ranges  0x00000598       0x60 src/ASF/sam/drivers/pio/pio_handler.o
 .debug_ranges  0x000005f8       0xc0 src/ASF/sam/drivers/tc/tc.o
 .debug_ranges  0x000006b8       0x38 src/timer_interface.o
 .debug_ranges  0x000006f0       0x88 src/ASF/common/services/clock/sam4s/sysclk.o
 .debug_ranges  0x00000778      0x1f8 src/ASF/sam/drivers/pmc/pmc.o
 .debug_ranges  0x00000970       0x10 src/ASF/common/boards/user_board/init.o
 .debug_ranges  0x00000980       0x18 src/ASF/sam/utils/cmsis/sam4s/source/templates/gcc/startup_sam4s.o
 .debug_ranges  0x00000998       0x20 src/ASF/sam/utils/cmsis/sam4s/source/templates/system_sam4s.o
 .debug_ranges  0x000009b8       0x10 src/main.o

.debug_macro    0x00000000     0x5389
 .debug_macro   0x00000000      0x576 src/ASF/sam/drivers/spi/spi.o
 .debug_macro   0x00000576       0x10 src/ASF/sam/drivers/spi/spi.o
 .debug_macro   0x00000586      0x538 src/ASF/sam/drivers/usart/usart.o
 .debug_macro   0x00000abe       0x28 src/ASF/sam/drivers/usart/usart.o
 .debug_macro   0x00000ae6      0x515 src/ASF/sam/drivers/wdt/wdt.o
 .debug_macro   0x00000ffb      0x703 src/wifi.o
 .debug_macro   0x000016fe       0x16 src/wifi.o
 .debug_macro   0x00001714       0x10 src/wifi.o
 .debug_macro   0x00001724      0x13c src/wifi.o
 .debug_macro   0x00001860      0x502 src/ASF/common/services/delay/sam/cycle_counter.o
 .debug_macro   0x00001d62       0x22 src/ASF/common/services/delay/sam/cycle_counter.o
 .debug_macro   0x00001d84      0x508 src/ASF/sam/drivers/pio/pio.o
 .debug_macro   0x0000228c       0x8e src/ASF/sam/drivers/pio/pio.o
 .debug_macro   0x0000231a      0x512 src/ASF/sam/drivers/pio/pio_handler.o
 .debug_macro   0x0000282c      0x508 src/ASF/sam/drivers/tc/tc.o
 .debug_macro   0x00002d34       0x52 src/ASF/sam/drivers/tc/tc.o
 .debug_macro   0x00002d86       0x8d src/ASF/sam/drivers/tc/tc.o
 .debug_macro   0x00002e13       0x16 src/ASF/sam/drivers/tc/tc.o
 .debug_macro   0x00002e29       0x57 src/ASF/sam/drivers/tc/tc.o
 .debug_macro   0x00002e80       0x1c src/ASF/sam/drivers/tc/tc.o
 .debug_macro   0x00002e9c      0x6bf src/timer_interface.o
 .debug_macro   0x0000355b      0x56d src/ASF/common/services/clock/sam4s/sysclk.o
 .debug_macro   0x00003ac8      0x508 src/ASF/sam/drivers/pmc/pmc.o
 .debug_macro   0x00003fd0       0x52 src/ASF/sam/drivers/pmc/pmc.o
 .debug_macro   0x00004022      0x68a src/ASF/common/boards/user_board/init.o
 .debug_macro   0x000046ac      0x2f4 src/ASF/sam/utils/cmsis/sam4s/source/templates/gcc/startup_sam4s.o
 .debug_macro   0x000049a0      0x2fc src/ASF/sam/utils/cmsis/sam4s/source/templates/system_sam4s.o
 .debug_macro   0x00004c9c      0x6ed src/main.o

.debug_line     0x00000000     0xc4e2
 .debug_line    0x00000000      0xce6 src/ASF/sam/drivers/spi/spi.o
 .debug_line    0x00000ce6     0x100f src/ASF/sam/drivers/usart/usart.o
 .debug_line    0x00001cf5      0xa8c src/ASF/sam/drivers/wdt/wdt.o
 .debug_line    0x00002781     0x1210 src/wifi.o
 .debug_line    0x00003991      0xa3f src/ASF/common/services/delay/sam/cycle_counter.o
 .debug_line    0x000043d0      0xe58 src/ASF/sam/drivers/pio/pio.o
 .debug_line    0x00005228      0xb51 src/ASF/sam/drivers/pio/pio_handler.o
 .debug_line    0x00005d79      0xbde src/ASF/sam/drivers/tc/tc.o
 .debug_line    0x00006957      0xfb9 src/timer_interface.o
 .debug_line    0x00007910      0xcb9 src/ASF/common/services/clock/sam4s/sysclk.o
 .debug_line    0x000085c9     0x1033 src/ASF/sam/drivers/pmc/pmc.o
 .debug_line    0x000095fc      0xef8 src/ASF/common/boards/user_board/init.o
 .debug_line    0x0000a4f4      0x820 src/ASF/sam/utils/cmsis/sam4s/source/templates/gcc/startup_sam4s.o
 .debug_line    0x0000ad14      0x868 src/ASF/sam/utils/cmsis/sam4s/source/templates/system_sam4s.o
 .debug_line    0x0000b57c      0xf66 src/main.o

.debug_str      0x00000000    0x51a07
 .debug_str     0x00000000    0x4ba6f src/ASF/sam/drivers/spi/spi.o
                              0x4be6b (size before relaxing)
 .debug_str     0x0004ba6f      0x9e9 src/ASF/sam/drivers/usart/usart.o
                              0x4b018 (size before relaxing)
 .debug_str     0x0004c458      0x132 src/ASF/sam/drivers/wdt/wdt.o
                              0x4a71a (size before relaxing)
 .debug_str     0x0004c58a     0x36a9 src/wifi.o
                              0x4f673 (size before relaxing)
 .debug_str     0x0004fc33       0x35 src/ASF/common/services/delay/sam/cycle_counter.o
                              0x4a793 (size before relaxing)
 .debug_str     0x0004fc68      0x505 src/ASF/sam/drivers/pio/pio.o
                              0x4b233 (size before relaxing)
 .debug_str     0x0005016d      0x11d src/ASF/sam/drivers/pio/pio_handler.o
                              0x4b137 (size before relaxing)
 .debug_str     0x0005028a      0x340 src/ASF/sam/drivers/tc/tc.o
                              0x4a97e (size before relaxing)
 .debug_str     0x000505ca       0x37 src/timer_interface.o
                              0x4cdff (size before relaxing)
 .debug_str     0x00050601      0x3ae src/ASF/common/services/clock/sam4s/sysclk.o
                              0x4be53 (size before relaxing)
 .debug_str     0x000509af      0x54c src/ASF/sam/drivers/pmc/pmc.o
                              0x4b07f (size before relaxing)
 .debug_str     0x00050efb       0x36 src/ASF/common/boards/user_board/init.o
                              0x4c99e (size before relaxing)
 .debug_str     0x00050f31      0x428 src/ASF/sam/utils/cmsis/sam4s/source/templates/gcc/startup_sam4s.o
                              0x3a235 (size before relaxing)
 .debug_str     0x00051359       0xb9 src/ASF/sam/utils/cmsis/sam4s/source/templates/system_sam4s.o
                              0x39fda (size before relaxing)
 .debug_str     0x00051412      0x5f5 src/main.o
                              0x4ee26 (size before relaxing)

.debug_frame    0x00000000     0x30c8
 .debug_frame   0x00000000      0x2c8 src/ASF/sam/drivers/spi/spi.o
 .debug_frame   0x000002c8      0xa7c src/ASF/sam/drivers/usart/usart.o
 .debug_frame   0x00000d44      0x100 src/ASF/sam/drivers/wdt/wdt.o
 .debug_frame   0x00000e44      0x470 src/wifi.o
 .debug_frame   0x000012b4       0x20 src/ASF/common/services/delay/sam/cycle_counter.o
 .debug_frame   0x000012d4      0x7c0 src/ASF/sam/drivers/pio/pio.o
 .debug_frame   0x00001a94      0x1a4 src/ASF/sam/drivers/pio/pio_handler.o
 .debug_frame   0x00001c38      0x3a8 src/ASF/sam/drivers/tc/tc.o
 .debug_frame   0x00001fe0       0xe4 src/timer_interface.o
 .debug_frame   0x000020c4      0x244 src/ASF/common/services/clock/sam4s/sysclk.o
 .debug_frame   0x00002308      0x920 src/ASF/sam/drivers/pmc/pmc.o
 .debug_frame   0x00002c28       0x30 src/ASF/common/boards/user_board/init.o
 .debug_frame   0x00002c58       0x48 src/ASF/sam/utils/cmsis/sam4s/source/templates/gcc/startup_sam4s.o
 .debug_frame   0x00002ca0       0x78 src/ASF/sam/utils/cmsis/sam4s/source/templates/system_sam4s.o
 .debug_frame   0x00002d18       0x2c src/main.o
 .debug_frame   0x00002d44       0x2c c:/program files (x86)/atmel/studio/7.0/toolchain/arm/arm-gnu-toolchain/bin/../lib/gcc/arm-none-eabi/6.3.1/thumb/v7e-m\libgcc.a(_aeabi_uldivmod.o)
 .debug_frame   0x00002d70       0x34 c:/program files (x86)/atmel/studio/7.0/toolchain/arm/arm-gnu-toolchain/bin/../lib/gcc/arm-none-eabi/6.3.1/thumb/v7e-m\libgcc.a(_udivmoddi4.o)
 .debug_frame   0x00002da4       0x2c c:/program files (x86)/atmel/studio/7.0/toolchain/arm/arm-gnu-toolchain/bin/../lib/gcc/arm-none-eabi/6.3.1/../../../../arm-none-eabi/lib/thumb/v7e-m\libc.a(lib_a-init.o)
 .debug_frame   0x00002dd0       0xd8 c:/program files (x86)/atmel/studio/7.0/toolchain/arm/arm-gnu-toolchain/bin/../lib/gcc/arm-none-eabi/6.3.1/../../../../arm-none-eabi/lib/thumb/v7e-m\libc.a(lib_a-strstr.o)
 .debug_frame   0x00002ea8       0x5c c:/program files (x86)/atmel/studio/7.0/toolchain/arm/arm-gnu-toolchain/bin/../lib/gcc/arm-none-eabi/6.3.1/../../../../arm-none-eabi/lib/thumb/v7e-m\libc.a(lib_a-__call_atexit.o)
 .debug_frame   0x00002f04       0x20 c:/program files (x86)/atmel/studio/7.0/toolchain/arm/arm-gnu-toolchain/bin/../lib/gcc/arm-none-eabi/6.3.1/../../../../arm-none-eabi/lib/thumb/v7e-m\libc.a(lib_a-atexit.o)
 .debug_frame   0x00002f24       0x34 c:/program files (x86)/atmel/studio/7.0/toolchain/arm/arm-gnu-toolchain/bin/../lib/gcc/arm-none-eabi/6.3.1/../../../../arm-none-eabi/lib/thumb/v7e-m\libc.a(lib_a-fini.o)
 .debug_frame   0x00002f58       0xb0 c:/program files (x86)/atmel/studio/7.0/toolchain/arm/arm-gnu-toolchain/bin/../lib/gcc/arm-none-eabi/6.3.1/../../../../arm-none-eabi/lib/thumb/v7e-m\libc.a(lib_a-lock.o)
 .debug_frame   0x00003008       0x3c c:/program files (x86)/atmel/studio/7.0/toolchain/arm/arm-gnu-toolchain/bin/../lib/gcc/arm-none-eabi/6.3.1/../../../../arm-none-eabi/lib/thumb/v7e-m\libc.a(lib_a-memcmp.o)
 .debug_frame   0x00003044       0x50 c:/program files (x86)/atmel/studio/7.0/toolchain/arm/arm-gnu-toolchain/bin/../lib/gcc/arm-none-eabi/6.3.1/../../../../arm-none-eabi/lib/thumb/v7e-m\libc.a(lib_a-strchr.o)
 .debug_frame   0x00003094       0x34 c:/program files (x86)/atmel/studio/7.0/toolchain/arm/arm-gnu-toolchain/bin/../lib/gcc/arm-none-eabi/6.3.1/../../../../arm-none-eabi/lib/thumb/v7e-m\libc.a(lib_a-__atexit.o)

Cross Reference Table

Symbol                                            File
ACC_Handler                                       src/ASF/sam/utils/cmsis/sam4s/source/templates/gcc/startup_sam4s.o
ADC_Handler                                       src/ASF/sam/utils/cmsis/sam4s/source/templates/gcc/startup_sam4s.o
BusFault_Handler                                  src/ASF/sam/utils/cmsis/sam4s/source/templates/gcc/startup_sam4s.o
CRCCU_Handler                                     src/ASF/sam/utils/cmsis/sam4s/source/templates/gcc/startup_sam4s.o
DACC_Handler                                      src/ASF/sam/utils/cmsis/sam4s/source/templates/gcc/startup_sam4s.o
DebugMon_Handler                                  src/ASF/sam/utils/cmsis/sam4s/source/templates/gcc/startup_sam4s.o
Dummy_Handler                                     src/ASF/sam/utils/cmsis/sam4s/source/templates/gcc/startup_sam4s.o
EFC0_Handler                                      src/ASF/sam/utils/cmsis/sam4s/source/templates/gcc/startup_sam4s.o
HSMCI_Handler                                     src/ASF/sam/utils/cmsis/sam4s/source/templates/gcc/startup_sam4s.o
HardFault_Handler                                 src/ASF/sam/utils/cmsis/sam4s/source/templates/gcc/startup_sam4s.o
MemManage_Handler                                 src/ASF/sam/utils/cmsis/sam4s/source/templates/gcc/startup_sam4s.o
NMI_Handler                                       src/ASF/sam/utils/cmsis/sam4s/source/templates/gcc/startup_sam4s.o
OV2640_JPEG                                       src/ov2640_table_registers.o
                                                  src/ov2640.o
OV2640_JPEG_1024x768                              src/ov2640_table_registers.o
                                                  src/ov2640.o
OV2640_JPEG_1280x1024                             src/ov2640_table_registers.o
                                                  src/ov2640.o
OV2640_JPEG_1600x1200                             src/ov2640_table_registers.o
                                                  src/ov2640.o
OV2640_JPEG_320x240                               src/ov2640_table_registers.o
                                                  src/ov2640.o
OV2640_JPEG_640x480                               src/ov2640_table_registers.o
                                                  src/ov2640.o
OV2640_JPEG_800x600                               src/ov2640_table_registers.o
                                                  src/ov2640.o
OV2640_JPEG_INIT                                  src/ov2640_table_registers.o
                                                  src/ov2640.o
OV2640_QQVGA_RGB888                               src/ov2640_table_registers.o
                                                  src/ov2640.o
OV2640_QQVGA_YUV422                               src/ov2640_table_registers.o
                                                  src/ov2640.o
OV2640_QVGA_RGB888                                src/ov2640_table_registers.o
                                                  src/ov2640.o
OV2640_QVGA_YUV422_10FPS                          src/ov2640_table_registers.o
                                                  src/ov2640.o
OV2640_QVGA_YUV422_15FPS                          src/ov2640_table_registers.o
                                                  src/ov2640.o
OV2640_QVGA_YUV422_20FPS                          src/ov2640_table_registers.o
                                                  src/ov2640.o
OV2640_QVGA_YUV422_30FPS                          src/ov2640_table_registers.o
                                                  src/ov2640.o
OV2640_TEST_PATTERN                               src/ov2640_table_registers.o
                                                  src/ov2640.o
OV2640_VGA_YUV422_20FPS                           src/ov2640_table_registers.o
                                                  src/ov2640.o
OV2640_YUV422                                     src/ov2640_table_registers.o
                                                  src/ov2640.o
PIOA_Handler                                      src/ASF/sam/drivers/pio/pio_handler.o
PIOB_Handler                                      src/ASF/sam/drivers/pio/pio_handler.o
PMC_Handler                                       src/ASF/sam/utils/cmsis/sam4s/source/templates/gcc/startup_sam4s.o
PWM_Handler                                       src/ASF/sam/utils/cmsis/sam4s/source/templates/gcc/startup_sam4s.o
PendSV_Handler                                    src/ASF/sam/utils/cmsis/sam4s/source/templates/gcc/startup_sam4s.o
RSTC_Handler                                      src/ASF/sam/utils/cmsis/sam4s/source/templates/gcc/startup_sam4s.o
RTC_Handler                                       src/ASF/sam/utils/cmsis/sam4s/source/templates/gcc/startup_sam4s.o
RTT_Handler                                       src/ASF/sam/utils/cmsis/sam4s/source/templates/gcc/startup_sam4s.o
Reset_Handler                                     src/ASF/sam/utils/cmsis/sam4s/source/templates/gcc/startup_sam4s.o
SPI_Handler                                       src/ASF/sam/utils/cmsis/sam4s/source/templates/gcc/startup_sam4s.o
SSC_Handler                                       src/ASF/sam/utils/cmsis/sam4s/source/templates/gcc/startup_sam4s.o
SUPC_Handler                                      src/ASF/sam/utils/cmsis/sam4s/source/templates/gcc/startup_sam4s.o
SVC_Handler                                       src/ASF/sam/utils/cmsis/sam4s/source/templates/gcc/startup_sam4s.o
SysTick_Handler                                   src/ASF/sam/utils/cmsis/sam4s/source/templates/gcc/startup_sam4s.o
SystemCoreClock                                   src/ASF/sam/utils/cmsis/sam4s/source/templates/system_sam4s.o
SystemCoreClockUpdate                             src/ASF/sam/utils/cmsis/sam4s/source/templates/system_sam4s.o
                                                  src/ASF/common/services/clock/sam4s/sysclk.o
SystemInit                                        src/ASF/sam/utils/cmsis/sam4s/source/templates/system_sam4s.o
TC0_Handler                                       src/timer_interface.o
TC1_Handler                                       src/ASF/sam/utils/cmsis/sam4s/source/templates/gcc/startup_sam4s.o
TC2_Handler                                       src/ASF/sam/utils/cmsis/sam4s/source/templates/gcc/startup_sam4s.o
TWI0_Handler                                      src/ASF/sam/utils/cmsis/sam4s/source/templates/gcc/startup_sam4s.o
TWI1_Handler                                      src/ASF/sam/utils/cmsis/sam4s/source/templates/gcc/startup_sam4s.o
UART0_Handler                                     src/ASF/sam/utils/cmsis/sam4s/source/templates/gcc/startup_sam4s.o
UART1_Handler                                     src/ASF/sam/utils/cmsis/sam4s/source/templates/gcc/startup_sam4s.o
UDP_Handler                                       src/ASF/sam/utils/cmsis/sam4s/source/templates/gcc/startup_sam4s.o
USART0_Handler                                    src/wifi.o
                                                  src/main.o
USART1_Handler                                    src/ASF/sam/utils/cmsis/sam4s/source/templates/gcc/startup_sam4s.o
UsageFault_Handler                                src/ASF/sam/utils/cmsis/sam4s/source/templates/gcc/startup_sam4s.o
WDT_Handler                                       src/ASF/sam/utils/cmsis/sam4s/source/templates/gcc/startup_sam4s.o
_Jv_RegisterClasses                               c:/program files (x86)/atmel/studio/7.0/toolchain/arm/arm-gnu-toolchain/bin/../lib/gcc/arm-none-eabi/6.3.1/thumb/v7e-m/crtbegin.o
__aeabi_idiv0                                     c:/program files (x86)/atmel/studio/7.0/toolchain/arm/arm-gnu-toolchain/bin/../lib/gcc/arm-none-eabi/6.3.1/thumb/v7e-m\libgcc.a(_dvmd_tls.o)
__aeabi_ldiv0                                     c:/program files (x86)/atmel/studio/7.0/toolchain/arm/arm-gnu-toolchain/bin/../lib/gcc/arm-none-eabi/6.3.1/thumb/v7e-m\libgcc.a(_dvmd_tls.o)
                                                  c:/program files (x86)/atmel/studio/7.0/toolchain/arm/arm-gnu-toolchain/bin/../lib/gcc/arm-none-eabi/6.3.1/thumb/v7e-m\libgcc.a(_aeabi_uldivmod.o)
__aeabi_uldivmod                                  c:/program files (x86)/atmel/studio/7.0/toolchain/arm/arm-gnu-toolchain/bin/../lib/gcc/arm-none-eabi/6.3.1/thumb/v7e-m\libgcc.a(_aeabi_uldivmod.o)
                                                  src/ov2640.o
                                                  src/wifi.o
__atexit_recursive_mutex                          c:/program files (x86)/atmel/studio/7.0/toolchain/arm/arm-gnu-toolchain/bin/../lib/gcc/arm-none-eabi/6.3.1/../../../../arm-none-eabi/lib/thumb/v7e-m\libc.a(lib_a-__call_atexit.o)
                                                  c:/program files (x86)/atmel/studio/7.0/toolchain/arm/arm-gnu-toolchain/bin/../lib/gcc/arm-none-eabi/6.3.1/../../../../arm-none-eabi/lib/thumb/v7e-m\libc.a(lib_a-__atexit.o)
__bss_end__                                       c:/program files (x86)/atmel/studio/7.0/toolchain/arm/arm-gnu-toolchain/bin/../lib/gcc/arm-none-eabi/6.3.1/../../../../arm-none-eabi/lib/thumb/v7e-m/crt0.o
__bss_start__                                     c:/program files (x86)/atmel/studio/7.0/toolchain/arm/arm-gnu-toolchain/bin/../lib/gcc/arm-none-eabi/6.3.1/../../../../arm-none-eabi/lib/thumb/v7e-m/crt0.o
__call_exitprocs                                  c:/program files (x86)/atmel/studio/7.0/toolchain/arm/arm-gnu-toolchain/bin/../lib/gcc/arm-none-eabi/6.3.1/../../../../arm-none-eabi/lib/thumb/v7e-m\libc.a(lib_a-__call_atexit.o)
                                                  c:/program files (x86)/atmel/studio/7.0/toolchain/arm/arm-gnu-toolchain/bin/../lib/gcc/arm-none-eabi/6.3.1/../../../../arm-none-eabi/lib/thumb/v7e-m\libc.a(lib_a-exit.o)
__deregister_frame_info                           c:/program files (x86)/atmel/studio/7.0/toolchain/arm/arm-gnu-toolchain/bin/../lib/gcc/arm-none-eabi/6.3.1/thumb/v7e-m/crtbegin.o
__dso_handle                                      c:/program files (x86)/atmel/studio/7.0/toolchain/arm/arm-gnu-toolchain/bin/../lib/gcc/arm-none-eabi/6.3.1/thumb/v7e-m/crtbegin.o
__fini_array_end                                  c:/program files (x86)/atmel/studio/7.0/toolchain/arm/arm-gnu-toolchain/bin/../lib/gcc/arm-none-eabi/6.3.1/../../../../arm-none-eabi/lib/thumb/v7e-m\libc.a(lib_a-fini.o)
__fini_array_start                                c:/program files (x86)/atmel/studio/7.0/toolchain/arm/arm-gnu-toolchain/bin/../lib/gcc/arm-none-eabi/6.3.1/../../../../arm-none-eabi/lib/thumb/v7e-m\libc.a(lib_a-fini.o)
__init_array_end                                  c:/program files (x86)/atmel/studio/7.0/toolchain/arm/arm-gnu-toolchain/bin/../lib/gcc/arm-none-eabi/6.3.1/../../../../arm-none-eabi/lib/thumb/v7e-m\libc.a(lib_a-init.o)
__init_array_start                                c:/program files (x86)/atmel/studio/7.0/toolchain/arm/arm-gnu-toolchain/bin/../lib/gcc/arm-none-eabi/6.3.1/../../../../arm-none-eabi/lib/thumb/v7e-m\libc.a(lib_a-init.o)
__libc_fini                                       c:/program files (x86)/atmel/studio/7.0/toolchain/arm/arm-gnu-toolchain/bin/../lib/gcc/arm-none-eabi/6.3.1/../../../../arm-none-eabi/lib/thumb/v7e-m\libc.a(lib_a-__call_atexit.o)
__libc_fini_array                                 c:/program files (x86)/atmel/studio/7.0/toolchain/arm/arm-gnu-toolchain/bin/../lib/gcc/arm-none-eabi/6.3.1/../../../../arm-none-eabi/lib/thumb/v7e-m\libc.a(lib_a-fini.o)
                                                  c:/program files (x86)/atmel/studio/7.0/toolchain/arm/arm-gnu-toolchain/bin/../lib/gcc/arm-none-eabi/6.3.1/../../../../arm-none-eabi/lib/thumb/v7e-m\libc.a(lib_a-__call_atexit.o)
                                                  c:/program files (x86)/atmel/studio/7.0/toolchain/arm/arm-gnu-toolchain/bin/../lib/gcc/arm-none-eabi/6.3.1/../../../../arm-none-eabi/lib/thumb/v7e-m/crt0.o
__libc_init_array                                 c:/program files (x86)/atmel/studio/7.0/toolchain/arm/arm-gnu-toolchain/bin/../lib/gcc/arm-none-eabi/6.3.1/../../../../arm-none-eabi/lib/thumb/v7e-m\libc.a(lib_a-init.o)
                                                  src/ASF/sam/utils/cmsis/sam4s/source/templates/gcc/startup_sam4s.o
                                                  c:/program files (x86)/atmel/studio/7.0/toolchain/arm/arm-gnu-toolchain/bin/../lib/gcc/arm-none-eabi/6.3.1/../../../../arm-none-eabi/lib/thumb/v7e-m/crt0.o
__lock___arc4random_mutex                         c:/program files (x86)/atmel/studio/7.0/toolchain/arm/arm-gnu-toolchain/bin/../lib/gcc/arm-none-eabi/6.3.1/../../../../arm-none-eabi/lib/thumb/v7e-m\libc.a(lib_a-lock.o)
__lock___at_quick_exit_mutex                      c:/program files (x86)/atmel/studio/7.0/toolchain/arm/arm-gnu-toolchain/bin/../lib/gcc/arm-none-eabi/6.3.1/../../../../arm-none-eabi/lib/thumb/v7e-m\libc.a(lib_a-lock.o)
__lock___atexit_recursive_mutex                   c:/program files (x86)/atmel/studio/7.0/toolchain/arm/arm-gnu-toolchain/bin/../lib/gcc/arm-none-eabi/6.3.1/../../../../arm-none-eabi/lib/thumb/v7e-m\libc.a(lib_a-lock.o)
                                                  c:/program files (x86)/atmel/studio/7.0/toolchain/arm/arm-gnu-toolchain/bin/../lib/gcc/arm-none-eabi/6.3.1/../../../../arm-none-eabi/lib/thumb/v7e-m\libc.a(lib_a-__call_atexit.o)
__lock___dd_hash_mutex                            c:/program files (x86)/atmel/studio/7.0/toolchain/arm/arm-gnu-toolchain/bin/../lib/gcc/arm-none-eabi/6.3.1/../../../../arm-none-eabi/lib/thumb/v7e-m\libc.a(lib_a-lock.o)
__lock___env_recursive_mutex                      c:/program files (x86)/atmel/studio/7.0/toolchain/arm/arm-gnu-toolchain/bin/../lib/gcc/arm-none-eabi/6.3.1/../../../../arm-none-eabi/lib/thumb/v7e-m\libc.a(lib_a-lock.o)
__lock___malloc_recursive_mutex                   c:/program files (x86)/atmel/studio/7.0/toolchain/arm/arm-gnu-toolchain/bin/../lib/gcc/arm-none-eabi/6.3.1/../../../../arm-none-eabi/lib/thumb/v7e-m\libc.a(lib_a-lock.o)
__lock___sfp_recursive_mutex                      c:/program files (x86)/atmel/studio/7.0/toolchain/arm/arm-gnu-toolchain/bin/../lib/gcc/arm-none-eabi/6.3.1/../../../../arm-none-eabi/lib/thumb/v7e-m\libc.a(lib_a-lock.o)
__lock___sinit_recursive_mutex                    c:/program files (x86)/atmel/studio/7.0/toolchain/arm/arm-gnu-toolchain/bin/../lib/gcc/arm-none-eabi/6.3.1/../../../../arm-none-eabi/lib/thumb/v7e-m\libc.a(lib_a-lock.o)
__lock___tz_mutex                                 c:/program files (x86)/atmel/studio/7.0/toolchain/arm/arm-gnu-toolchain/bin/../lib/gcc/arm-none-eabi/6.3.1/../../../../arm-none-eabi/lib/thumb/v7e-m\libc.a(lib_a-lock.o)
__preinit_array_end                               c:/program files (x86)/atmel/studio/7.0/toolchain/arm/arm-gnu-toolchain/bin/../lib/gcc/arm-none-eabi/6.3.1/../../../../arm-none-eabi/lib/thumb/v7e-m\libc.a(lib_a-init.o)
__preinit_array_start                             c:/program files (x86)/atmel/studio/7.0/toolchain/arm/arm-gnu-toolchain/bin/../lib/gcc/arm-none-eabi/6.3.1/../../../../arm-none-eabi/lib/thumb/v7e-m\libc.a(lib_a-init.o)
__ram_end__                                       src/ASF/sam/utils/syscalls/gcc/syscalls.o
__register_exitproc                               c:/program files (x86)/atmel/studio/7.0/toolchain/arm/arm-gnu-toolchain/bin/../lib/gcc/arm-none-eabi/6.3.1/../../../../arm-none-eabi/lib/thumb/v7e-m\libc.a(lib_a-__atexit.o)
                                                  c:/program files (x86)/atmel/studio/7.0/toolchain/arm/arm-gnu-toolchain/bin/../lib/gcc/arm-none-eabi/6.3.1/../../../../arm-none-eabi/lib/thumb/v7e-m\libc.a(lib_a-atexit.o)
__register_frame_info                             c:/program files (x86)/atmel/studio/7.0/toolchain/arm/arm-gnu-toolchain/bin/../lib/gcc/arm-none-eabi/6.3.1/thumb/v7e-m/crtbegin.o
__retarget_lock_acquire                           c:/program files (x86)/atmel/studio/7.0/toolchain/arm/arm-gnu-toolchain/bin/../lib/gcc/arm-none-eabi/6.3.1/../../../../arm-none-eabi/lib/thumb/v7e-m\libc.a(lib_a-lock.o)
__retarget_lock_acquire_recursive                 c:/program files (x86)/atmel/studio/7.0/toolchain/arm/arm-gnu-toolchain/bin/../lib/gcc/arm-none-eabi/6.3.1/../../../../arm-none-eabi/lib/thumb/v7e-m\libc.a(lib_a-lock.o)
                                                  c:/program files (x86)/atmel/studio/7.0/toolchain/arm/arm-gnu-toolchain/bin/../lib/gcc/arm-none-eabi/6.3.1/../../../../arm-none-eabi/lib/thumb/v7e-m\libc.a(lib_a-__atexit.o)
                                                  c:/program files (x86)/atmel/studio/7.0/toolchain/arm/arm-gnu-toolchain/bin/../lib/gcc/arm-none-eabi/6.3.1/../../../../arm-none-eabi/lib/thumb/v7e-m\libc.a(lib_a-__call_atexit.o)
__retarget_lock_close                             c:/program files (x86)/atmel/studio/7.0/toolchain/arm/arm-gnu-toolchain/bin/../lib/gcc/arm-none-eabi/6.3.1/../../../../arm-none-eabi/lib/thumb/v7e-m\libc.a(lib_a-lock.o)
__retarget_lock_close_recursive                   c:/program files (x86)/atmel/studio/7.0/toolchain/arm/arm-gnu-toolchain/bin/../lib/gcc/arm-none-eabi/6.3.1/../../../../arm-none-eabi/lib/thumb/v7e-m\libc.a(lib_a-lock.o)
__retarget_lock_init                              c:/program files (x86)/atmel/studio/7.0/toolchain/arm/arm-gnu-toolchain/bin/../lib/gcc/arm-none-eabi/6.3.1/../../../../arm-none-eabi/lib/thumb/v7e-m\libc.a(lib_a-lock.o)
__retarget_lock_init_recursive                    c:/program files (x86)/atmel/studio/7.0/toolchain/arm/arm-gnu-toolchain/bin/../lib/gcc/arm-none-eabi/6.3.1/../../../../arm-none-eabi/lib/thumb/v7e-m\libc.a(lib_a-lock.o)
__retarget_lock_release                           c:/program files (x86)/atmel/studio/7.0/toolchain/arm/arm-gnu-toolchain/bin/../lib/gcc/arm-none-eabi/6.3.1/../../../../arm-none-eabi/lib/thumb/v7e-m\libc.a(lib_a-lock.o)
__retarget_lock_release_recursive                 c:/program files (x86)/atmel/studio/7.0/toolchain/arm/arm-gnu-toolchain/bin/../lib/gcc/arm-none-eabi/6.3.1/../../../../arm-none-eabi/lib/thumb/v7e-m\libc.a(lib_a-lock.o)
                                                  c:/program files (x86)/atmel/studio/7.0/toolchain/arm/arm-gnu-toolchain/bin/../lib/gcc/arm-none-eabi/6.3.1/../../../../arm-none-eabi/lib/thumb/v7e-m\libc.a(lib_a-__atexit.o)
                                                  c:/program files (x86)/atmel/studio/7.0/toolchain/arm/arm-gnu-toolchain/bin/../lib/gcc/arm-none-eabi/6.3.1/../../../../arm-none-eabi/lib/thumb/v7e-m\libc.a(lib_a-__call_atexit.o)
__retarget_lock_try_acquire                       c:/program files (x86)/atmel/studio/7.0/toolchain/arm/arm-gnu-toolchain/bin/../lib/gcc/arm-none-eabi/6.3.1/../../../../arm-none-eabi/lib/thumb/v7e-m\libc.a(lib_a-lock.o)
__retarget_lock_try_acquire_recursive             c:/program files (x86)/atmel/studio/7.0/toolchain/arm/arm-gnu-toolchain/bin/../lib/gcc/arm-none-eabi/6.3.1/../../../../arm-none-eabi/lib/thumb/v7e-m\libc.a(lib_a-lock.o)
__stack                                           c:/program files (x86)/atmel/studio/7.0/toolchain/arm/arm-gnu-toolchain/bin/../lib/gcc/arm-none-eabi/6.3.1/../../../../arm-none-eabi/lib/thumb/v7e-m/crt0.o
__udivmoddi4                                      c:/program files (x86)/atmel/studio/7.0/toolchain/arm/arm-gnu-toolchain/bin/../lib/gcc/arm-none-eabi/6.3.1/thumb/v7e-m\libgcc.a(_udivmoddi4.o)
                                                  c:/program files (x86)/atmel/studio/7.0/toolchain/arm/arm-gnu-toolchain/bin/../lib/gcc/arm-none-eabi/6.3.1/thumb/v7e-m\libgcc.a(_aeabi_uldivmod.o)
_close                                            src/ASF/sam/utils/syscalls/gcc/syscalls.o
_end                                              src/ASF/sam/utils/syscalls/gcc/syscalls.o
_erelocate                                        src/ASF/sam/utils/cmsis/sam4s/source/templates/gcc/startup_sam4s.o
_estack                                           src/ASF/sam/utils/cmsis/sam4s/source/templates/gcc/startup_sam4s.o
_etext                                            src/ASF/sam/utils/cmsis/sam4s/source/templates/gcc/startup_sam4s.o
_exit                                             src/ASF/sam/utils/syscalls/gcc/syscalls.o
                                                  c:/program files (x86)/atmel/studio/7.0/toolchain/arm/arm-gnu-toolchain/bin/../lib/gcc/arm-none-eabi/6.3.1/../../../../arm-none-eabi/lib/thumb/v7e-m\libc.a(lib_a-exit.o)
_ezero                                            src/ASF/sam/utils/cmsis/sam4s/source/templates/gcc/startup_sam4s.o
_fini                                             c:/program files (x86)/atmel/studio/7.0/toolchain/arm/arm-gnu-toolchain/bin/../lib/gcc/arm-none-eabi/6.3.1/thumb/v7e-m/crti.o
                                                  c:/program files (x86)/atmel/studio/7.0/toolchain/arm/arm-gnu-toolchain/bin/../lib/gcc/arm-none-eabi/6.3.1/../../../../arm-none-eabi/lib/thumb/v7e-m\libc.a(lib_a-fini.o)
_fstat                                            src/ASF/sam/utils/syscalls/gcc/syscalls.o
_getpid                                           src/ASF/sam/utils/syscalls/gcc/syscalls.o
_global_impure_ptr                                c:/program files (x86)/atmel/studio/7.0/toolchain/arm/arm-gnu-toolchain/bin/../lib/gcc/arm-none-eabi/6.3.1/../../../../arm-none-eabi/lib/thumb/v7e-m\libc.a(lib_a-impure.o)
                                                  c:/program files (x86)/atmel/studio/7.0/toolchain/arm/arm-gnu-toolchain/bin/../lib/gcc/arm-none-eabi/6.3.1/../../../../arm-none-eabi/lib/thumb/v7e-m\libc.a(lib_a-__atexit.o)
                                                  c:/program files (x86)/atmel/studio/7.0/toolchain/arm/arm-gnu-toolchain/bin/../lib/gcc/arm-none-eabi/6.3.1/../../../../arm-none-eabi/lib/thumb/v7e-m\libc.a(lib_a-__call_atexit.o)
                                                  c:/program files (x86)/atmel/studio/7.0/toolchain/arm/arm-gnu-toolchain/bin/../lib/gcc/arm-none-eabi/6.3.1/../../../../arm-none-eabi/lib/thumb/v7e-m\libc.a(lib_a-exit.o)
_impure_ptr                                       c:/program files (x86)/atmel/studio/7.0/toolchain/arm/arm-gnu-toolchain/bin/../lib/gcc/arm-none-eabi/6.3.1/../../../../arm-none-eabi/lib/thumb/v7e-m\libc.a(lib_a-impure.o)
_init                                             c:/program files (x86)/atmel/studio/7.0/toolchain/arm/arm-gnu-toolchain/bin/../lib/gcc/arm-none-eabi/6.3.1/thumb/v7e-m/crti.o
                                                  c:/program files (x86)/atmel/studio/7.0/toolchain/arm/arm-gnu-toolchain/bin/../lib/gcc/arm-none-eabi/6.3.1/../../../../arm-none-eabi/lib/thumb/v7e-m\libc.a(lib_a-init.o)
_isatty                                           src/ASF/sam/utils/syscalls/gcc/syscalls.o
_kill                                             src/ASF/sam/utils/syscalls/gcc/syscalls.o
_lseek                                            src/ASF/sam/utils/syscalls/gcc/syscalls.o
_mainCRTStartup                                   c:/program files (x86)/atmel/studio/7.0/toolchain/arm/arm-gnu-toolchain/bin/../lib/gcc/arm-none-eabi/6.3.1/../../../../arm-none-eabi/lib/thumb/v7e-m/crt0.o
_read                                             src/ASF/common/utils/stdio/read.o
_sbrk                                             src/ASF/sam/utils/syscalls/gcc/syscalls.o
_sfixed                                           src/ASF/sam/utils/cmsis/sam4s/source/templates/gcc/startup_sam4s.o
_srelocate                                        src/ASF/sam/utils/cmsis/sam4s/source/templates/gcc/startup_sam4s.o
_start                                            c:/program files (x86)/atmel/studio/7.0/toolchain/arm/arm-gnu-toolchain/bin/../lib/gcc/arm-none-eabi/6.3.1/../../../../arm-none-eabi/lib/thumb/v7e-m/crt0.o
_szero                                            src/ASF/sam/utils/cmsis/sam4s/source/templates/gcc/startup_sam4s.o
_write                                            src/ASF/common/utils/stdio/write.o
atexit                                            c:/program files (x86)/atmel/studio/7.0/toolchain/arm/arm-gnu-toolchain/bin/../lib/gcc/arm-none-eabi/6.3.1/../../../../arm-none-eabi/lib/thumb/v7e-m\libc.a(lib_a-atexit.o)
                                                  c:/program files (x86)/atmel/studio/7.0/toolchain/arm/arm-gnu-toolchain/bin/../lib/gcc/arm-none-eabi/6.3.1/../../../../arm-none-eabi/lib/thumb/v7e-m\libc.a(lib_a-__call_atexit.o)
                                                  c:/program files (x86)/atmel/studio/7.0/toolchain/arm/arm-gnu-toolchain/bin/../lib/gcc/arm-none-eabi/6.3.1/../../../../arm-none-eabi/lib/thumb/v7e-m/crt0.o
board_init                                        src/ASF/common/boards/user_board/init.o
                                                  src/main.o
button_flag                                       src/main.o
                                                  src/wifi.o
configure_camera                                  src/camera.o
configure_spi                                     src/wifi.o
                                                  src/main.o
configure_tc                                      src/timer_interface.o
                                                  src/main.o
configure_twi                                     src/camera.o
configure_usart                                   src/wifi.o
                                                  src/main.o
configure_usart_wifi                              src/wifi.o
                                                  src/main.o
configure_wifi_comm_pin                           src/wifi.o
                                                  src/main.o
configure_wifi_provision_pin                      src/wifi.o
counts                                            src/main.o
                                                  src/timer_interface.o
                                                  src/wifi.o
cpu_irq_enter_critical                            src/ASF/common/utils/interrupt/interrupt_sam_nvic.o
cpu_irq_leave_critical                            src/ASF/common/utils/interrupt/interrupt_sam_nvic.o
data_received_flag                                src/wifi.o
exception_table                                   src/ASF/sam/utils/cmsis/sam4s/source/templates/gcc/startup_sam4s.o
exit                                              c:/program files (x86)/atmel/studio/7.0/toolchain/arm/arm-gnu-toolchain/bin/../lib/gcc/arm-none-eabi/6.3.1/../../../../arm-none-eabi/lib/thumb/v7e-m\libc.a(lib_a-exit.o)
                                                  c:/program files (x86)/atmel/studio/7.0/toolchain/arm/arm-gnu-toolchain/bin/../lib/gcc/arm-none-eabi/6.3.1/../../../../arm-none-eabi/lib/thumb/v7e-m/crt0.o
find_image_len                                    src/camera.o
free                                              c:/program files (x86)/atmel/studio/7.0/toolchain/arm/arm-gnu-toolchain/bin/../lib/gcc/arm-none-eabi/6.3.1/../../../../arm-none-eabi/lib/thumb/v7e-m\libc.a(lib_a-__call_atexit.o)
g_interrupt_enabled                               src/ASF/common/utils/interrupt/interrupt_sam_nvic.o
                                                  src/ASF/sam/drivers/pmc/sleep.o
g_p_pdc                                           src/wifi.o
g_p_uc_cap_dest_buf                               src/main.o
                                                  src/camera.o
g_st_nextpacket                                   src/wifi.o
g_st_packet                                       src/wifi.o
g_ul_vsync_flag                                   src/camera.o
                                                  src/main.o
g_us_cap_line                                     src/camera.o
g_us_cap_rows                                     src/camera.o
hardware_init_hook                                c:/program files (x86)/atmel/studio/7.0/toolchain/arm/arm-gnu-toolchain/bin/../lib/gcc/arm-none-eabi/6.3.1/../../../../arm-none-eabi/lib/thumb/v7e-m/crt0.o
init_camera                                       src/camera.o
input_line_wifi                                   src/main.o
                                                  src/wifi.o
input_pos_wifi                                    src/wifi.o
                                                  src/main.o
link                                              src/ASF/sam/utils/syscalls/gcc/syscalls.o
main                                              src/main.o
                                                  src/ASF/sam/utils/cmsis/sam4s/source/templates/gcc/startup_sam4s.o
                                                  c:/program files (x86)/atmel/studio/7.0/toolchain/arm/arm-gnu-toolchain/bin/../lib/gcc/arm-none-eabi/6.3.1/../../../../arm-none-eabi/lib/thumb/v7e-m/crt0.o
malloc                                            c:/program files (x86)/atmel/studio/7.0/toolchain/arm/arm-gnu-toolchain/bin/../lib/gcc/arm-none-eabi/6.3.1/../../../../arm-none-eabi/lib/thumb/v7e-m\libc.a(lib_a-__atexit.o)
memchr                                            c:/program files (x86)/atmel/studio/7.0/toolchain/arm/arm-gnu-toolchain/bin/../lib/gcc/arm-none-eabi/6.3.1/../../../../arm-none-eabi/lib/thumb/v7e-m\libc.a(lib_a-memchr.o)
                                                  c:/program files (x86)/atmel/studio/7.0/toolchain/arm/arm-gnu-toolchain/bin/../lib/gcc/arm-none-eabi/6.3.1/../../../../arm-none-eabi/lib/thumb/v7e-m\libc.a(lib_a-strstr.o)
memcmp                                            c:/program files (x86)/atmel/studio/7.0/toolchain/arm/arm-gnu-toolchain/bin/../lib/gcc/arm-none-eabi/6.3.1/../../../../arm-none-eabi/lib/thumb/v7e-m\libc.a(lib_a-memcmp.o)
                                                  c:/program files (x86)/atmel/studio/7.0/toolchain/arm/arm-gnu-toolchain/bin/../lib/gcc/arm-none-eabi/6.3.1/../../../../arm-none-eabi/lib/thumb/v7e-m\libc.a(lib_a-strstr.o)
memset                                            c:/program files (x86)/atmel/studio/7.0/toolchain/arm/arm-gnu-toolchain/bin/../lib/gcc/arm-none-eabi/6.3.1/../../../../arm-none-eabi/lib/thumb/v7e-m\libc.a(lib_a-memset.o)
                                                  c:/program files (x86)/atmel/studio/7.0/toolchain/arm/arm-gnu-toolchain/bin/../lib/gcc/arm-none-eabi/6.3.1/../../../../arm-none-eabi/lib/thumb/v7e-m/crt0.o
new_rx_wifi                                       src/wifi.o
ov_configure                                      src/ov2640.o
                                                  src/camera.o
ov_configure_finish                               src/ov2640.o
ov_configure_manual                               src/ov2640.o
ov_dump_registers                                 src/ov2640.o
ov_init                                           src/ov2640.o
                                                  src/camera.o
ov_power                                          src/ov2640.o
ov_read_reg                                       src/ov2640.o
ov_reset                                          src/ov2640.o
ov_restore_manual                                 src/ov2640.o
ov_store_manual                                   src/ov2640.o
ov_write_reg                                      src/ov2640.o
ov_write_regs                                     src/ov2640.o
pdc_disable_transfer                              src/ASF/sam/drivers/pdc/pdc.o
pdc_enable_transfer                               src/ASF/sam/drivers/pdc/pdc.o
pdc_read_rx_counter                               src/ASF/sam/drivers/pdc/pdc.o
pdc_read_rx_next_counter                          src/ASF/sam/drivers/pdc/pdc.o
pdc_read_rx_next_ptr                              src/ASF/sam/drivers/pdc/pdc.o
pdc_read_rx_ptr                                   src/ASF/sam/drivers/pdc/pdc.o
pdc_read_status                                   src/ASF/sam/drivers/pdc/pdc.o
pdc_read_tx_counter                               src/ASF/sam/drivers/pdc/pdc.o
pdc_read_tx_next_counter                          src/ASF/sam/drivers/pdc/pdc.o
pdc_read_tx_next_ptr                              src/ASF/sam/drivers/pdc/pdc.o
pdc_read_tx_ptr                                   src/ASF/sam/drivers/pdc/pdc.o
pdc_rx_clear_cnt                                  src/ASF/sam/drivers/pdc/pdc.o
pdc_rx_init                                       src/ASF/sam/drivers/pdc/pdc.o
pdc_tx_init                                       src/ASF/sam/drivers/pdc/pdc.o
pio_capture_disable                               src/ASF/sam/drivers/pio/pio.o
                                                  src/camera.o
pio_capture_disable_interrupt                     src/ASF/sam/drivers/pio/pio.o
pio_capture_enable                                src/ASF/sam/drivers/pio/pio.o
                                                  src/camera.o
pio_capture_enable_flag                           src/ASF/sam/drivers/pio/pio.o
                                                  src/ASF/sam/drivers/pio/pio_handler.o
pio_capture_enable_interrupt                      src/ASF/sam/drivers/pio/pio.o
pio_capture_get_interrupt_mask                    src/ASF/sam/drivers/pio/pio.o
pio_capture_get_interrupt_status                  src/ASF/sam/drivers/pio/pio.o
pio_capture_get_pdc_base                          src/ASF/sam/drivers/pio/pio.o
pio_capture_handler_set                           src/ASF/sam/drivers/pio/pio_handler.o
pio_capture_read                                  src/ASF/sam/drivers/pio/pio.o
pio_capture_set_mode                              src/ASF/sam/drivers/pio/pio.o
pio_clear                                         src/ASF/sam/drivers/pio/pio.o
                                                  src/ov2640.o
pio_configure                                     src/ASF/sam/drivers/pio/pio.o
pio_configure_interrupt                           src/ASF/sam/drivers/pio/pio.o
                                                  src/ASF/sam/drivers/pio/pio_handler.o
pio_configure_pin                                 src/ASF/sam/drivers/pio/pio.o
                                                  src/wifi.o
                                                  src/camera.o
pio_configure_pin_group                           src/ASF/sam/drivers/pio/pio.o
pio_disable_interrupt                             src/ASF/sam/drivers/pio/pio.o
                                                  src/ASF/sam/drivers/pio/pio_handler.o
                                                  src/camera.o
pio_disable_output_write                          src/ASF/sam/drivers/pio/pio.o
pio_disable_pin_interrupt                         src/ASF/sam/drivers/pio/pio.o
pio_enable_interrupt                              src/ASF/sam/drivers/pio/pio.o
                                                  src/ASF/sam/drivers/pio/pio_handler.o
                                                  src/wifi.o
                                                  src/camera.o
pio_enable_output_write                           src/ASF/sam/drivers/pio/pio.o
pio_enable_pin_interrupt                          src/ASF/sam/drivers/pio/pio.o
pio_get                                           src/ASF/sam/drivers/pio/pio.o
pio_get_interrupt_mask                            src/ASF/sam/drivers/pio/pio.o
                                                  src/ASF/sam/drivers/pio/pio_handler.o
pio_get_interrupt_status                          src/ASF/sam/drivers/pio/pio.o
                                                  src/ASF/sam/drivers/pio/pio_handler.o
pio_get_multi_driver_status                       src/ASF/sam/drivers/pio/pio.o
pio_get_output_data_status                        src/ASF/sam/drivers/pio/pio.o
pio_get_output_write_status                       src/ASF/sam/drivers/pio/pio.o
pio_get_pin_group                                 src/ASF/sam/drivers/pio/pio.o
                                                  src/ASF/sam/drivers/pio/pio_handler.o
pio_get_pin_group_id                              src/ASF/sam/drivers/pio/pio.o
                                                  src/ASF/sam/drivers/pio/pio_handler.o
pio_get_pin_group_mask                            src/ASF/sam/drivers/pio/pio.o
                                                  src/ASF/sam/drivers/pio/pio_handler.o
pio_get_pin_value                                 src/ASF/sam/drivers/pio/pio.o
pio_get_schmitt_trigger                           src/ASF/sam/drivers/pio/pio.o
pio_get_writeprotect_status                       src/ASF/sam/drivers/pio/pio.o
pio_handler_process                               src/ASF/sam/drivers/pio/pio_handler.o
pio_handler_set                                   src/ASF/sam/drivers/pio/pio_handler.o
                                                  src/wifi.o
                                                  src/camera.o
pio_handler_set_pin                               src/ASF/sam/drivers/pio/pio_handler.o
pio_handler_set_priority                          src/ASF/sam/drivers/pio/pio_handler.o
pio_pull_down                                     src/ASF/sam/drivers/pio/pio.o
pio_pull_up                                       src/ASF/sam/drivers/pio/pio.o
pio_set                                           src/ASF/sam/drivers/pio/pio.o
                                                  src/ov2640.o
pio_set_additional_interrupt_mode                 src/ASF/sam/drivers/pio/pio.o
pio_set_debounce_filter                           src/ASF/sam/drivers/pio/pio.o
                                                  src/wifi.o
pio_set_input                                     src/ASF/sam/drivers/pio/pio.o
pio_set_multi_driver                              src/ASF/sam/drivers/pio/pio.o
pio_set_output                                    src/ASF/sam/drivers/pio/pio.o
pio_set_peripheral                                src/ASF/sam/drivers/pio/pio.o
pio_set_pin_group_high                            src/ASF/sam/drivers/pio/pio.o
pio_set_pin_group_low                             src/ASF/sam/drivers/pio/pio.o
pio_set_pin_high                                  src/ASF/sam/drivers/pio/pio.o
pio_set_pin_low                                   src/ASF/sam/drivers/pio/pio.o
pio_set_schmitt_trigger                           src/ASF/sam/drivers/pio/pio.o
pio_set_writeprotect                              src/ASF/sam/drivers/pio/pio.o
pio_sync_output_write                             src/ASF/sam/drivers/pio/pio.o
pio_toggle_pin                                    src/ASF/sam/drivers/pio/pio.o
pio_toggle_pin_group                              src/ASF/sam/drivers/pio/pio.o
pmc_clr_fast_startup_input                        src/ASF/sam/drivers/pmc/pmc.o
pmc_disable_all_pck                               src/ASF/sam/drivers/pmc/pmc.o
pmc_disable_all_periph_clk                        src/ASF/sam/drivers/pmc/pmc.o
pmc_disable_clock_failure_detector                src/ASF/sam/drivers/pmc/pmc.o
pmc_disable_interrupt                             src/ASF/sam/drivers/pmc/pmc.o
pmc_disable_pck                                   src/ASF/sam/drivers/pmc/pmc.o
pmc_disable_periph_clk                            src/ASF/sam/drivers/pmc/pmc.o
                                                  src/ASF/sam/drivers/spi/spi.o
pmc_disable_pllack                                src/ASF/sam/drivers/pmc/pmc.o
                                                  src/ASF/sam/drivers/pmc/sleep.o
                                                  src/ASF/common/services/clock/sam4s/sysclk.o
pmc_disable_pllbck                                src/ASF/sam/drivers/pmc/pmc.o
                                                  src/ASF/sam/drivers/pmc/sleep.o
                                                  src/ASF/common/services/clock/sam4s/sysclk.o
pmc_disable_udpck                                 src/ASF/sam/drivers/pmc/pmc.o
                                                  src/ASF/common/services/clock/sam4s/sysclk.o
pmc_enable_all_pck                                src/ASF/sam/drivers/pmc/pmc.o
pmc_enable_all_periph_clk                         src/ASF/sam/drivers/pmc/pmc.o
pmc_enable_backupmode                             src/ASF/sam/drivers/pmc/pmc.o
pmc_enable_clock_failure_detector                 src/ASF/sam/drivers/pmc/pmc.o
pmc_enable_interrupt                              src/ASF/sam/drivers/pmc/pmc.o
pmc_enable_pck                                    src/ASF/sam/drivers/pmc/pmc.o
pmc_enable_periph_clk                             src/ASF/sam/drivers/pmc/pmc.o
                                                  src/timer_interface.o
                                                  src/wifi.o
                                                  src/camera.o
                                                  src/ASF/sam/drivers/spi/spi.o
pmc_enable_pllack                                 src/ASF/sam/drivers/pmc/pmc.o
pmc_enable_pllbck                                 src/ASF/sam/drivers/pmc/pmc.o
pmc_enable_sleepmode                              src/ASF/sam/drivers/pmc/pmc.o